Component: ARM Compiler 5.06 update 6 (build 750) Tool: armlink [4d35ed]

==============================================================================

Section Cross References

    stm32f10x_it.o(i.EXTI9_5_IRQHandler) refers to stm32f10x_exti.o(i.EXTI_GetITStatus) for EXTI_GetITStatus
    stm32f10x_it.o(i.EXTI9_5_IRQHandler) refers to stm32f10x_gpio.o(i.GPIO_ReadInputDataBit) for GPIO_ReadInputDataBit
    stm32f10x_it.o(i.EXTI9_5_IRQHandler) refers to timers.o(i.xTimerPendFunctionCallFromISR) for xTimerPendFunctionCallFromISR
    stm32f10x_it.o(i.EXTI9_5_IRQHandler) refers to stm32f10x_exti.o(i.EXTI_ClearITPendingBit) for EXTI_ClearITPendingBit
    stm32f10x_it.o(i.EXTI9_5_IRQHandler) refers to rh_task.o(.data) for EGHandle_Hardware
    stm32f10x_it.o(i.EXTI9_5_IRQHandler) refers to event_groups.o(i.vEventGroupSetBitsCallback) for vEventGroupSetBitsCallback
    stm32f10x_it.o(i.EXTI9_5_IRQHandler) refers to main.o(.data) for message
    stm32f10x_it.o(i.SysTick_Handler) refers to port.o(i.xPortSysTickHandler) for xPortSysTickHandler
    delay.o(i.delay_init) refers to misc.o(i.SysTick_CLKSourceConfig) for SysTick_CLKSourceConfig
    delay.o(i.delay_init) refers to delay.o(.data) for fac_us
    delay.o(i.delay_ms) refers to delay.o(.data) for fac_ms
    delay.o(i.delay_us) refers to delay.o(.data) for fac_us
    main.o(i.main) refers to delay.o(i.delay_init) for delay_init
    main.o(i.main) refers to ssd1306.o(i.SSD1306_Init) for SSD1306_Init
    main.o(i.main) refers to joystick.o(i.JoyStick_Init) for JoyStick_Init
    main.o(i.main) refers to led.o(i.LED_Init) for LED_Init
    main.o(i.main) refers to beeper.o(i.BEEP_Init) for BEEP_Init
    main.o(i.main) refers to nrf24l01.o(i.NRF24L01_init) for NRF24L01_init
    main.o(i.main) refers to nrf24l01.o(i.NRF24L01_pd) for NRF24L01_pd
    main.o(i.main) refers to glu_api.o(i.GLU_API_init) for GLU_API_init
    main.o(i.main) refers to glu_glucoo.o(i.GLU_GUI_init) for GLU_GUI_init
    main.o(i.main) refers to rh_task.o(i.__Event_init) for __Event_init
    main.o(i.main) refers to rh_task.o(i.__Task_init) for __Task_init
    main.o(i.main) refers to tasks.o(i.vTaskStartScheduler) for vTaskStartScheduler
    glu_api.o(i.GLU_API_init) refers to ssd1306.o(i.SSD1306_API_DrawArea) for SSD1306_API_DrawArea
    glu_api.o(i.GLU_API_init) refers to glu_glucoo.o(.data) for GUI_API_DrawArea
    misc.o(i.NVIC_Init) refers to stm32f10x_it.o(i.assert_failed) for assert_failed
    misc.o(i.NVIC_PriorityGroupConfig) refers to stm32f10x_it.o(i.assert_failed) for assert_failed
    misc.o(i.NVIC_SetVectorTable) refers to stm32f10x_it.o(i.assert_failed) for assert_failed
    misc.o(i.NVIC_SystemLPConfig) refers to stm32f10x_it.o(i.assert_failed) for assert_failed
    misc.o(i.SysTick_CLKSourceConfig) refers to stm32f10x_it.o(i.assert_failed) for assert_failed
    stm32f10x_flash.o(i.FLASH_ClearFlag) refers to stm32f10x_it.o(i.assert_failed) for assert_failed
    stm32f10x_flash.o(i.FLASH_EnableWriteProtection) refers to stm32f10x_it.o(i.assert_failed) for assert_failed
    stm32f10x_flash.o(i.FLASH_EnableWriteProtection) refers to stm32f10x_flash.o(i.FLASH_WaitForLastOperation) for FLASH_WaitForLastOperation
    stm32f10x_flash.o(i.FLASH_EraseAllBank1Pages) refers to stm32f10x_flash.o(i.FLASH_WaitForLastBank1Operation) for FLASH_WaitForLastBank1Operation
    stm32f10x_flash.o(i.FLASH_EraseAllPages) refers to stm32f10x_flash.o(i.FLASH_WaitForLastOperation) for FLASH_WaitForLastOperation
    stm32f10x_flash.o(i.FLASH_EraseOptionBytes) refers to stm32f10x_flash.o(i.FLASH_GetReadOutProtectionStatus) for FLASH_GetReadOutProtectionStatus
    stm32f10x_flash.o(i.FLASH_EraseOptionBytes) refers to stm32f10x_flash.o(i.FLASH_WaitForLastOperation) for FLASH_WaitForLastOperation
    stm32f10x_flash.o(i.FLASH_ErasePage) refers to stm32f10x_it.o(i.assert_failed) for assert_failed
    stm32f10x_flash.o(i.FLASH_ErasePage) refers to stm32f10x_flash.o(i.FLASH_WaitForLastOperation) for FLASH_WaitForLastOperation
    stm32f10x_flash.o(i.FLASH_GetFlagStatus) refers to stm32f10x_it.o(i.assert_failed) for assert_failed
    stm32f10x_flash.o(i.FLASH_HalfCycleAccessCmd) refers to stm32f10x_it.o(i.assert_failed) for assert_failed
    stm32f10x_flash.o(i.FLASH_ITConfig) refers to stm32f10x_it.o(i.assert_failed) for assert_failed
    stm32f10x_flash.o(i.FLASH_PrefetchBufferCmd) refers to stm32f10x_it.o(i.assert_failed) for assert_failed
    stm32f10x_flash.o(i.FLASH_ProgramHalfWord) refers to stm32f10x_it.o(i.assert_failed) for assert_failed
    stm32f10x_flash.o(i.FLASH_ProgramHalfWord) refers to stm32f10x_flash.o(i.FLASH_WaitForLastOperation) for FLASH_WaitForLastOperation
    stm32f10x_flash.o(i.FLASH_ProgramOptionByteData) refers to stm32f10x_it.o(i.assert_failed) for assert_failed
    stm32f10x_flash.o(i.FLASH_ProgramOptionByteData) refers to stm32f10x_flash.o(i.FLASH_WaitForLastOperation) for FLASH_WaitForLastOperation
[...]
    NRF24L01_getRXAddr                       0x08005d69   Thumb Code   144  nrf24l01.o(i.NRF24L01_getRXAddr)
    NRF24L01_getTXAddr                       0x08005e0d   Thumb Code    32  nrf24l01.o(i.NRF24L01_getTXAddr)
    NRF24L01_init                            0x08005e41   Thumb Code    74  nrf24l01.o(i.NRF24L01_init)
    NRF24L01_pd                              0x08005ea5   Thumb Code    88  nrf24l01.o(i.NRF24L01_pd)
    NRF24L01_recv                            0x08005f05   Thumb Code    54  nrf24l01.o(i.NRF24L01_recv)
    NRF24L01_setFreq                         0x08005f3b   Thumb Code    20  nrf24l01.o(i.NRF24L01_setFreq)
    NRF24L01_setRXAddr                       0x08005f51   Thumb Code   178  nrf24l01.o(i.NRF24L01_setRXAddr)
    NRF24L01_setTXAddr                       0x0800601d   Thumb Code    50  nrf24l01.o(i.NRF24L01_setTXAddr)
    NRF24L01_wtCfg                           0x08006069   Thumb Code   378  nrf24l01.o(i.NRF24L01_wtCfg)
    NVIC_Init                                0x080061e9   Thumb Code   158  misc.o(i.NVIC_Init)
    NVIC_PriorityGroupConfig                 0x080062c9   Thumb Code    54  misc.o(i.NVIC_PriorityGroupConfig)
    RCC_AHBPeriphClockCmd                    0x0800633d   Thumb Code    74  stm32f10x_rcc.o(i.RCC_AHBPeriphClockCmd)
    RCC_APB1PeriphClockCmd                   0x080063c9   Thumb Code    70  stm32f10x_rcc.o(i.RCC_APB1PeriphClockCmd)
    RCC_APB1PeriphResetCmd                   0x08006455   Thumb Code    70  stm32f10x_rcc.o(i.RCC_APB1PeriphResetCmd)
    RCC_APB2PeriphClockCmd                   0x080064e1   Thumb Code    70  stm32f10x_rcc.o(i.RCC_APB2PeriphClockCmd)
    RCC_GetClocksFreq                        0x0800656d   Thumb Code   192  stm32f10x_rcc.o(i.RCC_GetClocksFreq)
    SMP_Proj_Manila_analyze                  0x08006641   Thumb Code  1202  manila.o(i.SMP_Proj_Manila_analyze)
    SMP_Proj_Manila_deinit                   0x08006afd   Thumb Code    18  manila.o(i.SMP_Proj_Manila_deinit)
    SMP_Proj_Manila_init                     0x08006b15   Thumb Code    94  manila.o(i.SMP_Proj_Manila_init)
    SMP_Proj_Manila_round                    0x08006ba5   Thumb Code     8  manila.o(i.SMP_Proj_Manila_round)
    SMP_delay_ms                             0x08006bb1   Thumb Code     2  smp_delay.o(i.SMP_delay_ms)
    SPI_Cmd                                  0x08006bb5   Thumb Code    78  stm32f10x_spi.o(i.SPI_Cmd)
    SPI_I2S_GetFlagStatus                    0x08006c4d   Thumb Code    98  stm32f10x_spi.o(i.SPI_I2S_GetFlagStatus)
    SPI_I2S_ReceiveData                      0x08006cf9   Thumb Code    38  stm32f10x_spi.o(i.SPI_I2S_ReceiveData)
    SPI_I2S_SendData                         0x08006d69   Thumb Code    40  stm32f10x_spi.o(i.SPI_I2S_SendData)
    SPI_Init                                 0x08006dd9   Thumb Code   328  stm32f10x_spi.o(i.SPI_Init)
    SSD1306_API_DrawArea                     0x08006f69   Thumb Code   216  ssd1306.o(i.SSD1306_API_DrawArea)
    SSD1306_Clean                            0x08007055   Thumb Code    52  ssd1306.o(i.SSD1306_Clean)
    SSD1306_Init                             0x08007089   Thumb Code   186  ssd1306.o(i.SSD1306_Init)
    SysTick_CLKSourceConfig                  0x0800722d   Thumb Code    62  misc.o(i.SysTick_CLKSourceConfig)
    SysTick_Handler                          0x080072a1   Thumb Code     8  stm32f10x_it.o(i.SysTick_Handler)
    SystemInit                               0x080072a9   Thumb Code    78  system_stm32f10x.o(i.SystemInit)
    UsageFault_Handler                       0x08007309   Thumb Code     4  stm32f10x_it.o(i.UsageFault_Handler)
    __ARM_fpclassify                         0x0800730d   Thumb Code    40  fpclassify.o(i.__ARM_fpclassify)
    __ARM_fpclassifyf                        0x08007335   Thumb Code    38  fpclassifyf.o(i.__ARM_fpclassifyf)
    __Event_init                             0x08007859   Thumb Code    56  rh_task.o(i.__Event_init)
    __Font_backup_config                     0x080078c1   Thumb Code    20  glu_font.o(i.__Font_backup_config)
    __Font_exportStr                         0x080078e1   Thumb Code   576  glu_font.o(i.__Font_exportStr)
    __Font_getStrSize                        0x08007b25   Thumb Code   128  glu_font.o(i.__Font_getStrSize)
    __Font_getWordNum                        0x08007ba9   Thumb Code    96  glu_font.o(i.__Font_getWordNum)
    __Font_init                              0x08007c0d   Thumb Code   186  glu_font.o(i.__Font_init)
    __Font_restore_config                    0x08007cd9   Thumb Code    62  glu_font.o(i.__Font_restore_config)
    __Font_setSize                           0x08007d25   Thumb Code   150  glu_font.o(i.__Font_setSize)
    __Font_setStyle                          0x08007dc5   Thumb Code   184  glu_font.o(i.__Font_setStyle)
    __Point_toCord2D                         0x08007e89   Thumb Code    54  blk_math.o(i.__Point_toCord2D)
    __TaskStatic_led_heart                   0x08007ebf   Thumb Code    46  rh_task.o(i.__TaskStatic_led_heart)
    __TaskStatic_main                        0x08007eed   Thumb Code  3846  rh_task.o(i.__TaskStatic_main)
    __TaskStatic_radio                       0x08008e15   Thumb Code   156  rh_task.o(i.__TaskStatic_radio)
    __Task_init                              0x08008edd   Thumb Code   126  rh_task.o(i.__Task_init)
    __mathlib_flt_infnan                     0x0800c661   Thumb Code     6  funder.o(i.__mathlib_flt_infnan)
    __mathlib_flt_infnan2                    0x0800c667   Thumb Code     4  funder.o(i.__mathlib_flt_infnan2)
    __mathlib_flt_invalid                    0x0800c66b   Thumb Code     8  funder.o(i.__mathlib_flt_invalid)
    __mathlib_flt_overflow                   0x0800c673   Thumb Code    10  funder.o(i.__mathlib_flt_overflow)
    __mathlib_flt_underflow                  0x0800c67d   Thumb Code    10  funder.o(i.__mathlib_flt_underflow)
    __mathlib_rredf2                         0x0800c689   Thumb Code   344  rredf.o(i.__mathlib_rredf2)
    __subtask_Default_CTRL                   0x0800c865   Thumb Code    54  rh_subtask.o(i.__subtask_Default_CTRL)
    __subtask_Default_UI                     0x0800c8a9   Thumb Code   154  rh_subtask.o(i.__subtask_Default_UI)
    __subtask_ROOT_CTRL                      0x0800c959   Thumb Code   214  rh_subtask.o(i.__subtask_ROOT_CTRL)
    __subtask_ROOT_Game_CTRL                 0x0800ca41   Thumb Code   234  rh_subtask.o(i.__subtask_ROOT_Game_CTRL)
    __subtask_ROOT_Game_Manila_CTRL          0x0800cb3d   Thumb Code   244  rh_subtask.o(i.__subtask_ROOT_Game_Manila_CTRL)
    __subtask_ROOT_Game_Manila_ShipDiagram_CTRL 0x0800cc41   Thumb Code   830  rh_subtask.o(i.__subtask_ROOT_Game_Manila_ShipDiagram_CTRL)
    __subtask_ROOT_Game_Manila_ShipDiagram_UI 0x0800cf95   Thumb Code   778  rh_subtask.o(i.__subtask_ROOT_Game_Manila_ShipDiagram_UI)
    __subtask_ROOT_Game_Manila_UI            0x0800d2b5   Thumb Code   312  rh_subtask.o(i.__subtask_ROOT_Game_Manila_UI)
    __subtask_ROOT_Game_UI                   0x0800d401   Thumb Code   280  rh_subtask.o(i.__subtask_ROOT_Game_UI)
    __subtask_ROOT_Hardware_Beeper_CTRL      0x0800d535   Thumb Code   130  rh_subtask.o(i.__subtask_ROOT_Hardware_Beeper_CTRL)
    __subtask_ROOT_Hardware_Beeper_UI        0x0800d5c9   Thumb Code   304  rh_subtask.o(i.__subtask_ROOT_Hardware_Beeper_UI)
    __subtask_ROOT_Hardware_CTRL             0x0800d709   Thumb Code   224  rh_subtask.o(i.__subtask_ROOT_Hardware_CTRL)
    __subtask_ROOT_Hardware_JoyStick_CTRL    0x0800d7f9   Thumb Code    36  rh_subtask.o(i.__subtask_ROOT_Hardware_JoyStick_CTRL)
    __subtask_ROOT_Hardware_JoyStick_UI      0x0800d825   Thumb Code   374  rh_subtask.o(i.__subtask_ROOT_Hardware_JoyStick_UI)
    __subtask_ROOT_Hardware_LED_CTRL         0x0800d9b5   Thumb Code   130  rh_subtask.o(i.__subtask_ROOT_Hardware_LED_CTRL)
    __subtask_ROOT_Hardware_LED_UI           0x0800da49   Thumb Code   304  rh_subtask.o(i.__subtask_ROOT_Hardware_LED_UI)
    __subtask_ROOT_Hardware_NRF24L01_CTRL    0x0800db89   Thumb Code   224  rh_subtask.o(i.__subtask_ROOT_Hardware_NRF24L01_CTRL)
    __subtask_ROOT_Hardware_NRF24L01_RFCH_CTRL 0x0800dc79   Thumb Code   280  rh_subtask.o(i.__subtask_ROOT_Hardware_NRF24L01_RFCH_CTRL)
    __subtask_ROOT_Hardware_NRF24L01_RFCH_UI 0x0800dda1   Thumb Code   284  rh_subtask.o(i.__subtask_ROOT_Hardware_NRF24L01_RFCH_UI)
    __subtask_ROOT_Hardware_NRF24L01_RecvCFG_Addr_CTRL 0x0800decd   Thumb Code   386  rh_subtask.o(i.__subtask_ROOT_Hardware_NRF24L01_RecvCFG_Addr_CTRL)
    __subtask_ROOT_Hardware_NRF24L01_RecvCFG_Addr_UI 0x0800e081   Thumb Code   506  rh_subtask.o(i.__subtask_ROOT_Hardware_NRF24L01_RecvCFG_Addr_UI)
    __subtask_ROOT_Hardware_NRF24L01_RecvCFG_CTRL 0x0800e289   Thumb Code   224  rh_subtask.o(i.__subtask_ROOT_Hardware_NRF24L01_RecvCFG_CTRL)
    __subtask_ROOT_Hardware_NRF24L01_RecvCFG_UI 0x0800e379   Thumb Code   284  rh_subtask.o(i.__subtask_ROOT_Hardware_NRF24L01_RecvCFG_UI)
    __subtask_ROOT_Hardware_NRF24L01_UI      0x0800e4bd   Thumb Code   292  rh_subtask.o(i.__subtask_ROOT_Hardware_NRF24L01_UI)
    __subtask_ROOT_Hardware_UI               0x0800e621   Thumb Code   296  rh_subtask.o(i.__subtask_ROOT_Hardware_UI)
    __subtask_ROOT_UI                        0x0800e791   Thumb Code   280  rh_subtask.o(i.__subtask_ROOT_UI)
    __subtask_radio_recv                     0x0800e8d9   Thumb Code    94  rh_subtask.o(i.__subtask_radio_recv)
    __subtask_radio_send                     0x0800e941   Thumb Code    10  rh_subtask.o(i.__subtask_radio_send)
    _is_digit                                0x0800eabd   Thumb Code    14  __printf_wp.o(i._is_digit)
    assert_failed                            0x0800eacb   Thumb Code     4  stm32f10x_it.o(i.assert_failed)
    atan2f                                   0x0800ead1   Thumb Code   528  atan2f.o(i.atan2f)
    cosf                                     0x0800ed2d   Thumb Code   328  cosf.o(i.cosf)
    delay_init                               0x0800eea9   Thumb Code    52  delay.o(i.delay_init)
    delay_ms                                 0x0800eee5   Thumb Code    72  delay.o(i.delay_ms)
    hypotf                                   0x0800ef31   Thumb Code   456  hypotf.o(i.hypotf)
    main                                     0x0800f0fd   Thumb Code    82  main.o(i.main)
    pvPortCalloc                             0x0800fbc3   Thumb Code    30  heap_4.o(i.pvPortCalloc)
    pvPortMalloc                             0x0800fbe1   Thumb Code   296  heap_4.o(i.pvPortMalloc)
    pxPortInitialiseStack                    0x0800fd51   Thumb Code    30  port.o(i.pxPortInitialiseStack)
    rhtt_GetCodepointBitmapBox               0x0800fd75   Thumb Code    56  glu_font.o(i.rhtt_GetCodepointBitmapBox)
    rhtt_GetCodepointHMetrics                0x0800fdd1   Thumb Code    66  glu_font.o(i.rhtt_GetCodepointHMetrics)
    rhtt_GetFontVMetrics                     0x0800fe39   Thumb Code    52  glu_font.o(i.rhtt_GetFontVMetrics)
    rhtt_InitFont                            0x0800fe91   Thumb Code    36  glu_font.o(i.rhtt_InitFont)
    rhtt_MakeCodepointBitmap                 0x0800fed9   Thumb Code   180  glu_font.o(i.rhtt_MakeCodepointBitmap)
    rhtt_ScaleForPixelHeight                 0x0800ffb1   Thumb Code    42  glu_font.o(i.rhtt_ScaleForPixelHeight)
    roundf                                   0x08010001   Thumb Code   114  roundf.o(i.roundf)
    sinf                                     0x08010075   Thumb Code   338  sinf.o(i.sinf)
    sqrtf                                    0x080101fd   Thumb Code    44  sqrtf.o(i.sqrtf)
    uxListRemove                             0x08010255   Thumb Code    40  list.o(i.uxListRemove)
    uxTaskResetEventItemValue                0x0801027d   Thumb Code    24  tasks.o(i.uxTaskResetEventItemValue)
    vApplicationGetIdleTaskMemory            0x08010299   Thumb Code    14  rh_task.o(i.vApplicationGetIdleTaskMemory)
    vApplicationGetTimerTaskMemory           0x080102b1   Thumb Code    14  rh_task.o(i.vApplicationGetTimerTaskMemory)
    vEventGroupSetBitsCallback               0x080102c9   Thumb Code    16  event_groups.o(i.vEventGroupSetBitsCallback)
    vListInitialise                          0x080102d9   Thumb Code    26  list.o(i.vListInitialise)
    vListInitialiseItem                      0x080102f3   Thumb Code     6  list.o(i.vListInitialiseItem)
    vListInsert                              0x080102f9   Thumb Code    52  list.o(i.vListInsert)
    vListInsertEnd                           0x0801032d   Thumb Code    24  list.o(i.vListInsertEnd)
    vPortEnterCritical                       0x08010345   Thumb Code    66  port.o(i.vPortEnterCritical)
    vPortExitCritical                        0x080103c5   Thumb Code    46  port.o(i.vPortExitCritical)
    vPortFree                                0x0801042d   Thumb Code   126  heap_4.o(i.vPortFree)
    vPortSetupTimerInterrupt                 0x080104e9   Thumb Code    36  port.o(i.vPortSetupTimerInterrupt)
    vPortValidateInterruptPriority           0x08010511   Thumb Code    82  port.o(i.vPortValidateInterruptPriority)
    vQueueAddToRegistry                      0x080105a5   Thumb Code    82  queue.o(i.vQueueAddToRegistry)
    vQueueWaitForMessageRestricted           0x0801061d   Thumb Code    74  queue.o(i.vQueueWaitForMessageRestricted)
    vTaskDelay                               0x08010669   Thumb Code    70  tasks.o(i.vTaskDelay)
    vTaskDelete                              0x080106d9   Thumb Code   190  tasks.o(i.vTaskDelete)
    vTaskInternalSetTimeOutState             0x080107e1   Thumb Code    14  tasks.o(i.vTaskInternalSetTimeOutState)
    vTaskMissedYield                         0x080107f9   Thumb Code     8  tasks.o(i.vTaskMissedYield)
    vTaskPlaceOnEventList                    0x08010805   Thumb Code    40  tasks.o(i.vTaskPlaceOnEventList)
    vTaskPlaceOnEventListRestricted          0x08010851   Thumb Code    48  tasks.o(i.vTaskPlaceOnEventListRestricted)
    vTaskPlaceOnUnorderedEventList           0x080108a5   Thumb Code    76  tasks.o(i.vTaskPlaceOnUnorderedEventList)
    vTaskRemoveFromUnorderedEventList        0x08010919   Thumb Code   118  tasks.o(i.vTaskRemoveFromUnorderedEventList)
    vTaskResume                              0x080109c5   Thumb Code   116  tasks.o(i.vTaskResume)
    vTaskStartScheduler                      0x08010a69   Thumb Code   148  tasks.o(i.vTaskStartScheduler)
    vTaskSuspend                             0x08010b3d   Thumb Code   212  tasks.o(i.vTaskSuspend)
    vTaskSuspendAll                          0x08010c51   Thumb Code    12  tasks.o(i.vTaskSuspendAll)
    vTaskSwitchContext                       0x08010c61   Thumb Code   108  tasks.o(i.vTaskSwitchContext)
    xEventGroupClearBits                     0x08010d01   Thumb Code    68  event_groups.o(i.xEventGroupClearBits)
    xEventGroupCreateStatic                  0x08010d6d   Thumb Code    62  event_groups.o(i.xEventGroupCreateStatic)
    xEventGroupGetBitsFromISR                0x08010dd5   Thumb Code    44  event_groups.o(i.xEventGroupGetBitsFromISR)
    xEventGroupSetBits                       0x08010e01   Thumb Code   182  event_groups.o(i.xEventGroupSetBits)
    xEventGroupWaitBits                      0x08010ee1   Thumb Code   290  event_groups.o(i.xEventGroupWaitBits)
    xPortStartScheduler                      0x08011031   Thumb Code   234  port.o(i.xPortStartScheduler)
    xPortSysTickHandler                      0x08011165   Thumb Code    46  port.o(i.xPortSysTickHandler)
    xQueueGenericCreateStatic                0x08011199   Thumb Code   164  queue.o(i.xQueueGenericCreateStatic)
    xQueueGenericReset                       0x0801125d   Thumb Code   134  queue.o(i.xQueueGenericReset)
    xQueueGenericSendFromISR                 0x08011309   Thumb Code   240  queue.o(i.xQueueGenericSendFromISR)
    xQueueReceive                            0x08011419   Thumb Code   320  queue.o(i.xQueueReceive)
    xTaskCheckForTimeOut                     0x0801157d   Thumb Code   112  tasks.o(i.xTaskCheckForTimeOut)
    xTaskCreate                              0x08011615   Thumb Code   100  tasks.o(i.xTaskCreate)
    xTaskCreateStatic                        0x08011679   Thumb Code   148  tasks.o(i.xTaskCreateStatic)
    xTaskDelayUntil                          0x0801172d   Thumb Code   166  tasks.o(i.xTaskDelayUntil)
    xTaskGetSchedulerState                   0x08011801   Thumb Code    24  tasks.o(i.xTaskGetSchedulerState)
    xTaskGetTickCount                        0x08011821   Thumb Code     6  tasks.o(i.xTaskGetTickCount)
    xTaskIncrementTick                       0x0801182d   Thumb Code   270  tasks.o(i.xTaskIncrementTick)
    xTaskRemoveFromEventList                 0x08011989   Thumb Code   116  tasks.o(i.xTaskRemoveFromEventList)
    xTaskResumeAll                           0x08011a35   Thumb Code   212  tasks.o(i.xTaskResumeAll)
    xTimerCreateTimerTask                    0x08011b4d   Thumb Code    88  timers.o(i.xTimerCreateTimerTask)
    xTimerPendFunctionCallFromISR            0x08011bd9   Thumb Code    48  timers.o(i.xTimerPendFunctionCallFromISR)
    _get_lc_ctype                            0x08011c0d   Thumb Code    44  lc_ctype_c.o(locale$$code)
    _get_lc_numeric                          0x08011c39   Thumb Code    44  lc_numeric_c.o(locale$$code)
    __aeabi_d2f                              0x08011c65   Thumb Code     0  d2f.o(x$fpl$d2f)
    _d2f                                     0x08011c65   Thumb Code    98  d2f.o(x$fpl$d2f)
    __aeabi_ddiv                             0x08011cc9   Thumb Code     0  ddiv.o(x$fpl$ddiv)
    _ddiv                                    0x08011cc9   Thumb Code   552  ddiv.o(x$fpl$ddiv)
    __aeabi_d2iz                             0x08011f79   Thumb Code     0  dfix.o(x$fpl$dfix)
    _dfix                                    0x08011f79   Thumb Code    94  dfix.o(x$fpl$dfix)
    __aeabi_ui2d                             0x08011fd7   Thumb Code     0  dflt_clz.o(x$fpl$dfltu)
    _dfltu                                   0x08011fd7   Thumb Code    38  dflt_clz.o(x$fpl$dfltu)
    __aeabi_dmul                             0x08011ffd   Thumb Code     0  dmul.o(x$fpl$dmul)
    _dmul                                    0x08011ffd   Thumb Code   332  dmul.o(x$fpl$dmul)
    __fpl_dnaninf                            0x08012151   Thumb Code   156  dnaninf.o(x$fpl$dnaninf)
    __fpl_dretinf                            0x080121ed   Thumb Code    12  dretinf.o(x$fpl$dretinf)
    __aeabi_f2d                              0x080121f9   Thumb Code     0  f2d.o(x$fpl$f2d)
    _f2d                                     0x080121f9   Thumb Code    86  f2d.o(x$fpl$f2d)
    __aeabi_fadd                             0x08012251   Thumb Code     0  faddsub_clz.o(x$fpl$fadd)
    _fadd                                    0x08012251   Thumb Code   196  faddsub_clz.o(x$fpl$fadd)
    __fpl_fcheck_NaN1                        0x08012315   Thumb Code     6  fcheck1.o(x$fpl$fcheck1)
    __fpl_fcmp_Inf                           0x08012321   Thumb Code    24  fcmpi.o(x$fpl$fcmpinf)
    __aeabi_fdiv                             0x08012339   Thumb Code     0  fdiv.o(x$fpl$fdiv)
    _fdiv                                    0x08012339   Thumb Code   384  fdiv.o(x$fpl$fdiv)
    __aeabi_f2iz                             0x080124bd   Thumb Code     0  ffix.o(x$fpl$ffix)
    _ffix                                    0x080124bd   Thumb Code    54  ffix.o(x$fpl$ffix)
    __aeabi_f2uiz                            0x080124f5   Thumb Code     0  ffixu.o(x$fpl$ffixu)
    _ffixu                                   0x080124f5   Thumb Code    62  ffixu.o(x$fpl$ffixu)
    __aeabi_i2f                              0x08012535   Thumb Code     0  fflt_clz.o(x$fpl$fflt)
    _fflt                                    0x08012535   Thumb Code    48  fflt_clz.o(x$fpl$fflt)
    __aeabi_ui2f                             0x08012565   Thumb Code     0  fflt_clz.o(x$fpl$ffltu)
    _ffltu                                   0x08012565   Thumb Code    38  fflt_clz.o(x$fpl$ffltu)
    __aeabi_cfcmple                          0x0801258d   Thumb Code     0  fleqf.o(x$fpl$fleqf)
    _fcmple                                  0x0801258d   Thumb Code   104  fleqf.o(x$fpl$fleqf)
    __fpl_fcmple_InfNaN                      0x080125df   Thumb Code     0  fleqf.o(x$fpl$fleqf)
    __aeabi_fmul                             0x080125f5   Thumb Code     0  fmul.o(x$fpl$fmul)
    _fmul                                    0x080125f5   Thumb Code   258  fmul.o(x$fpl$fmul)
    __fpl_fnaninf                            0x080126f7   Thumb Code   140  fnaninf.o(x$fpl$fnaninf)
    __fpl_fretinf                            0x08012783   Thumb Code    10  fretinf.o(x$fpl$fretinf)
    __aeabi_cfrcmple                         0x0801278d   Thumb Code     0  frleqf.o(x$fpl$frleqf)
    _frcmple                                 0x0801278d   Thumb Code    98  frleqf.o(x$fpl$frleqf)
    _frnd                                    0x080127f1   Thumb Code    96  frnd.o(x$fpl$frnd)
    __aeabi_frsub                            0x08012851   Thumb Code     0  faddsub_clz.o(x$fpl$frsb)
    _frsb                                    0x08012851   Thumb Code    20  faddsub_clz.o(x$fpl$frsb)
    _fsqrt                                   0x08012865   Thumb Code   272  fsqrt.o(x$fpl$fsqrt)
    __aeabi_fsub                             0x08012975   Thumb Code     0  faddsub_clz.o(x$fpl$fsub)
    _fsub                                    0x08012975   Thumb Code   234  faddsub_clz.o(x$fpl$fsub)
    _printf_fp_dec                           0x08012a5f   Thumb Code     4  printf1.o(x$fpl$printf1)
    __fpl_return_NaN                         0x08012a63   Thumb Code   100  retnan.o(x$fpl$retnan)
    __ARM_scalbnf                            0x08012ac7   Thumb Code    76  scalbnf.o(x$fpl$scalbnf)
    __fpl_cmpreturn                          0x08012b13   Thumb Code    48  trapv.o(x$fpl$trapveneer)
    __I$use$fp                               0x08012b42   Number         0  usenofp.o(x$fpl$usenofp)
    Font_BIT_ArialRoundedBold_size_8         0x08012e30   Data         768  glu_font_arialroundedbold.o(.constdata)
    Region$$Table$$Base                      0x080132fc   Number         0  anon$$obj.o(Region$$Table)
    Region$$Table$$Limit                     0x0801331c   Number         0  anon$$obj.o(Region$$Table)
    __ctype                                  0x08013329   Data           0  lc_ctype_c.o(locale$$data)
    message                                  0x20000004   Data           1  main.o(.data)
    SystemCoreClock                          0x2000001c   Data           4  system_stm32f10x.o(.data)
    AHBPrescTable                            0x20000020   Data          16  system_stm32f10x.o(.data)
    joystick_data                            0x20000030   Data           4  joystick.o(.data)
    GUI_API_DrawArea                         0x20000034   Data           4  glu_glucoo.o(.data)
    GUI_API_DrawPixel                        0x20000038   Data           4  glu_glucoo.o(.data)
    GUI_API_AssertParam                      0x2000003c   Data           4  glu_glucoo.o(.data)
    GUI_API_DelayMs                          0x20000040   Data           4  glu_glucoo.o(.data)
    info_MainScreen                          0x20000044   Data          12  glu_glucoo.o(.data)
    pxCurrentTCB                             0x20000070   Data           4  tasks.o(.data)
    uxTopUsedPriority                        0x200000a8   Data           4  tasks.o(.data)
    EGHandle_Hardware                        0x200000f0   Data           4  rh_task.o(.data)
    EGHandle_Software                        0x200000f4   Data           4  rh_task.o(.data)
    THandle_main                             0x200000f8   Data           4  rh_task.o(.data)
    THandle_led_heart                        0x200000fc   Data           4  rh_task.o(.data)
    THandle_radio_check                      0x20000100   Data           4  rh_task.o(.data)
    SmartPi                                  0x20000104   Data          32  rh_task.o(.data)
    Manila                                   0x20000154   Data           4  manila.o(.data)
    xQueueRegistry                           0x200006f4   Data          80  queue.o(.bss)
    EG_Hardware                              0x20002b38   Data          28  rh_task.o(.bss)
    EG_Software                              0x20002b54   Data          28  rh_task.o(.bss)
    __libspace_start                         0x20003b18   Data          96  libspace.o(.bss)
    __temporary_stack_top$libspace           0x20003b78   Data           0  libspace.o(.bss)



==============================================================================

Memory Map of the image

  Image Entry point : 0x08000131

  Load Region LR_IROM1 (Base: 0x08000000, Size: 0x000135a0, Max: 0x00020000, ABSOLUTE, COMPRESSED[0x000134a8])

    Execution Region ER_IROM1 (Exec base: 0x08000000, Load base: 0x08000000, Size: 0x00013448, Max: 0x00020000, ABSOLUTE)

    Exec Addr    Load Addr    Size         Type   Attr      Idx    E Section Name        Object

    0x08000000   0x08000000   0x00000130   Data   RO         3050    RESET               startup_stm32f10x_hd.o
    0x08000130   0x08000130   0x00000008   Code   RO         7562  * !!!main             c_w.l(__main.o)
    0x08000138   0x08000138   0x00000034   Code   RO         8261    !!!scatter          c_w.l(__scatter.o)
    0x0800016c   0x0800016c   0x0000005a   Code   RO         8259    !!dczerorl2         c_w.l(__dczerorl2.o)
    0x080001c6   0x080001c6   0x00000002   PAD
    0x080001c8   0x080001c8   0x0000001c   Code   RO         8263    !!handler_zi        c_w.l(__scatter_zi.o)
    0x080001e4   0x080001e4   0x00000000   Code   RO         7516    .ARM.Collect$$_printf_percent$$00000000  c_w.l(_printf_percent.o)
    0x080001e4   0x080001e4   0x00000006   Code   RO         7515    .ARM.Collect$$_printf_percent$$00000003  c_w.l(_printf_f.o)
    0x080001ea   0x080001ea   0x00000006   Code   RO         7513    .ARM.Collect$$_printf_percent$$00000009  c_w.l(_printf_d.o)
    0x080001f0   0x080001f0   0x00000004   Code   RO         7843    .ARM.Collect$$_printf_percent$$00000017  c_w.l(_printf_percent_end.o)
    0x080001f4   0x080001f4   0x00000002   Code   RO         8186    .ARM.Collect$$libinit$$00000000  c_w.l(libinit.o)
    0x080001f6   0x080001f6   0x00000000   Code   RO         7884    .ARM.Collect$$libinit$$00000002  c_w.l(libinit2.o)
    0x080001f6   0x080001f6   0x00000000   Code   RO         7886    .ARM.Collect$$libinit$$00000004  c_w.l(libinit2.o)
    0x080001f6   0x080001f6   0x00000000   Code   RO         7889    .ARM.Collect$$libinit$$0000000A  c_w.l(libinit2.o)
    0x080001f6   0x080001f6   0x00000000   Code   RO         7891    .ARM.Collect$$libinit$$0000000C  c_w.l(libinit2.o)
    0x080001f6   0x080001f6   0x00000000   Code   RO         7893    .ARM.Collect$$libinit$$0000000E  c_w.l(libinit2.o)
    0x080001f6   0x080001f6   0x00000006   Code   RO         7894    .ARM.Collect$$libinit$$0000000F  c_w.l(libinit2.o)
    0x080001fc   0x080001fc   0x00000000   Code   RO         7896    .ARM.Collect$$libinit$$00000011  c_w.l(libinit2.o)
    0x080001fc   0x080001fc   0x0000000c   Code   RO         7897    .ARM.Collect$$libinit$$00000012  c_w.l(libinit2.o)
    0x08000208   0x08000208   0x00000000   Code   RO         7898    .ARM.Collect$$libinit$$00000013  c_w.l(libinit2.o)
    0x08000208   0x08000208   0x00000000   Code   RO         7900    .ARM.Collect$$libinit$$00000015  c_w.l(libinit2.o)
    0x08000208   0x08000208   0x0000000a   Code   RO         7901    .ARM.Collect$$libinit$$00000016  c_w.l(libinit2.o)
    0x08000212   0x08000212   0x00000000   Code   RO         7902    .ARM.Collect$$libinit$$00000017  c_w.l(libinit2.o)
    0x08000212   0x08000212   0x00000000   Code   RO         7904    .ARM.Collect$$libinit$$00000019  c_w.l(libinit2.o)
    0x08000212   0x08000212   0x00000000   Code   RO         7906    .ARM.Collect$$libinit$$0000001B  c_w.l(libinit2.o)
    0x08000212   0x08000212   0x00000000   Code   RO         7908    .ARM.Collect$$libinit$$0000001D  c_w.l(libinit2.o)
    0x08000212   0x08000212   0x00000000   Code   RO         7910    .ARM.Collect$$libinit$$0000001F  c_w.l(libinit2.o)
    0x08000212   0x08000212   0x00000000   Code   RO         7912    .ARM.Collect$$libinit$$00000021  c_w.l(libinit2.o)
    0x08000212   0x08000212   0x00000000   Code   RO         7914    .ARM.Collect$$libinit$$00000023  c_w.l(libinit2.o)
    0x08000212   0x08000212   0x00000000   Code   RO         7916    .ARM.Collect$$libinit$$00000025  c_w.l(libinit2.o)
    0x08000212   0x08000212   0x00000000   Code   RO         7920    .ARM.Collect$$libinit$$0000002C  c_w.l(libinit2.o)
    0x08000212   0x08000212   0x00000000   Code   RO         7922    .ARM.Collect$$libinit$$0000002E  c_w.l(libinit2.o)
    0x08000212   0x08000212   0x00000000   Code   RO         7924    .ARM.Collect$$libinit$$00000030  c_w.l(libinit2.o)
    0x08000212   0x08000212   0x00000000   Code   RO         7926    .ARM.Collect$$libinit$$00000032  c_w.l(libinit2.o)
    0x08000212   0x08000212   0x00000002   Code   RO         7927    .ARM.Collect$$libinit$$00000033  c_w.l(libinit2.o)
    0x08000214   0x08000214   0x00000002   Code   RO         8256    .ARM.Collect$$libshutdown$$00000000  c_w.l(libshutdown.o)
    0x08000216   0x08000216   0x00000000   Code   RO         8188    .ARM.Collect$$libshutdown$$00000002  c_w.l(libshutdown2.o)
    0x08000216   0x08000216   0x00000000   Code   RO         8190    .ARM.Collect$$libshutdown$$00000004  c_w.l(libshutdown2.o)
    0x08000216   0x08000216   0x00000000   Code   RO         8193    .ARM.Collect$$libshutdown$$00000007  c_w.l(libshutdown2.o)
    0x08000216   0x08000216   0x00000000   Code   RO         8196    .ARM.Collect$$libshutdown$$0000000A  c_w.l(libshutdown2.o)
    0x08000216   0x08000216   0x00000000   Code   RO         8198    .ARM.Collect$$libshutdown$$0000000C  c_w.l(libshutdown2.o)
    0x08000216   0x08000216   0x00000000   Code   RO         8201    .ARM.Collect$$libshutdown$$0000000F  c_w.l(libshutdown2.o)
    0x08000216   0x08000216   0x00000002   Code   RO         8202    .ARM.Collect$$libshutdown$$00000010  c_w.l(libshutdown2.o)
    0x08000218   0x08000218   0x00000000   Code   RO         7749    .ARM.Collect$$rtentry$$00000000  c_w.l(__rtentry.o)
    0x08000218   0x08000218   0x00000000   Code   RO         8030    .ARM.Collect$$rtentry$$00000002  c_w.l(__rtentry2.o)
    0x08000218   0x08000218   0x00000006   Code   RO         8042    .ARM.Collect$$rtentry$$00000004  c_w.l(__rtentry4.o)
    0x0800021e   0x0800021e   0x00000000   Code   RO         8032    .ARM.Collect$$rtentry$$00000009  c_w.l(__rtentry2.o)
    0x0800021e   0x0800021e   0x00000004   Code   RO         8033    .ARM.Collect$$rtentry$$0000000A  c_w.l(__rtentry2.o)
    0x08000222   0x08000222   0x00000000   Code   RO         8035    .ARM.Collect$$rtentry$$0000000C  c_w.l(__rtentry2.o)
    0x08000222   0x08000222   0x00000008   Code   RO         8036    .ARM.Collect$$rtentry$$0000000D  c_w.l(__rtentry2.o)
    0x0800022a   0x0800022a   0x00000002   Code   RO         8207    .ARM.Collect$$rtexit$$00000000  c_w.l(rtexit.o)
    0x0800022c   0x0800022c   0x00000000   Code   RO         8232    .ARM.Collect$$rtexit$$00000002  c_w.l(rtexit2.o)
    0x0800022c   0x0800022c   0x00000004   Code   RO         8233    .ARM.Collect$$rtexit$$00000003  c_w.l(rtexit2.o)
    0x08000230   0x08000230   0x00000006   Code   RO         8234    .ARM.Collect$$rtexit$$00000004  c_w.l(rtexit2.o)
    0x08000236   0x08000236   0x00000002   PAD
    0x08000238   0x08000238   0x00000096   Code   RO         5819    .emb_text           port.o
    0x080002ce   0x080002ce   0x00000002   PAD
    0x080002d0   0x080002d0   0x00000040   Code   RO         3051    .text               startup_stm32f10x_hd.o
    0x08000310   0x08000310   0x00000010   Code   RO         7410    .text               c_w.l(rt_ctype_table.o)
    0x08000320   0x08000320   0x00000038   Code   RO         7480    .text               c_w.l(__2snprintf.o)
    0x08000358   0x08000358   0x00000078   Code   RO         7490    .text               c_w.l(_printf_dec.o)
    0x080003d0   0x080003d0   0x00000188   Code   RO         7509    .text               c_w.l(__printf_flags_ss_wp.o)
    0x08000558   0x08000558   0x00000048   Code   RO         7538    .text               c_w.l(strcpy.o)
    0x080005a0   0x080005a0   0x0000003e   Code   RO         7540    .text               c_w.l(strlen.o)
    0x080005de   0x080005de   0x0000008a   Code   RO         7542    .text               c_w.l(rt_memcpy_v6.o)
    0x08000668   0x08000668   0x00000084   Code   RO         7544    .text               c_w.l(rt_memmove_v6.o)
    0x080006ec   0x080006ec   0x00000064   Code   RO         7546    .text               c_w.l(rt_memcpy_w.o)
    0x08000750   0x08000750   0x0000007a   Code   RO         7548    .text               c_w.l(rt_memmove_w.o)
    0x080007ca   0x080007ca   0x00000016   Code   RO         7550    .text               c_w.l(memset.o)
    0x080007e0   0x080007e0   0x00000010   Code   RO         7552    .text               c_w.l(aeabi_memset.o)
    0x080007f0   0x080007f0   0x00000044   Code   RO         7554    .text               c_w.l(rt_memclr.o)
    0x08000834   0x08000834   0x0000004e   Code   RO         7556    .text               c_w.l(rt_memclr_w.o)
    0x08000882   0x08000882   0x00000056   Code   RO         7558    .text               c_w.l(strncpy.o)
    0x080008d8   0x080008d8   0x00000006   Code   RO         7560    .text               c_w.l(heapauxi.o)
    0x080008de   0x080008de   0x00000002   PAD
    0x080008e0   0x080008e0   0x00000008   Code   RO         7758    .text               c_w.l(rt_locale_intlibspace.o)
    0x080008e8   0x080008e8   0x00000016   Code   RO         7780    .text               c_w.l(_rserrno.o)
    0x080008fe   0x080008fe   0x000000b2   Code   RO         7786    .text               c_w.l(_printf_intcommon.o)
    0x080009b0   0x080009b0   0x0000041e   Code   RO         7790    .text               c_w.l(_printf_fp_dec.o)
    0x08000dce   0x08000dce   0x00000002   PAD
    0x08000dd0   0x08000dd0   0x00000030   Code   RO         7792    .text               c_w.l(_printf_char_common.o)
    0x08000e00   0x08000e00   0x0000000a   Code   RO         7794    .text               c_w.l(_sputc.o)
    0x08000e0a   0x08000e0a   0x00000010   Code   RO         7796    .text               c_w.l(_snputc.o)
    0x08000e1a   0x08000e1a   0x00000002   PAD
    0x08000e1c   0x08000e1c   0x00000008   Code   RO         8023    .text               c_w.l(libspace.o)
    0x08000e24   0x08000e24   0x00000002   Code   RO         8026    .text               c_w.l(use_no_semi.o)
    0x08000e26   0x08000e26   0x00000000   Code   RO         8028    .text               c_w.l(indicate_semi.o)
    0x08000e26   0x08000e26   0x00000002   PAD
    0x08000e28   0x08000e28   0x00000008   Code   RO         8047    .text               c_w.l(rt_errno_addr_intlibspace.o)
    0x08000e30   0x08000e30   0x0000008a   Code   RO         8057    .text               c_w.l(lludiv10.o)
    0x08000eba   0x08000eba   0x00000002   PAD
    0x08000ebc   0x08000ebc   0x00000080   Code   RO         8062    .text               c_w.l(_printf_fp_infnan.o)
    0x08000f3c   0x08000f3c   0x000000e4   Code   RO         8068    .text               c_w.l(bigflt0.o)
    0x08001020   0x08001020   0x00000080   Code   RO         8118    .text               c_w.l(strcmpv7m.o)
    0x080010a0   0x080010a0   0x0000004a   Code   RO         8137    .text               c_w.l(sys_stackheap_outer.o)
    0x080010ea   0x080010ea   0x00000012   Code   RO         8165    .text               c_w.l(exit.o)
    0x080010fc   0x080010fc   0x0000000c   Code   RO         8205    .text               c_w.l(sys_exit.o)
    0x08001108   0x08001108   0x0000003e   Code   RO         8071    CL$$btod_d2e        c_w.l(btod.o)
    0x08001146   0x08001146   0x00000046   Code   RO         8073    CL$$btod_d2e_denorm_low  c_w.l(btod.o)
    0x0800118c   0x0800118c   0x00000060   Code   RO         8072    CL$$btod_d2e_norm_op1  c_w.l(btod.o)
    0x080011ec   0x080011ec   0x00000338   Code   RO         8081    CL$$btod_div_common  c_w.l(btod.o)
    0x08001524   0x08001524   0x000000dc   Code   RO         8078    CL$$btod_e2e        c_w.l(btod.o)
    0x08001600   0x08001600   0x0000002a   Code   RO         8075    CL$$btod_ediv       c_w.l(btod.o)
    0x0800162a   0x0800162a   0x0000002a   Code   RO         8074    CL$$btod_emul       c_w.l(btod.o)
    0x08001654   0x08001654   0x00000244   Code   RO         8080    CL$$btod_mult_common  c_w.l(btod.o)
    0x08001898   0x08001898   0x00000094   Code   RO          931    i.ADC_Cmd           stm32f10x_adc.o
    0x0800192c   0x0800192c   0x0000008c   Code   RO          932    i.ADC_DMACmd        stm32f10x_adc.o
    0x080019b8   0x080019b8   0x00000080   Code   RO          939    i.ADC_GetCalibrationStatus  stm32f10x_adc.o
    0x08001a38   0x08001a38   0x00000080   Code   RO          945    i.ADC_GetResetCalibrationStatus  stm32f10x_adc.o
    0x08001ab8   0x08001ab8   0x000001d4   Code   RO          949    i.ADC_Init          stm32f10x_adc.o
    0x08001c8c   0x08001c8c   0x000001dc   Code   RO          953    i.ADC_RegularChannelConfig  stm32f10x_adc.o
    0x08001e68   0x08001e68   0x00000074   Code   RO          954    i.ADC_ResetCalibration  stm32f10x_adc.o
    0x08001edc   0x08001edc   0x00000094   Code   RO          956    i.ADC_SoftwareStartConvCmd  stm32f10x_adc.o
    0x08001f70   0x08001f70   0x00000074   Code   RO          958    i.ADC_StartCalibration  stm32f10x_adc.o
    0x08001fe4   0x08001fe4   0x00000008   Code   RO         3184    i.BEEP_Init         beeper.o
    0x08001fec   0x08001fec   0x00000020   Code   RO         3185    i.BEEP_Set          beeper.o
    0x0800200c   0x0800200c   0x00000014   Code   RO         7113    i.BLK_Bit_DECs      blk_lib.o
    0x08002020   0x08002020   0x00000020   Code   RO         6497    i.BLK_Graph_backupCache  blk_graphic.o
    0x08002040   0x08002040   0x00000270   Code   RO         6499    i.BLK_Graph_circle_fill  blk_graphic.o
    0x080022b0   0x080022b0   0x0000016c   Code   RO         6501    i.BLK_Graph_circle_qrt1_raw  blk_graphic.o
    0x0800241c   0x0800241c   0x0000016c   Code   RO         6503    i.BLK_Graph_circle_qrt2_raw  blk_graphic.o
    0x08002588   0x08002588   0x0000016c   Code   RO         6505    i.BLK_Graph_circle_qrt3_raw  blk_graphic.o
    0x080026f4   0x080026f4   0x00000174   Code   RO         6507    i.BLK_Graph_circle_qrt4_raw  blk_graphic.o
    0x08002868   0x08002868   0x0000024c   Code   RO         6508    i.BLK_Graph_circle_raw  blk_graphic.o
    0x08002ab4   0x08002ab4   0x00000028   Code   RO         6513    i.BLK_Graph_init    blk_graphic.o
    0x08002adc   0x08002adc   0x00000164   Code   RO         6516    i.BLK_Graph_line_raw  blk_graphic.o
    0x08002c40   0x08002c40   0x000002f8   Code   RO         6521    i.BLK_Graph_rect_fill  blk_graphic.o
    0x08002f38   0x08002f38   0x0000008c   Code   RO         6522    i.BLK_Graph_rect_raw  blk_graphic.o
    0x08002fc4   0x08002fc4   0x00000028   Code   RO         6524    i.BLK_Graph_restoreCache  blk_graphic.o
    0x08002fec   0x08002fec   0x0000027c   Code   RO         6525    i.BLK_Graph_sausage_fill  blk_graphic.o
    0x08003268   0x08003268   0x000001f4   Code   RO         6526    i.BLK_Graph_sausage_raw  blk_graphic.o
    0x0800345c   0x0800345c   0x00000018   Code   RO         6529    i.BLK_Graph_set_penColor  blk_graphic.o
    0x08003474   0x08003474   0x00000068   Code   RO         6955    i.BLK_Memory_grbArea  blk_lib.o
    0x080034dc   0x080034dc   0x00000048   Code   RO         6270    i.BLK_Stack_createBase  blk_data.o
    0x08003524   0x08003524   0x0000004c   Code   RO         6272    i.BLK_Stack_empty   blk_data.o
    0x08003570   0x08003570   0x00000064   Code   RO         6273    i.BLK_Stack_pop     blk_data.o
    0x080035d4   0x080035d4   0x00000060   Code   RO         6274    i.BLK_Stack_push    blk_data.o
    0x08003634   0x08003634   0x00000004   Code   RO            1    i.BusFault_Handler  stm32f10x_it.o
    0x08003638   0x08003638   0x000000dc   Code   RO         1230    i.DMA_Cmd           stm32f10x_dma.o
    0x08003714   0x08003714   0x000001f4   Code   RO         1231    i.DMA_DeInit        stm32f10x_dma.o
    0x08003908   0x08003908   0x000001c8   Code   RO         1236    i.DMA_Init          stm32f10x_dma.o
    0x08003ad0   0x08003ad0   0x00000002   Code   RO            2    i.DebugMon_Handler  stm32f10x_it.o
    0x08003ad2   0x08003ad2   0x00000002   PAD
    0x08003ad4   0x08003ad4   0x0000007c   Code   RO            3    i.EXTI9_5_IRQHandler  stm32f10x_it.o
    0x08003b50   0x08003b50   0x00000060   Code   RO         1304    i.EXTI_ClearITPendingBit  stm32f10x_exti.o
    0x08003bb0   0x08003bb0   0x000000dc   Code   RO         1308    i.EXTI_GetITStatus  stm32f10x_exti.o
    0x08003c8c   0x08003c8c   0x00000130   Code   RO         1309    i.EXTI_Init         stm32f10x_exti.o
    0x08003dbc   0x08003dbc   0x00000010   Code   RO          325    i.GLU_API_init      glu_api.o
    0x08003dcc   0x08003dcc   0x00000084   Code   RO         3544    i.GLU_GUI_addScreenArea  glu_glucoo.o
    0x08003e50   0x08003e50   0x00000078   Code   RO         3545    i.GLU_GUI_autoDisplay  glu_glucoo.o
    0x08003ec8   0x08003ec8   0x00000054   Code   RO         3546    i.GLU_GUI_init      glu_glucoo.o
    0x08003f1c   0x08003f1c   0x00000014   Code   RO         3623    i.GLU_GUI_isAutoDisplay  glu_glucoo.o
    0x08003f30   0x08003f30   0x00000098   Code   RO         3414    i.GLU_GUI_line_raw  glu_draw.o
    0x08003fc8   0x08003fc8   0x00000044   Code   RO         3547    i.GLU_GUI_refreashEntireScreen  glu_glucoo.o
    0x0800400c   0x0800400c   0x00000094   Code   RO         3548    i.GLU_GUI_refreashScreen  glu_glucoo.o
    0x080040a0   0x080040a0   0x000000a4   Code   RO         3549    i.GLU_GUI_refreashScreenArea  glu_glucoo.o
    0x08004144   0x08004144   0x0000000c   Code   RO         3550    i.GLU_GUI_setPenColor  glu_glucoo.o
    0x08004150   0x08004150   0x00000078   Code   RO         3659    i.GLU_Menu_create   glu_menu.o
    0x080041c8   0x080041c8   0x00000090   Code   RO         3660    i.GLU_Menu_delete   glu_menu.o
    0x08004258   0x08004258   0x0000007c   Code   RO         3661    i.GLU_Menu_frame    glu_menu.o
    0x080042d4   0x080042d4   0x000000e8   Code   RO         3662    i.GLU_Menu_insert   glu_menu.o
    0x080043bc   0x080043bc   0x0000008c   Code   RO         3663    i.GLU_Menu_scroll   glu_menu.o
    0x08004448   0x08004448   0x000000b8   Code   RO         3729    i.GLU_Object_adjust  glu_object.o
    0x08004500   0x08004500   0x00000260   Code   RO         3730    i.GLU_Object_create  glu_object.o
    0x08004760   0x08004760   0x00000098   Code   RO         3731    i.GLU_Object_delete  glu_object.o
    0x080047f8   0x080047f8   0x000000f0   Code   RO         3732    i.GLU_Object_frame  glu_object.o
    0x080048e8   0x080048e8   0x00000094   Code   RO         3733    i.GLU_Object_insert  glu_object.o
    0x0800497c   0x0800497c   0x000002dc   Code   RO         3734    i.GLU_Object_template  glu_object.o
    0x08004c58   0x08004c58   0x000000f4   Code   RO          614    i.GPIO_EXTILineConfig  stm32f10x_gpio.o
    0x08004d4c   0x08004d4c   0x000001d8   Code   RO          617    i.GPIO_Init         stm32f10x_gpio.o
    0x08004f24   0x08004f24   0x00000258   Code   RO          619    i.GPIO_PinRemapConfig  stm32f10x_gpio.o
    0x0800517c   0x0800517c   0x00000108   Code   RO          621    i.GPIO_ReadInputDataBit  stm32f10x_gpio.o
    0x08005284   0x08005284   0x000000b0   Code   RO          624    i.GPIO_ResetBits    stm32f10x_gpio.o
    0x08005334   0x08005334   0x000000b0   Code   RO          625    i.GPIO_SetBits      stm32f10x_gpio.o
    0x080053e4   0x080053e4   0x00000114   Code   RO          628    i.GPIO_WriteBit     stm32f10x_gpio.o
    0x080054f8   0x080054f8   0x00000002   Code   RO         3552    i.GUI_AsserParam    glu_glucoo.o
    0x080054fa   0x080054fa   0x00000012   Code   RO         3553    i.GUI_Delay         glu_glucoo.o
    0x0800550c   0x0800550c   0x00000006   Code   RO         3554    i.GUI_DrawArea      glu_glucoo.o
    0x08005512   0x08005512   0x00000002   Code   RO         3555    i.GUI_DummyDrawPixel  glu_glucoo.o
    0x08005514   0x08005514   0x00000004   Code   RO            4    i.HardFault_Handler  stm32f10x_it.o
    0x08005518   0x08005518   0x00000144   Code   RO         1483    i.I2C_CheckEvent    stm32f10x_i2c.o
    0x0800565c   0x0800565c   0x0000008c   Code   RO         1486    i.I2C_Cmd           stm32f10x_i2c.o
    0x080056e8   0x080056e8   0x0000008c   Code   RO         1489    i.I2C_DeInit        stm32f10x_i2c.o
    0x08005774   0x08005774   0x0000008c   Code   RO         1493    i.I2C_GenerateSTART  stm32f10x_i2c.o
    0x08005800   0x08005800   0x0000008c   Code   RO         1494    i.I2C_GenerateSTOP  stm32f10x_i2c.o
    0x0800588c   0x0800588c   0x00000144   Code   RO         1495    i.I2C_GetFlagStatus  stm32f10x_i2c.o
    0x080059d0   0x080059d0   0x000001d8   Code   RO         1500    i.I2C_Init          stm32f10x_i2c.o
    0x08005ba8   0x08005ba8   0x00000088   Code   RO         1506    i.I2C_Send7bitAddress  stm32f10x_i2c.o
    0x08005c30   0x08005c30   0x00000068   Code   RO         1507    i.I2C_SendData      stm32f10x_i2c.o
    0x08005c98   0x08005c98   0x0000002e   Code   RO         3118    i.JoyStick_Init     joystick.o
    0x08005cc6   0x08005cc6   0x00000008   Code   RO         3161    i.LED_Init          led.o
    0x08005cce   0x08005cce   0x00000002   PAD
    0x08005cd0   0x08005cd0   0x00000024   Code   RO         3162    i.LED_Set           led.o
    0x08005cf4   0x08005cf4   0x00000004   Code   RO            5    i.MemManage_Handler  stm32f10x_it.o
    0x08005cf8   0x08005cf8   0x00000002   Code   RO            6    i.NMI_Handler       stm32f10x_it.o
    0x08005cfa   0x08005cfa   0x00000002   PAD
    0x08005cfc   0x08005cfc   0x00000060   Code   RO         3211    i.NRF24L01_exist    nrf24l01.o
    0x08005d5c   0x08005d5c   0x0000000a   Code   RO         3212    i.NRF24L01_getFreq  nrf24l01.o
    0x08005d66   0x08005d66   0x00000002   PAD
    0x08005d68   0x08005d68   0x000000a4   Code   RO         3213    i.NRF24L01_getRXAddr  nrf24l01.o
    0x08005e0c   0x08005e0c   0x00000034   Code   RO         3214    i.NRF24L01_getTXAddr  nrf24l01.o
    0x08005e40   0x08005e40   0x00000064   Code   RO         3216    i.NRF24L01_init     nrf24l01.o
    0x08005ea4   0x08005ea4   0x00000060   Code   RO         3217    i.NRF24L01_pd       nrf24l01.o
    0x08005f04   0x08005f04   0x00000036   Code   RO         3219    i.NRF24L01_recv     nrf24l01.o
    0x08005f3a   0x08005f3a   0x00000014   Code   RO         3222    i.NRF24L01_setFreq  nrf24l01.o
    0x08005f4e   0x08005f4e   0x00000002   PAD
    0x08005f50   0x08005f50   0x000000cc   Code   RO         3223    i.NRF24L01_setRXAddr  nrf24l01.o
    0x0800601c   0x0800601c   0x0000004c   Code   RO         3224    i.NRF24L01_setTXAddr  nrf24l01.o
    0x08006068   0x08006068   0x00000180   Code   RO         3226    i.NRF24L01_wtCfg    nrf24l01.o
    0x080061e8   0x080061e8   0x000000e0   Code   RO          398    i.NVIC_Init         misc.o
    0x080062c8   0x080062c8   0x00000074   Code   RO          399    i.NVIC_PriorityGroupConfig  misc.o
    0x0800633c   0x0800633c   0x0000008c   Code   RO          726    i.RCC_AHBPeriphClockCmd  stm32f10x_rcc.o
    0x080063c8   0x080063c8   0x0000008c   Code   RO          727    i.RCC_APB1PeriphClockCmd  stm32f10x_rcc.o
    0x08006454   0x08006454   0x0000008c   Code   RO          728    i.RCC_APB1PeriphResetCmd  stm32f10x_rcc.o
    0x080064e0   0x080064e0   0x0000008c   Code   RO          729    i.RCC_APB2PeriphClockCmd  stm32f10x_rcc.o
    0x0800656c   0x0800656c   0x000000d4   Code   RO          737    i.RCC_GetClocksFreq  stm32f10x_rcc.o
    0x08006640   0x08006640   0x000004bc   Code   RO         7361    i.SMP_Proj_Manila_analyze  manila.o
    0x08006afc   0x08006afc   0x00000018   Code   RO         7362    i.SMP_Proj_Manila_deinit  manila.o
    0x08006b14   0x08006b14   0x00000090   Code   RO         7363    i.SMP_Proj_Manila_init  manila.o
    0x08006ba4   0x08006ba4   0x0000000c   Code   RO         7364    i.SMP_Proj_Manila_round  manila.o
    0x08006bb0   0x08006bb0   0x00000002   Code   RO         6229    i.SMP_delay_ms      smp_delay.o
    0x08006bb2   0x08006bb2   0x00000002   PAD
    0x08006bb4   0x08006bb4   0x00000098   Code   RO         2864    i.SPI_Cmd           stm32f10x_spi.o
    0x08006c4c   0x08006c4c   0x000000ac   Code   RO         2872    i.SPI_I2S_GetFlagStatus  stm32f10x_spi.o
    0x08006cf8   0x08006cf8   0x00000070   Code   RO         2875    i.SPI_I2S_ReceiveData  stm32f10x_spi.o
    0x08006d68   0x08006d68   0x00000070   Code   RO         2876    i.SPI_I2S_SendData  stm32f10x_spi.o
    0x08006dd8   0x08006dd8   0x00000190   Code   RO         2877    i.SPI_Init          stm32f10x_spi.o
    0x08006f68   0x08006f68   0x000000ec   Code   RO         3055    i.SSD1306_API_DrawArea  ssd1306.o
    0x08007054   0x08007054   0x00000034   Code   RO         3057    i.SSD1306_Clean     ssd1306.o
    0x08007088   0x08007088   0x000000ba   Code   RO         3059    i.SSD1306_Init      ssd1306.o
    0x08007142   0x08007142   0x00000008   Code   RO         3014    i.SetSysClock       system_stm32f10x.o
    0x0800714a   0x0800714a   0x00000002   PAD
    0x0800714c   0x0800714c   0x000000e0   Code   RO         3015    i.SetSysClockTo72   system_stm32f10x.o
    0x0800722c   0x0800722c   0x00000074   Code   RO          402    i.SysTick_CLKSourceConfig  misc.o
    0x080072a0   0x080072a0   0x00000008   Code   RO            7    i.SysTick_Handler   stm32f10x_it.o
    0x080072a8   0x080072a8   0x00000060   Code   RO         3017    i.SystemInit        system_stm32f10x.o
    0x08007308   0x08007308   0x00000004   Code   RO            8    i.UsageFault_Handler  stm32f10x_it.o
    0x0800730c   0x0800730c   0x00000028   Code   RO         7978    i.__ARM_fpclassify  m_ws.l(fpclassify.o)
    0x08007334   0x08007334   0x00000026   Code   RO         7980    i.__ARM_fpclassifyf  m_ws.l(fpclassifyf.o)
    0x0800735a   0x0800735a   0x00000002   PAD
    0x0800735c   0x0800735c   0x00000058   Code   RO         6531    i.__ApplyPixel_cpblur  blk_graphic.o
    0x080073b4   0x080073b4   0x000000e0   Code   RO         6532    i.__ApplyPixel_eor  blk_graphic.o
    0x08007494   0x08007494   0x000000b8   Code   RO         6533    i.__ApplyPixel_fill  blk_graphic.o
    0x0800754c   0x0800754c   0x00000080   Code   RO         6534    i.__ApplyPixel_lightness  blk_graphic.o
    0x080075cc   0x080075cc   0x00000094   Code   RO         6535    i.__ApplyPixel_mark  blk_graphic.o
    0x08007660   0x08007660   0x000000e4   Code   RO         6536    i.__ApplyPixel_reverse  blk_graphic.o
    0x08007744   0x08007744   0x00000094   Code   RO         6537    i.__ApplyPixel_unmark  blk_graphic.o
    0x080077d8   0x080077d8   0x00000080   Code   RO         6538    i.__ApplyPixel_unzero  blk_graphic.o
    0x08007858   0x08007858   0x00000068   Code   RO         5957    i.__Event_init      rh_task.o
    0x080078c0   0x080078c0   0x00000020   Code   RO         3994    i.__Font_backup_config  glu_font.o
    0x080078e0   0x080078e0   0x00000244   Code   RO         3996    i.__Font_exportStr  glu_font.o
    0x08007b24   0x08007b24   0x00000084   Code   RO         4000    i.__Font_getStrSize  glu_font.o
    0x08007ba8   0x08007ba8   0x00000064   Code   RO         4002    i.__Font_getWordNum  glu_font.o
    0x08007c0c   0x08007c0c   0x000000cc   Code   RO         4003    i.__Font_init       glu_font.o
    0x08007cd8   0x08007cd8   0x0000004c   Code   RO         4004    i.__Font_restore_config  glu_font.o
    0x08007d24   0x08007d24   0x000000a0   Code   RO         4005    i.__Font_setSize    glu_font.o
    0x08007dc4   0x08007dc4   0x000000c4   Code   RO         4006    i.__Font_setStyle   glu_font.o
    0x08007e88   0x08007e88   0x00000036   Code   RO         7154    i.__Point_toCord2D  blk_math.o
    0x08007ebe   0x08007ebe   0x0000002e   Code   RO         5958    i.__TaskStatic_led_heart  rh_task.o
    0x08007eec   0x08007eec   0x00000f28   Code   RO         5959    i.__TaskStatic_main  rh_task.o
    0x08008e14   0x08008e14   0x000000c8   Code   RO         5960    i.__TaskStatic_radio  rh_task.o
    0x08008edc   0x08008edc   0x000000fc   Code   RO         5961    i.__Task_init       rh_task.o
    0x08008fd8   0x08008fd8   0x00000088   Code   RO         3119    i.__configADC       joystick.o
    0x08009060   0x08009060   0x00000058   Code   RO         3120    i.__configDMA       joystick.o
    0x080090b8   0x080090b8   0x00000020   Code   RO         3121    i.__configEXTI      joystick.o
    0x080090d8   0x080090d8   0x00000050   Code   RO         3122    i.__configGPIO      joystick.o
    0x08009128   0x08009128   0x00000038   Code   RO         3163    i.__configGPIO      led.o
    0x08009160   0x08009160   0x00000034   Code   RO         3186    i.__configGPIO      beeper.o
    0x08009194   0x08009194   0x00000074   Code   RO         3227    i.__configGPIO      nrf24l01.o
    0x08009208   0x08009208   0x00000058   Code   RO         3061    i.__configI2C       ssd1306.o
    0x08009260   0x08009260   0x00000042   Code   RO         3228    i.__configIRQ       nrf24l01.o
    0x080092a2   0x080092a2   0x00000026   Code   RO         3123    i.__configNVIC      joystick.o
    0x080092c8   0x080092c8   0x00000054   Code   RO         3229    i.__configSPI       nrf24l01.o
    0x0800931c   0x0800931c   0x000000a8   Code   RO         7366    i.__dice_cnt        manila.o
    0x080093c4   0x080093c4   0x0000000c   Code   RO         3735    i.__gui_adjust_object_bar_h  glu_object.o
    0x080093d0   0x080093d0   0x0000000c   Code   RO         3736    i.__gui_adjust_object_bar_v  glu_object.o
    0x080093dc   0x080093dc   0x0000000c   Code   RO         3737    i.__gui_adjust_object_fnum  glu_object.o
    0x080093e8   0x080093e8   0x0000000c   Code   RO         3738    i.__gui_adjust_object_joystick  glu_object.o
    0x080093f4   0x080093f4   0x0000000c   Code   RO         3739    i.__gui_adjust_object_num  glu_object.o
    0x08009400   0x08009400   0x0000000c   Code   RO         3740    i.__gui_adjust_object_spinbox  glu_object.o
    0x0800940c   0x0800940c   0x0000000c   Code   RO         3741    i.__gui_adjust_object_switch  glu_object.o
    0x08009418   0x08009418   0x00000012   Code   RO         3742    i.__gui_adjust_object_text  glu_object.o
    0x0800942a   0x0800942a   0x0000000c   Code   RO         3743    i.__gui_adjust_object_trunk  glu_object.o
    0x08009436   0x08009436   0x00000002   PAD
    0x08009438   0x08009438   0x00000098   Code   RO         3744    i.__gui_check_object  glu_object.o
    0x080094d0   0x080094d0   0x000002c4   Code   RO         3664    i.__gui_insert_menu_bar  glu_menu.o
    0x08009794   0x08009794   0x000001ac   Code   RO         3665    i.__gui_insert_menu_title  glu_menu.o
    0x08009940   0x08009940   0x00000130   Code   RO         3745    i.__gui_insert_object_bar_h  glu_object.o
    0x08009a70   0x08009a70   0x0000013c   Code   RO         3746    i.__gui_insert_object_bar_v  glu_object.o
    0x08009bac   0x08009bac   0x0000030c   Code   RO         3747    i.__gui_insert_object_fnum  glu_object.o
    0x08009eb8   0x08009eb8   0x000002fc   Code   RO         3748    i.__gui_insert_object_joystick  glu_object.o
    0x0800a1b4   0x0800a1b4   0x000002e8   Code   RO         3749    i.__gui_insert_object_num  glu_object.o
    0x0800a49c   0x0800a49c   0x00000558   Code   RO         3750    i.__gui_insert_object_spinbox  glu_object.o
    0x0800a9f4   0x0800a9f4   0x000001b0   Code   RO         3751    i.__gui_insert_object_switch  glu_object.o
    0x0800aba4   0x0800aba4   0x00000318   Code   RO         3752    i.__gui_insert_object_text  glu_object.o
    0x0800aebc   0x0800aebc   0x000002ec   Code   RO         3753    i.__gui_insert_object_trunk  glu_object.o
    0x0800b1a8   0x0800b1a8   0x00000118   Code   RO         3754    i.__gui_remove_object_bar_h  glu_object.o
    0x0800b2c0   0x0800b2c0   0x00000124   Code   RO         3755    i.__gui_remove_object_bar_v  glu_object.o
    0x0800b3e4   0x0800b3e4   0x0000000c   Code   RO         3756    i.__gui_remove_object_fnum  glu_object.o
    0x0800b3f0   0x0800b3f0   0x0000006c   Code   RO         3757    i.__gui_remove_object_joystick  glu_object.o
    0x0800b45c   0x0800b45c   0x0000000c   Code   RO         3758    i.__gui_remove_object_num  glu_object.o
    0x0800b468   0x0800b468   0x000001d0   Code   RO         3759    i.__gui_remove_object_spinbox  glu_object.o
    0x0800b638   0x0800b638   0x00000118   Code   RO         3760    i.__gui_remove_object_switch  glu_object.o
    0x0800b750   0x0800b750   0x00000164   Code   RO         3761    i.__gui_remove_object_text  glu_object.o
    0x0800b8b4   0x0800b8b4   0x00000118   Code   RO         3762    i.__gui_remove_object_trunk  glu_object.o
    0x0800b9cc   0x0800b9cc   0x00000684   Code   RO         3666    i.__gui_scroll_menu_down  glu_menu.o
    0x0800c050   0x0800c050   0x00000610   Code   RO         3667    i.__gui_scroll_menu_up  glu_menu.o
    0x0800c660   0x0800c660   0x00000006   Code   RO         7983    i.__mathlib_flt_infnan  m_ws.l(funder.o)
    0x0800c666   0x0800c666   0x00000004   Code   RO         7984    i.__mathlib_flt_infnan2  m_ws.l(funder.o)
    0x0800c66a   0x0800c66a   0x00000008   Code   RO         7985    i.__mathlib_flt_invalid  m_ws.l(funder.o)
    0x0800c672   0x0800c672   0x0000000a   Code   RO         7986    i.__mathlib_flt_overflow  m_ws.l(funder.o)
    0x0800c67c   0x0800c67c   0x0000000a   Code   RO         7988    i.__mathlib_flt_underflow  m_ws.l(funder.o)
    0x0800c686   0x0800c686   0x00000002   PAD
    0x0800c688   0x0800c688   0x00000168   Code   RO         8004    i.__mathlib_rredf2  m_ws.l(rredf.o)
    0x0800c7f0   0x0800c7f0   0x00000044   Code   RO         3230    i.__readBuf         nrf24l01.o
    0x0800c834   0x0800c834   0x00000030   Code   RO         3231    i.__readReg         nrf24l01.o
    0x0800c864   0x0800c864   0x00000044   Code   RO         6020    i.__subtask_Default_CTRL  rh_subtask.o
    0x0800c8a8   0x0800c8a8   0x000000b0   Code   RO         6021    i.__subtask_Default_UI  rh_subtask.o
    0x0800c958   0x0800c958   0x000000e8   Code   RO         6022    i.__subtask_ROOT_CTRL  rh_subtask.o
    0x0800ca40   0x0800ca40   0x000000fc   Code   RO         6023    i.__subtask_ROOT_Game_CTRL  rh_subtask.o
    0x0800cb3c   0x0800cb3c   0x00000104   Code   RO         6024    i.__subtask_ROOT_Game_Manila_CTRL  rh_subtask.o
    0x0800cc40   0x0800cc40   0x00000354   Code   RO         6025    i.__subtask_ROOT_Game_Manila_ShipDiagram_CTRL  rh_subtask.o
    0x0800cf94   0x0800cf94   0x00000320   Code   RO         6026    i.__subtask_ROOT_Game_Manila_ShipDiagram_UI  rh_subtask.o
    0x0800d2b4   0x0800d2b4   0x0000014c   Code   RO         6027    i.__subtask_ROOT_Game_Manila_UI  rh_subtask.o
    0x0800d400   0x0800d400   0x00000134   Code   RO         6028    i.__subtask_ROOT_Game_UI  rh_subtask.o
    0x0800d534   0x0800d534   0x00000094   Code   RO         6029    i.__subtask_ROOT_Hardware_Beeper_CTRL  rh_subtask.o
    0x0800d5c8   0x0800d5c8   0x00000140   Code   RO         6030    i.__subtask_ROOT_Hardware_Beeper_UI  rh_subtask.o
    0x0800d708   0x0800d708   0x000000f0   Code   RO         6031    i.__subtask_ROOT_Hardware_CTRL  rh_subtask.o
    0x0800d7f8   0x0800d7f8   0x0000002c   Code   RO         6032    i.__subtask_ROOT_Hardware_JoyStick_CTRL  rh_subtask.o
    0x0800d824   0x0800d824   0x00000190   Code   RO         6033    i.__subtask_ROOT_Hardware_JoyStick_UI  rh_subtask.o
    0x0800d9b4   0x0800d9b4   0x00000094   Code   RO         6034    i.__subtask_ROOT_Hardware_LED_CTRL  rh_subtask.o
    0x0800da48   0x0800da48   0x00000140   Code   RO         6035    i.__subtask_ROOT_Hardware_LED_UI  rh_subtask.o
    0x0800db88   0x0800db88   0x000000f0   Code   RO         6036    i.__subtask_ROOT_Hardware_NRF24L01_CTRL  rh_subtask.o
    0x0800dc78   0x0800dc78   0x00000128   Code   RO         6037    i.__subtask_ROOT_Hardware_NRF24L01_RFCH_CTRL  rh_subtask.o
    0x0800dda0   0x0800dda0   0x0000012c   Code   RO         6038    i.__subtask_ROOT_Hardware_NRF24L01_RFCH_UI  rh_subtask.o
    0x0800decc   0x0800decc   0x000001b4   Code   RO         6039    i.__subtask_ROOT_Hardware_NRF24L01_RecvCFG_Addr_CTRL  rh_subtask.o
    0x0800e080   0x0800e080   0x00000208   Code   RO         6040    i.__subtask_ROOT_Hardware_NRF24L01_RecvCFG_Addr_UI  rh_subtask.o
    0x0800e288   0x0800e288   0x000000f0   Code   RO         6041    i.__subtask_ROOT_Hardware_NRF24L01_RecvCFG_CTRL  rh_subtask.o
    0x0800e378   0x0800e378   0x00000144   Code   RO         6042    i.__subtask_ROOT_Hardware_NRF24L01_RecvCFG_UI  rh_subtask.o
    0x0800e4bc   0x0800e4bc   0x00000164   Code   RO         6043    i.__subtask_ROOT_Hardware_NRF24L01_UI  rh_subtask.o
    0x0800e620   0x0800e620   0x00000170   Code   RO         6044    i.__subtask_ROOT_Hardware_UI  rh_subtask.o
    0x0800e790   0x0800e790   0x00000148   Code   RO         6045    i.__subtask_ROOT_UI  rh_subtask.o
    0x0800e8d8   0x0800e8d8   0x00000068   Code   RO         6047    i.__subtask_radio_recv  rh_subtask.o
    0x0800e940   0x0800e940   0x0000000a   Code   RO         6048    i.__subtask_radio_send  rh_subtask.o
    0x0800e94a   0x0800e94a   0x00000002   PAD
    0x0800e94c   0x0800e94c   0x00000054   Code   RO         3232    i.__transferByte    nrf24l01.o
    0x0800e9a0   0x0800e9a0   0x00000044   Code   RO         3233    i.__writeBuf        nrf24l01.o
    0x0800e9e4   0x0800e9e4   0x0000008c   Code   RO         3062    i.__writeByte       ssd1306.o
    0x0800ea70   0x0800ea70   0x0000000e   Code   RO         3063    i.__writeCmd        ssd1306.o
    0x0800ea7e   0x0800ea7e   0x0000000e   Code   RO         3064    i.__writeDat        ssd1306.o
    0x0800ea8c   0x0800ea8c   0x00000030   Code   RO         3234    i.__writeReg        nrf24l01.o
    0x0800eabc   0x0800eabc   0x0000000e   Code   RO         7502    i._is_digit         c_w.l(__printf_wp.o)
    0x0800eaca   0x0800eaca   0x00000004   Code   RO            9    i.assert_failed     stm32f10x_it.o
    0x0800eace   0x0800eace   0x00000002   PAD
    0x0800ead0   0x0800ead0   0x0000025c   Code   RO         7641    i.atan2f            m_ws.l(atan2f.o)
    0x0800ed2c   0x0800ed2c   0x0000017c   Code   RO         7661    i.cosf              m_ws.l(cosf.o)
    0x0800eea8   0x0800eea8   0x0000003c   Code   RO          207    i.delay_init        delay.o
    0x0800eee4   0x0800eee4   0x0000004c   Code   RO          208    i.delay_ms          delay.o
    0x0800ef30   0x0800ef30   0x000001cc   Code   RO         7691    i.hypotf            m_ws.l(hypotf.o)
    0x0800f0fc   0x0800f0fc   0x00000052   Code   RO          233    i.main              main.o
    0x0800f14e   0x0800f14e   0x00000002   PAD
    0x0800f150   0x0800f150   0x00000098   Code   RO         5335    i.prvAddCurrentTaskToDelayedList  tasks.o
    0x0800f1e8   0x0800f1e8   0x000000b4   Code   RO         5336    i.prvAddNewTaskToReadyList  tasks.o
    0x0800f29c   0x0800f29c   0x00000074   Code   RO         5660    i.prvCheckForValidListAndQueue  timers.o
    0x0800f310   0x0800f310   0x00000048   Code   RO         5337    i.prvCheckTasksWaitingTermination  tasks.o
    0x0800f358   0x0800f358   0x0000002a   Code   RO         5022    i.prvCopyDataFromQueue  queue.o
    0x0800f382   0x0800f382   0x0000006a   Code   RO         5023    i.prvCopyDataToQueue  queue.o
    0x0800f3ec   0x0800f3ec   0x00000064   Code   RO         5338    i.prvDeleteTCB      tasks.o
    0x0800f450   0x0800f450   0x00000028   Code   RO         5661    i.prvGetNextExpireTime  timers.o
    0x0800f478   0x0800f478   0x0000007c   Code   RO         5896    i.prvHeapInit       heap_4.o
    0x0800f4f4   0x0800f4f4   0x00000028   Code   RO         5339    i.prvIdleTask       tasks.o
    0x0800f51c   0x0800f51c   0x00000026   Code   RO         5024    i.prvInitialiseNewQueue  queue.o
    0x0800f542   0x0800f542   0x00000002   PAD
    0x0800f544   0x0800f544   0x000000d8   Code   RO         5340    i.prvInitialiseNewTask  tasks.o
    0x0800f61c   0x0800f61c   0x00000068   Code   RO         5341    i.prvInitialiseTaskLists  tasks.o
    0x0800f684   0x0800f684   0x00000068   Code   RO         5897    i.prvInsertBlockIntoFreeList  heap_4.o
    0x0800f6ec   0x0800f6ec   0x00000058   Code   RO         5663    i.prvInsertTimerInActiveList  timers.o
    0x0800f744   0x0800f744   0x0000001a   Code   RO         5025    i.prvIsQueueEmpty   queue.o
    0x0800f75e   0x0800f75e   0x00000002   PAD
    0x0800f760   0x0800f760   0x00000044   Code   RO         5664    i.prvProcessExpiredTimer  timers.o
    0x0800f7a4   0x0800f7a4   0x00000154   Code   RO         5665    i.prvProcessReceivedCommands  timers.o
    0x0800f8f8   0x0800f8f8   0x00000074   Code   RO         5666    i.prvProcessTimerOrBlockTask  timers.o
    0x0800f96c   0x0800f96c   0x00000028   Code   RO         5667    i.prvReloadTimer    timers.o
    0x0800f994   0x0800f994   0x00000030   Code   RO         5342    i.prvResetNextTaskUnblockTime  tasks.o
    0x0800f9c4   0x0800f9c4   0x0000002c   Code   RO         5668    i.prvSampleTimeNow  timers.o
    0x0800f9f0   0x0800f9f0   0x00000044   Code   RO         5669    i.prvSwitchTimerLists  timers.o
    0x0800fa34   0x0800fa34   0x00000068   Code   RO         5820    i.prvTaskExitError  port.o
    0x0800fa9c   0x0800fa9c   0x00000070   Code   RO         5343    i.prvTaskIsTaskSuspended  tasks.o
    0x0800fb0c   0x0800fb0c   0x0000001e   Code   RO         4887    i.prvTestWaitCondition  event_groups.o
    0x0800fb2a   0x0800fb2a   0x0000001a   Code   RO         5670    i.prvTimerTask      timers.o
    0x0800fb44   0x0800fb44   0x0000007e   Code   RO         5027    i.prvUnlockQueue    queue.o
    0x0800fbc2   0x0800fbc2   0x0000001e   Code   RO         5898    i.pvPortCalloc      heap_4.o
    0x0800fbe0   0x0800fbe0   0x00000170   Code   RO         5899    i.pvPortMalloc      heap_4.o
    0x0800fd50   0x0800fd50   0x00000024   Code   RO         5821    i.pxPortInitialiseStack  port.o
    0x0800fd74   0x0800fd74   0x0000005c   Code   RO         4008    i.rhtt_GetCodepointBitmapBox  glu_font.o
    0x0800fdd0   0x0800fdd0   0x00000068   Code   RO         4009    i.rhtt_GetCodepointHMetrics  glu_font.o
    0x0800fe38   0x0800fe38   0x00000058   Code   RO         4010    i.rhtt_GetFontVMetrics  glu_font.o
    0x0800fe90   0x0800fe90   0x00000048   Code   RO         4011    i.rhtt_InitFont     glu_font.o
    0x0800fed8   0x0800fed8   0x000000d8   Code   RO         4012    i.rhtt_MakeCodepointBitmap  glu_font.o
    0x0800ffb0   0x0800ffb0   0x00000050   Code   RO         4013    i.rhtt_ScaleForPixelHeight  glu_font.o
    0x08010000   0x08010000   0x00000072   Code   RO         7736    i.roundf            m_ws.l(roundf.o)
    0x08010072   0x08010072   0x00000002   PAD
    0x08010074   0x08010074   0x00000188   Code   RO         7717    i.sinf              m_ws.l(sinf.o)
    0x080101fc   0x080101fc   0x0000002c   Code   RO         8014    i.sqrtf             m_ws.l(sqrtf.o)
    0x08010228   0x08010228   0x0000002c   Code   RO         5962    i.this_deleteSubtask  rh_task.o
    0x08010254   0x08010254   0x00000028   Code   RO         4982    i.uxListRemove      list.o
    0x0801027c   0x0801027c   0x0000001c   Code   RO         5349    i.uxTaskResetEventItemValue  tasks.o
    0x08010298   0x08010298   0x00000018   Code   RO         5963    i.vApplicationGetIdleTaskMemory  rh_task.o
    0x080102b0   0x080102b0   0x00000018   Code   RO         5964    i.vApplicationGetTimerTaskMemory  rh_task.o
    0x080102c8   0x080102c8   0x00000010   Code   RO         4890    i.vEventGroupSetBitsCallback  event_groups.o
    0x080102d8   0x080102d8   0x0000001a   Code   RO         4983    i.vListInitialise   list.o
    0x080102f2   0x080102f2   0x00000006   Code   RO         4984    i.vListInitialiseItem  list.o
    0x080102f8   0x080102f8   0x00000034   Code   RO         4985    i.vListInsert       list.o
    0x0801032c   0x0801032c   0x00000018   Code   RO         4986    i.vListInsertEnd    list.o
    0x08010344   0x08010344   0x00000080   Code   RO         5823    i.vPortEnterCritical  port.o
    0x080103c4   0x080103c4   0x00000068   Code   RO         5824    i.vPortExitCritical  port.o
    0x0801042c   0x0801042c   0x000000bc   Code   RO         5900    i.vPortFree         heap_4.o
    0x080104e8   0x080104e8   0x00000028   Code   RO         5825    i.vPortSetupTimerInterrupt  port.o
    0x08010510   0x08010510   0x00000094   Code   RO         5826    i.vPortValidateInterruptPriority  port.o
    0x080105a4   0x080105a4   0x00000078   Code   RO         5031    i.vQueueAddToRegistry  queue.o
    0x0801061c   0x0801061c   0x0000004a   Code   RO         5034    i.vQueueWaitForMessageRestricted  queue.o
    0x08010666   0x08010666   0x00000002   PAD
    0x08010668   0x08010668   0x00000070   Code   RO         5350    i.vTaskDelay        tasks.o
    0x080106d8   0x080106d8   0x00000108   Code   RO         5351    i.vTaskDelete       tasks.o
    0x080107e0   0x080107e0   0x00000018   Code   RO         5354    i.vTaskInternalSetTimeOutState  tasks.o
    0x080107f8   0x080107f8   0x0000000c   Code   RO         5355    i.vTaskMissedYield  tasks.o
    0x08010804   0x08010804   0x0000004c   Code   RO         5356    i.vTaskPlaceOnEventList  tasks.o
    0x08010850   0x08010850   0x00000054   Code   RO         5357    i.vTaskPlaceOnEventListRestricted  tasks.o
    0x080108a4   0x080108a4   0x00000074   Code   RO         5358    i.vTaskPlaceOnUnorderedEventList  tasks.o
    0x08010918   0x08010918   0x000000ac   Code   RO         5360    i.vTaskRemoveFromUnorderedEventList  tasks.o
    0x080109c4   0x080109c4   0x000000a4   Code   RO         5361    i.vTaskResume       tasks.o
    0x08010a68   0x08010a68   0x000000d4   Code   RO         5363    i.vTaskStartScheduler  tasks.o
    0x08010b3c   0x08010b3c   0x00000114   Code   RO         5364    i.vTaskSuspend      tasks.o
    0x08010c50   0x08010c50   0x00000010   Code   RO         5365    i.vTaskSuspendAll   tasks.o
    0x08010c60   0x08010c60   0x000000a0   Code   RO         5366    i.vTaskSwitchContext  tasks.o
    0x08010d00   0x08010d00   0x0000006c   Code   RO         4891    i.xEventGroupClearBits  event_groups.o
    0x08010d6c   0x08010d6c   0x00000068   Code   RO         4893    i.xEventGroupCreateStatic  event_groups.o
    0x08010dd4   0x08010dd4   0x0000002c   Code   RO         4894    i.xEventGroupGetBitsFromISR  event_groups.o
    0x08010e00   0x08010e00   0x000000e0   Code   RO         4895    i.xEventGroupSetBits  event_groups.o
    0x08010ee0   0x08010ee0   0x00000150   Code   RO         4897    i.xEventGroupWaitBits  event_groups.o
    0x08011030   0x08011030   0x00000134   Code   RO         5827    i.xPortStartScheduler  port.o
    0x08011164   0x08011164   0x00000034   Code   RO         5828    i.xPortSysTickHandler  port.o
    0x08011198   0x08011198   0x000000c4   Code   RO         5036    i.xQueueGenericCreateStatic  queue.o
    0x0801125c   0x0801125c   0x000000ac   Code   RO         5037    i.xQueueGenericReset  queue.o
    0x08011308   0x08011308   0x00000110   Code   RO         5039    i.xQueueGenericSendFromISR  queue.o
    0x08011418   0x08011418   0x00000164   Code   RO         5045    i.xQueueReceive     queue.o
    0x0801157c   0x0801157c   0x00000098   Code   RO         5368    i.xTaskCheckForTimeOut  tasks.o
    0x08011614   0x08011614   0x00000064   Code   RO         5369    i.xTaskCreate       tasks.o
    0x08011678   0x08011678   0x000000b4   Code   RO         5370    i.xTaskCreateStatic  tasks.o
    0x0801172c   0x0801172c   0x000000d4   Code   RO         5371    i.xTaskDelayUntil   tasks.o
    0x08011800   0x08011800   0x00000020   Code   RO         5377    i.xTaskGetSchedulerState  tasks.o
    0x08011820   0x08011820   0x0000000c   Code   RO         5378    i.xTaskGetTickCount  tasks.o
    0x0801182c   0x0801182c   0x0000015c   Code   RO         5380    i.xTaskIncrementTick  tasks.o
    0x08011988   0x08011988   0x000000ac   Code   RO         5381    i.xTaskRemoveFromEventList  tasks.o
    0x08011a34   0x08011a34   0x00000118   Code   RO         5382    i.xTaskResumeAll    tasks.o
    0x08011b4c   0x08011b4c   0x0000008c   Code   RO         5677    i.xTimerCreateTimerTask  timers.o
    0x08011bd8   0x08011bd8   0x00000034   Code   RO         5684    i.xTimerPendFunctionCallFromISR  timers.o
    0x08011c0c   0x08011c0c   0x0000002c   Code   RO         7877    locale$$code        c_w.l(lc_ctype_c.o)
    0x08011c38   0x08011c38   0x0000002c   Code   RO         8108    locale$$code        c_w.l(lc_numeric_c.o)
    0x08011c64   0x08011c64   0x00000062   Code   RO         7564    x$fpl$d2f           fz_ws.l(d2f.o)
    0x08011cc6   0x08011cc6   0x00000002   PAD
    0x08011cc8   0x08011cc8   0x000002b0   Code   RO         7573    x$fpl$ddiv          fz_ws.l(ddiv.o)
    0x08011f78   0x08011f78   0x0000005e   Code   RO         7578    x$fpl$dfix          fz_ws.l(dfix.o)
    0x08011fd6   0x08011fd6   0x00000026   Code   RO         7582    x$fpl$dfltu         fz_ws.l(dflt_clz.o)
    0x08011ffc   0x08011ffc   0x00000154   Code   RO         7590    x$fpl$dmul          fz_ws.l(dmul.o)
    0x08012150   0x08012150   0x0000009c   Code   RO         7930    x$fpl$dnaninf       fz_ws.l(dnaninf.o)
    0x080121ec   0x080121ec   0x0000000c   Code   RO         7934    x$fpl$dretinf       fz_ws.l(dretinf.o)
    0x080121f8   0x080121f8   0x00000056   Code   RO         7594    x$fpl$f2d           fz_ws.l(f2d.o)
    0x0801224e   0x0801224e   0x00000002   PAD
    0x08012250   0x08012250   0x000000c4   Code   RO         7596    x$fpl$fadd          fz_ws.l(faddsub_clz.o)
    0x08012314   0x08012314   0x0000000c   Code   RO         8131    x$fpl$fcheck1       fz_ws.l(fcheck1.o)
    0x08012320   0x08012320   0x00000018   Code   RO         7940    x$fpl$fcmpinf       fz_ws.l(fcmpi.o)
    0x08012338   0x08012338   0x00000184   Code   RO         7603    x$fpl$fdiv          fz_ws.l(fdiv.o)
    0x080124bc   0x080124bc   0x00000036   Code   RO         7608    x$fpl$ffix          fz_ws.l(ffix.o)
    0x080124f2   0x080124f2   0x00000002   PAD
    0x080124f4   0x080124f4   0x0000003e   Code   RO         7612    x$fpl$ffixu         fz_ws.l(ffixu.o)
    0x08012532   0x08012532   0x00000002   PAD
    0x08012534   0x08012534   0x00000030   Code   RO         7617    x$fpl$fflt          fz_ws.l(fflt_clz.o)
    0x08012564   0x08012564   0x00000026   Code   RO         7616    x$fpl$ffltu         fz_ws.l(fflt_clz.o)
    0x0801258a   0x0801258a   0x00000002   PAD
    0x0801258c   0x0801258c   0x00000068   Code   RO         7622    x$fpl$fleqf         fz_ws.l(fleqf.o)
    0x080125f4   0x080125f4   0x00000102   Code   RO         7624    x$fpl$fmul          fz_ws.l(fmul.o)
    0x080126f6   0x080126f6   0x0000008c   Code   RO         7942    x$fpl$fnaninf       fz_ws.l(fnaninf.o)
    0x08012782   0x08012782   0x0000000a   Code   RO         7944    x$fpl$fretinf       fz_ws.l(fretinf.o)
    0x0801278c   0x0801278c   0x00000062   Code   RO         7626    x$fpl$frleqf        fz_ws.l(frleqf.o)
    0x080127ee   0x080127ee   0x00000002   PAD
    0x080127f0   0x080127f0   0x00000060   Code   RO         7946    x$fpl$frnd          fz_ws.l(frnd.o)
    0x08012850   0x08012850   0x00000014   Code   RO         7597    x$fpl$frsb          fz_ws.l(faddsub_clz.o)
    0x08012864   0x08012864   0x00000110   Code   RO         8135    x$fpl$fsqrt         fz_ws.l(fsqrt.o)
    0x08012974   0x08012974   0x000000ea   Code   RO         7598    x$fpl$fsub          fz_ws.l(faddsub_clz.o)
    0x08012a5e   0x08012a5e   0x00000004   Code   RO         7628    x$fpl$printf1       fz_ws.l(printf1.o)
    0x08012a62   0x08012a62   0x00000064   Code   RO         8203    x$fpl$retnan        fz_ws.l(retnan.o)
    0x08012ac6   0x08012ac6   0x0000004c   Code   RO         7958    x$fpl$scalbnf       fz_ws.l(scalbnf.o)
    0x08012b12   0x08012b12   0x00000030   Code   RO         8227    x$fpl$trapveneer    fz_ws.l(trapv.o)
    0x08012b42   0x08012b42   0x00000000   Code   RO         7960    x$fpl$usenofp       fz_ws.l(usenofp.o)
    0x08012b42   0x08012b42   0x00000002   PAD
    0x08012b44   0x08012b44   0x00000014   Data   RO         3065    .constdata          ssd1306.o
    0x08012b58   0x08012b58   0x00000098   Data   RO         3236    .constdata          nrf24l01.o
    0x08012bf0   0x08012bf0   0x00000540   Data   RO         4854    .constdata          glu_font_arialroundedbold.o
    0x08013130   0x08013130   0x00000080   Data   RO         6049    .constdata          rh_subtask.o
    0x080131b0   0x080131b0   0x00000024   Data   RO         6540    .constdata          blk_graphic.o
    0x080131d4   0x080131d4   0x00000011   Data   RO         7510    .constdata          c_w.l(__printf_flags_ss_wp.o)
    0x080131e5   0x080131e5   0x00000003   PAD
    0x080131e8   0x080131e8   0x00000020   Data   RO         8005    .constdata          m_ws.l(rredf.o)
    0x08013208   0x08013208   0x00000094   Data   RO         8069    .constdata          c_w.l(bigflt0.o)
    0x0801329c   0x0801329c   0x0000005f   Data   RO         6050    .conststring        rh_subtask.o
    0x080132fb   0x080132fb   0x00000001   PAD
    0x080132fc   0x080132fc   0x00000020   Data   RO         8257    Region$$Table       anon$$obj.o
    0x0801331c   0x0801331c   0x00000110   Data   RO         7876    locale$$data        c_w.l(lc_ctype_c.o)
    0x0801342c   0x0801342c   0x0000001c   Data   RO         8107    locale$$data        c_w.l(lc_numeric_c.o)


    Execution Region RW_IRAM1 (Exec base: 0x20000000, Load base: 0x08013448, Size: 0x00004f78, Max: 0x00005000, ABSOLUTE, COMPRESSED[0x00000060])

    Exec Addr    Load Addr    Size         Type   Attr      Idx    E Section Name        Object

    0x20000000   COMPRESSED   0x00000004   Data   RW          210    .data               delay.o
    0x20000004   COMPRESSED   0x00000001   Data   RW          234    .data               main.o
    0x20000005   COMPRESSED   0x00000014   Data   RW          757    .data               stm32f10x_rcc.o
    0x20000019   COMPRESSED   0x00000003   PAD
    0x2000001c   COMPRESSED   0x00000014   Data   RW         3018    .data               system_stm32f10x.o
    0x20000030   COMPRESSED   0x00000004   Data   RW         3124    .data               joystick.o
    0x20000034   COMPRESSED   0x0000001c   Data   RW         3557    .data               glu_glucoo.o
    0x20000050   COMPRESSED   0x0000001d   Data   RW         4149    .data               glu_font.o
    0x2000006d   COMPRESSED   0x00000003   PAD
    0x20000070   COMPRESSED   0x00000040   Data   RW         5385    .data               tasks.o
    0x200000b0   COMPRESSED   0x00000014   Data   RW         5686    .data               timers.o
    0x200000c4   COMPRESSED   0x0000000c   Data   RW         5829    .data               port.o
    0x200000d0   COMPRESSED   0x00000020   Data   RW         5906    .data               heap_4.o
    0x200000f0   COMPRESSED   0x00000034   Data   RW         5966    .data               rh_task.o
    0x20000124   COMPRESSED   0x0000002d   Data   RW         6541    .data               blk_graphic.o
    0x20000151   COMPRESSED   0x00000003   PAD
    0x20000154   COMPRESSED   0x00000004   Data   RW         7367    .data               manila.o
    0x20000158        -       0x00000020   Zero   RW         3235    .bss                nrf24l01.o
    0x20000178        -       0x00000419   Zero   RW         3556    .bss                glu_glucoo.o
    0x20000591   COMPRESSED   0x00000003   PAD
    0x20000594        -       0x00000160   Zero   RW         4147    .bss                glu_font.o
    0x200006f4        -       0x00000050   Zero   RW         5048    .bss                queue.o
    0x20000744        -       0x000002e4   Zero   RW         5384    .bss                tasks.o
    0x20000a28        -       0x00000110   Zero   RW         5685    .bss                timers.o
    0x20000b38        -       0x00002000   Zero   RW         5905    .bss                heap_4.o
    0x20002b38        -       0x00000fb4   Zero   RW         5965    .bss                rh_task.o
    0x20003aec        -       0x0000002c   Zero   RW         6539    .bss                blk_graphic.o
    0x20003b18        -       0x00000060   Zero   RW         8024    .bss                c_w.l(libspace.o)
    0x20003b78        -       0x00001000   Zero   RW         3049    HEAP                startup_stm32f10x_hd.o
    0x20004b78        -       0x00000400   Zero   RW         3048    STACK               startup_stm32f10x_hd.o


==============================================================================

Image component sizes


      Code (inc. data)   RO Data    RW Data    ZI Data      Debug   Object Name

        92         12          0          0          0       1323   beeper.o
       344        144          0          0          0       3966   blk_data.o
      6480        500         36         45         44      25423   blk_graphic.o
       124          0          0          0          0       3672   blk_lib.o
        54          0          0          0          0        655   blk_math.o
         0          0          0          0          0         32   core_cm3.o
       136         12          0          4          0       1180   delay.o
       862        170          0          0          0      30365   event_groups.o
        16          8          0          0          0       2423   glu_api.o
       152          4          0          0          0       9555   glu_draw.o
      2132        298          0         29        352      18716   glu_font.o
         0          0       1344          0          0       5491   glu_font_arialroundedbold.o
       776         88          0         28       1049      10190   glu_glucoo.o
      5116        180          0          0          0      12728   glu_menu.o
     10662       1042          0          0          0      31204   glu_object.o
       814        168          0         32       8192       4762   heap_4.o
       420         28          0          4          0       4124   joystick.o
       100         12          0          0          0       1309   led.o
       148          0          0          0          0      12314   list.o
        82          0          0          1          0      23649   main.o
      1560         94          0          4          0       5719   manila.o
       456        182          0          0          0       2469   misc.o
      1838        198        152          0         32      13676   nrf24l01.o
      1070        346          0         12          0      10337   port.o
      1528        176          0          0         80      13308   queue.o
      8422        684        223          0          0      29941   rh_subtask.o
      4574        508          0         52       4020      10849   rh_task.o
         2          0          0          0          0        455   smp_delay.o
       730         48         20          0          0       4814   ssd1306.o
        64         26        304          0       5120        872   startup_stm32f10x_hd.o
      1868        658          0          0          0       8605   stm32f10x_adc.o
      1176        206          0          0          0      13974   stm32f10x_dma.o
       620        204          0          0          0       2616   stm32f10x_exti.o
      2208        684          0          0          0       7004   stm32f10x_gpio.o
      1920        690          0          0          0       8263   stm32f10x_i2c.o
       156         24          0          0          0     271241   stm32f10x_it.o
       772        296          0         20          0       6159   stm32f10x_rcc.o
       948        366          0          0          0       4590   stm32f10x_spi.o
       328         28          0         20          0       2281   system_stm32f10x.o
      4228       1092          0         64        740      45140   tasks.o
      1138        188          0         20        272      14448   timers.o

    ----------------------------------------------------------------------
     64146       9364       2112        344      19904     679842   Object Totals
         0          0         32          0          0          0   (incl. Generated)
        30          0          1          9          3          0   (incl. Padding)

    ----------------------------------------------------------------------

      Code (inc. data)   RO Data    RW Data    ZI Data      Debug   Library Member Name

        56          6          0          0          0         88   __2snprintf.o
        90          0          0          0          0          0   __dczerorl2.o
         8          0          0          0          0         68   __main.o
       392          4         17          0          0         92   __printf_flags_ss_wp.o
        14          0          0          0          0         68   __printf_wp.o
         0          0          0          0          0          0   __rtentry.o
        12          0          0          0          0          0   __rtentry2.o
         6          0          0          0          0          0   __rtentry4.o
        52          8          0          0          0          0   __scatter.o
        28          0          0          0          0          0   __scatter_zi.o
        48          6          0          0          0         96   _printf_char_common.o
         6          0          0          0          0          0   _printf_d.o
       120         16          0          0          0         92   _printf_dec.o
         6          0          0          0          0          0   _printf_f.o
      1054          0          0          0          0        216   _printf_fp_dec.o
       128         16          0          0          0         84   _printf_fp_infnan.o
       178          0          0          0          0         88   _printf_intcommon.o
         0          0          0          0          0          0   _printf_percent.o
         4          0          0          0          0          0   _printf_percent_end.o
        22          0          0          0          0        100   _rserrno.o
        16          0          0          0          0         68   _snputc.o
        10          0          0          0          0         68   _sputc.o
        16          0          0          0          0         68   aeabi_memset.o
       228          4        148          0          0         96   bigflt0.o
      1936        128          0          0          0        672   btod.o
        18          0          0          0          0         80   exit.o
         6          0          0          0          0        152   heapauxi.o
         0          0          0          0          0          0   indicate_semi.o
        44         10        272          0          0         76   lc_ctype_c.o
        44         10         28          0          0         76   lc_numeric_c.o
         2          0          0          0          0          0   libinit.o
        30          0          0          0          0          0   libinit2.o
         2          0          0          0          0          0   libshutdown.o
         2          0          0          0          0          0   libshutdown2.o
         8          4          0          0         96         68   libspace.o
       138          0          0          0          0         80   lludiv10.o
        22          0          0          0          0         76   memset.o
        16          4          0          0          0         76   rt_ctype_table.o
         8          4          0          0          0         68   rt_errno_addr_intlibspace.o
         8          4          0          0          0         68   rt_locale_intlibspace.o
        68          0          0          0          0         68   rt_memclr.o
        78          0          0          0          0         80   rt_memclr_w.o
       138          0          0          0          0         68   rt_memcpy_v6.o
       100          0          0          0          0         80   rt_memcpy_w.o
       132          0          0          0          0         68   rt_memmove_v6.o
       122          0          0          0          0         80   rt_memmove_w.o
         2          0          0          0          0          0   rtexit.o
        10          0          0          0          0          0   rtexit2.o
       128          0          0          0          0         68   strcmpv7m.o
        72          0          0          0          0         80   strcpy.o
        62          0          0          0          0         76   strlen.o
        86          0          0          0          0         76   strncpy.o
        12          4          0          0          0         68   sys_exit.o
        74          0          0          0          0         80   sys_stackheap_outer.o
         2          0          0          0          0         68   use_no_semi.o
        98          4          0          0          0         92   d2f.o
       688        140          0          0          0        208   ddiv.o
        94          4          0          0          0         92   dfix.o
        38          0          0          0          0         68   dflt_clz.o
       340         12          0          0          0        104   dmul.o
       156          4          0          0          0         92   dnaninf.o
        12          0          0          0          0         68   dretinf.o
        86          4          0          0          0         84   f2d.o
       450          8          0          0          0        236   faddsub_clz.o
        12          4          0          0          0         68   fcheck1.o
        24          0          0          0          0         68   fcmpi.o
       388         76          0          0          0         96   fdiv.o
        54          4          0          0          0         84   ffix.o
        62          4          0          0          0         84   ffixu.o
        86          0          0          0          0        136   fflt_clz.o
       104          4          0          0          0         84   fleqf.o
       258          4          0          0          0         84   fmul.o
       140          4          0          0          0         84   fnaninf.o
        10          0          0          0          0         68   fretinf.o
        98          0          0          0          0         68   frleqf.o
        96          4          0          0          0         76   frnd.o
       272        100          0          0          0         88   fsqrt.o
         4          0          0          0          0         68   printf1.o
       100          0          0          0          0         68   retnan.o
        76          0          0          0          0         68   scalbnf.o
        48          0          0          0          0         68   trapv.o
         0          0          0          0          0          0   usenofp.o
       604         76          0          0          0        116   atan2f.o
       380         52          0          0          0        124   cosf.o
        40          0          0          0          0         68   fpclassify.o
        38          0          0          0          0         68   fpclassifyf.o
        38          0          0          0          0        340   funder.o
       460          4          0          0          0        116   hypotf.o
       114          0          0          0          0         80   roundf.o
       360         16         32          0          0         88   rredf.o
       392         54          0          0          0        124   sinf.o
        44          0          0          0          0         80   sqrtf.o

    ----------------------------------------------------------------------
     12162        810        500          0         96       7352   Library Totals
        34          0          3          0          0          0   (incl. Padding)

    ----------------------------------------------------------------------

      Code (inc. data)   RO Data    RW Data    ZI Data      Debug   Library Name

      5864        228        465          0         96       3744   c_w.l
      3794        380          0          0          0       2404   fz_ws.l
      2470        202         32          0          0       1204   m_ws.l

    ----------------------------------------------------------------------
     12162        810        500          0         96       7352   Library Totals

    ----------------------------------------------------------------------

==============================================================================


      Code (inc. data)   RO Data    RW Data    ZI Data      Debug   

     76308      10174       2612        344      20000     666338   Grand Totals
     76308      10174       2612         96      20000     666338   ELF Image Totals (compressed)
     76308      10174       2612         96          0          0   ROM Totals

==============================================================================

    Total RO  Size (Code + RO Data)                78920 (  77.07kB)
    Total RW  Size (RW Data + ZI Data)             20344 (  19.87kB)
    Total ROM Size (Code + RO Data + RW Data)      79016 (  77.16kB)

==============================================================================

