Component: ARM Compiler 5.06 update 6 (build 750) Tool: armlink [4d35ed]

==============================================================================

Section Cross References

    stm32f10x_it.o(i.EXTI9_5_IRQHandler) refers to stm32f10x_exti.o(i.EXTI_GetITStatus) for EXTI_GetITStatus
    stm32f10x_it.o(i.EXTI9_5_IRQHandler) refers to stm32f10x_exti.o(i.EXTI_ClearITPendingBit) for EXTI_ClearITPendingBit
    stm32f10x_it.o(i.SysTick_Handler) refers to port.o(i.xPortSysTickHandler) for xPortSysTickHandler
    delay.o(i.delay_init) refers to misc.o(i.SysTick_CLKSourceConfig) for SysTick_CLKSourceConfig
    delay.o(i.delay_init) refers to delay.o(.data) for fac_us
    delay.o(i.delay_ms) refers to delay.o(.data) for fac_ms
    delay.o(i.delay_us) refers to delay.o(.data) for fac_us
    main.o(i.Task_BeepBlink) refers to beeper.o(i.BEEP_Set) for BEEP_Set
    main.o(i.Task_BeepBlink) refers to tasks.o(i.vTaskDelay) for vTaskDelay
    main.o(i.Task_LedBlink) refers to led.o(i.LED_Set) for LED_Set
    main.o(i.Task_LedBlink) refers to tasks.o(i.vTaskDelay) for vTaskDelay
    main.o(i.Task_UI) refers to main.o(i.__config_UI_joystick) for __config_UI_joystick
    main.o(i.Task_UI) refers to port.o(i.vPortEnterCritical) for vPortEnterCritical
    main.o(i.Task_UI) refers to fflt_clz.o(x$fpl$ffltu) for __aeabi_ui2f
    main.o(i.Task_UI) refers to rh_gui.o(i.GUI_object_adjust) for GUI_object_adjust
    main.o(i.Task_UI) refers to port.o(i.vPortExitCritical) for vPortExitCritical
    main.o(i.Task_UI) refers to rh_gui.o(i.GUI_RefreashScreen) for GUI_RefreashScreen
    main.o(i.Task_UI) refers to tasks.o(i.vTaskDelay) for vTaskDelay
    main.o(i.Task_UI) refers to joystick.o(.data) for joystick_data
    main.o(i.__config_UI_joystick) refers to rt_memclr_w.o(.text) for __aeabi_memclr4
    main.o(i.__config_UI_joystick) refers to rh_gui.o(i.GUI_object_quickSet) for GUI_object_quickSet
    main.o(i.__config_UI_joystick) refers to fflt_clz.o(x$fpl$ffltu) for __aeabi_ui2f
    main.o(i.__config_UI_joystick) refers to rh_gui.o(i.GUI_object_create) for GUI_object_create
    main.o(i.__config_UI_joystick) refers to joystick.o(.data) for joystick_data
    main.o(i.main) refers to delay.o(i.delay_init) for delay_init
    main.o(i.main) refers to ssd1306.o(i.SSD1306_Init) for SSD1306_Init
    main.o(i.main) refers to joystick.o(i.JoyStick_Init) for JoyStick_Init
    main.o(i.main) refers to led.o(i.LED_Init) for LED_Init
    main.o(i.main) refers to beeper.o(i.BEEP_Init) for BEEP_Init
    main.o(i.main) refers to rh_gui_api.o(i.GUI_API_Init) for GUI_API_Init
    main.o(i.main) refers to rh_gui.o(i.GUI_Init) for GUI_Init
    main.o(i.main) refers to rh_task.o(i.__Task_init) for __Task_init
    main.o(i.main) refers to tasks.o(i.vTaskStartScheduler) for vTaskStartScheduler
    main.o(i.vApplicationGetIdleTaskMemory) refers to main.o(.bss) for Idle_Task_TCB
    main.o(i.vApplicationGetTimerTaskMemory) refers to main.o(.bss) for Timer_Task_TCB
    rh_gui_api.o(i.GUI_API_Init) refers to ssd1306.o(i.SSD1306_API_DrawArea) for SSD1306_API_DrawArea
    rh_gui_api.o(i.GUI_API_Init) refers to rh_gui.o(.data) for GUI_API_DrawArea
    misc.o(i.NVIC_Init) refers to stm32f10x_it.o(i.assert_failed) for assert_failed
    misc.o(i.NVIC_PriorityGroupConfig) refers to stm32f10x_it.o(i.assert_failed) for assert_failed
    misc.o(i.NVIC_SetVectorTable) refers to stm32f10x_it.o(i.assert_failed) for assert_failed
    misc.o(i.NVIC_SystemLPConfig) refers to stm32f10x_it.o(i.assert_failed) for assert_failed
    misc.o(i.SysTick_CLKSourceConfig) refers to stm32f10x_it.o(i.assert_failed) for assert_failed
    stm32f10x_flash.o(i.FLASH_ClearFlag) refers to stm32f10x_it.o(i.assert_failed) for assert_failed
    stm32f10x_flash.o(i.FLASH_EnableWriteProtection) refers to stm32f10x_it.o(i.assert_failed) for assert_failed
    stm32f10x_flash.o(i.FLASH_EnableWriteProtection) refers to stm32f10x_flash.o(i.FLASH_WaitForLastOperation) for FLASH_WaitForLastOperation
    stm32f10x_flash.o(i.FLASH_EraseAllBank1Pages) refers to stm32f10x_flash.o(i.FLASH_WaitForLastBank1Operation) for FLASH_WaitForLastBank1Operation
    stm32f10x_flash.o(i.FLASH_EraseAllPages) refers to stm32f10x_flash.o(i.FLASH_WaitForLastOperation) for FLASH_WaitForLastOperation
    stm32f10x_flash.o(i.FLASH_EraseOptionBytes) refers to stm32f10x_flash.o(i.FLASH_GetReadOutProtectionStatus) for FLASH_GetReadOutProtectionStatus
    stm32f10x_flash.o(i.FLASH_EraseOptionBytes) refers to stm32f10x_flash.o(i.FLASH_WaitForLastOperation) for FLASH_WaitForLastOperation
    stm32f10x_flash.o(i.FLASH_ErasePage) refers to stm32f10x_it.o(i.assert_failed) for assert_failed
    stm32f10x_flash.o(i.FLASH_ErasePage) refers to stm32f10x_flash.o(i.FLASH_WaitForLastOperation) for FLASH_WaitForLastOperation
    stm32f10x_flash.o(i.FLASH_GetFlagStatus) refers to stm32f10x_it.o(i.assert_failed) for assert_failed
[...]
    _fsub1                                   0x08006c23   Thumb Code     0  faddsub_clz.o(x$fpl$fsub)
    x$fpl$usenofp                            0x08006cfe   Section        0  usenofp.o(x$fpl$usenofp)
    .constdata                               0x08006d00   Section       20  ssd1306.o(.constdata)
    .constdata                               0x08006d14   Section       72  rh_gui.o(.constdata)
    .constdata                               0x08006d5c   Section     1344  rh_font_arialroundedbold.o(.constdata)
    __FONT_ASCII_32_0                        0x08006d5c   Data           6  rh_font_arialroundedbold.o(.constdata)
    __FONT_ASCII_32_1                        0x08006d62   Data           6  rh_font_arialroundedbold.o(.constdata)
    __FONT_ASCII_32_2                        0x08006d68   Data           6  rh_font_arialroundedbold.o(.constdata)
    __FONT_ASCII_32_3                        0x08006d6e   Data           6  rh_font_arialroundedbold.o(.constdata)
    __FONT_ASCII_32_4                        0x08006d74   Data           6  rh_font_arialroundedbold.o(.constdata)
    __FONT_ASCII_32_5                        0x08006d7a   Data           6  rh_font_arialroundedbold.o(.constdata)
    __FONT_ASCII_32_6                        0x08006d80   Data           6  rh_font_arialroundedbold.o(.constdata)
    __FONT_ASCII_32_7                        0x08006d86   Data           6  rh_font_arialroundedbold.o(.constdata)
    __FONT_ASCII_32_8                        0x08006d8c   Data           6  rh_font_arialroundedbold.o(.constdata)
    __FONT_ASCII_32_9                        0x08006d92   Data           6  rh_font_arialroundedbold.o(.constdata)
    __FONT_ASCII_32_10                       0x08006d98   Data           6  rh_font_arialroundedbold.o(.constdata)
    __FONT_ASCII_32_11                       0x08006d9e   Data           6  rh_font_arialroundedbold.o(.constdata)
    __FONT_ASCII_32_12                       0x08006da4   Data           6  rh_font_arialroundedbold.o(.constdata)
    __FONT_ASCII_32_13                       0x08006daa   Data           6  rh_font_arialroundedbold.o(.constdata)
    __FONT_ASCII_32_14                       0x08006db0   Data           6  rh_font_arialroundedbold.o(.constdata)
    __FONT_ASCII_32_15                       0x08006db6   Data           6  rh_font_arialroundedbold.o(.constdata)
    __FONT_ASCII_32_16                       0x08006dbc   Data           6  rh_font_arialroundedbold.o(.constdata)
    __FONT_ASCII_32_17                       0x08006dc2   Data           6  rh_font_arialroundedbold.o(.constdata)
    __FONT_ASCII_32_18                       0x08006dc8   Data           6  rh_font_arialroundedbold.o(.constdata)
    __FONT_ASCII_32_19                       0x08006dce   Data           6  rh_font_arialroundedbold.o(.constdata)
    __FONT_ASCII_32_20                       0x08006dd4   Data           6  rh_font_arialroundedbold.o(.constdata)
    __FONT_ASCII_32_21                       0x08006dda   Data           6  rh_font_arialroundedbold.o(.constdata)
    __FONT_ASCII_32_22                       0x08006de0   Data           6  rh_font_arialroundedbold.o(.constdata)
    __FONT_ASCII_32_23                       0x08006de6   Data           6  rh_font_arialroundedbold.o(.constdata)
    __FONT_ASCII_32_24                       0x08006dec   Data           6  rh_font_arialroundedbold.o(.constdata)
    __FONT_ASCII_32_25                       0x08006df2   Data           6  rh_font_arialroundedbold.o(.constdata)
    __FONT_ASCII_32_26                       0x08006df8   Data           6  rh_font_arialroundedbold.o(.constdata)
    __FONT_ASCII_32_27                       0x08006dfe   Data           6  rh_font_arialroundedbold.o(.constdata)
    __FONT_ASCII_32_28                       0x08006e04   Data           6  rh_font_arialroundedbold.o(.constdata)
    __FONT_ASCII_32_29                       0x08006e0a   Data           6  rh_font_arialroundedbold.o(.constdata)
    __FONT_ASCII_32_30                       0x08006e10   Data           6  rh_font_arialroundedbold.o(.constdata)
    __FONT_ASCII_32_31                       0x08006e16   Data           6  rh_font_arialroundedbold.o(.constdata)
    __FONT_ASCII_32_32                       0x08006e1c   Data           6  rh_font_arialroundedbold.o(.constdata)
    __FONT_ASCII_32_33                       0x08006e22   Data           6  rh_font_arialroundedbold.o(.constdata)
    __FONT_ASCII_32_34                       0x08006e28   Data           6  rh_font_arialroundedbold.o(.constdata)
    __FONT_ASCII_32_35                       0x08006e2e   Data           6  rh_font_arialroundedbold.o(.constdata)
    __FONT_ASCII_32_36                       0x08006e34   Data           6  rh_font_arialroundedbold.o(.constdata)
    __FONT_ASCII_32_37                       0x08006e3a   Data           6  rh_font_arialroundedbold.o(.constdata)
    __FONT_ASCII_32_38                       0x08006e40   Data           6  rh_font_arialroundedbold.o(.constdata)
    __FONT_ASCII_32_39                       0x08006e46   Data           6  rh_font_arialroundedbold.o(.constdata)
    __FONT_ASCII_32_40                       0x08006e4c   Data           6  rh_font_arialroundedbold.o(.constdata)
    __FONT_ASCII_32_41                       0x08006e52   Data           6  rh_font_arialroundedbold.o(.constdata)
    __FONT_ASCII_32_42                       0x08006e58   Data           6  rh_font_arialroundedbold.o(.constdata)
    __FONT_ASCII_32_43                       0x08006e5e   Data           6  rh_font_arialroundedbold.o(.constdata)
    __FONT_ASCII_32_44                       0x08006e64   Data           6  rh_font_arialroundedbold.o(.constdata)
    __FONT_ASCII_32_45                       0x08006e6a   Data           6  rh_font_arialroundedbold.o(.constdata)
    __FONT_ASCII_32_46                       0x08006e70   Data           6  rh_font_arialroundedbold.o(.constdata)
    __FONT_ASCII_32_47                       0x08006e76   Data           6  rh_font_arialroundedbold.o(.constdata)
    __FONT_ASCII_32_48                       0x08006e7c   Data           6  rh_font_arialroundedbold.o(.constdata)
    __FONT_ASCII_32_49                       0x08006e82   Data           6  rh_font_arialroundedbold.o(.constdata)
    __FONT_ASCII_32_50                       0x08006e88   Data           6  rh_font_arialroundedbold.o(.constdata)
    __FONT_ASCII_32_51                       0x08006e8e   Data           6  rh_font_arialroundedbold.o(.constdata)
    __FONT_ASCII_32_52                       0x08006e94   Data           6  rh_font_arialroundedbold.o(.constdata)
    __FONT_ASCII_32_53                       0x08006e9a   Data           6  rh_font_arialroundedbold.o(.constdata)
    __FONT_ASCII_32_54                       0x08006ea0   Data           6  rh_font_arialroundedbold.o(.constdata)
    __FONT_ASCII_32_55                       0x08006ea6   Data           6  rh_font_arialroundedbold.o(.constdata)
    __FONT_ASCII_32_56                       0x08006eac   Data           6  rh_font_arialroundedbold.o(.constdata)
    __FONT_ASCII_32_57                       0x08006eb2   Data           6  rh_font_arialroundedbold.o(.constdata)
    __FONT_ASCII_32_58                       0x08006eb8   Data           6  rh_font_arialroundedbold.o(.constdata)
    __FONT_ASCII_32_59                       0x08006ebe   Data           6  rh_font_arialroundedbold.o(.constdata)
    __FONT_ASCII_32_60                       0x08006ec4   Data           6  rh_font_arialroundedbold.o(.constdata)
    __FONT_ASCII_32_61                       0x08006eca   Data           6  rh_font_arialroundedbold.o(.constdata)
    __FONT_ASCII_32_62                       0x08006ed0   Data           6  rh_font_arialroundedbold.o(.constdata)
    __FONT_ASCII_32_63                       0x08006ed6   Data           6  rh_font_arialroundedbold.o(.constdata)
    __FONT_ASCII_32_64                       0x08006edc   Data           6  rh_font_arialroundedbold.o(.constdata)
    __FONT_ASCII_32_65                       0x08006ee2   Data           6  rh_font_arialroundedbold.o(.constdata)
    __FONT_ASCII_32_66                       0x08006ee8   Data           6  rh_font_arialroundedbold.o(.constdata)
    __FONT_ASCII_32_67                       0x08006eee   Data           6  rh_font_arialroundedbold.o(.constdata)
    __FONT_ASCII_32_68                       0x08006ef4   Data           6  rh_font_arialroundedbold.o(.constdata)
    __FONT_ASCII_32_69                       0x08006efa   Data           6  rh_font_arialroundedbold.o(.constdata)
    __FONT_ASCII_32_70                       0x08006f00   Data           6  rh_font_arialroundedbold.o(.constdata)
    __FONT_ASCII_32_71                       0x08006f06   Data           6  rh_font_arialroundedbold.o(.constdata)
    __FONT_ASCII_32_72                       0x08006f0c   Data           6  rh_font_arialroundedbold.o(.constdata)
    __FONT_ASCII_32_73                       0x08006f12   Data           6  rh_font_arialroundedbold.o(.constdata)
    __FONT_ASCII_32_74                       0x08006f18   Data           6  rh_font_arialroundedbold.o(.constdata)
    __FONT_ASCII_32_75                       0x08006f1e   Data           6  rh_font_arialroundedbold.o(.constdata)
    __FONT_ASCII_32_76                       0x08006f24   Data           6  rh_font_arialroundedbold.o(.constdata)
    __FONT_ASCII_32_77                       0x08006f2a   Data           6  rh_font_arialroundedbold.o(.constdata)
    __FONT_ASCII_32_78                       0x08006f30   Data           6  rh_font_arialroundedbold.o(.constdata)
    __FONT_ASCII_32_79                       0x08006f36   Data           6  rh_font_arialroundedbold.o(.constdata)
    __FONT_ASCII_32_80                       0x08006f3c   Data           6  rh_font_arialroundedbold.o(.constdata)
    __FONT_ASCII_32_81                       0x08006f42   Data           6  rh_font_arialroundedbold.o(.constdata)
    __FONT_ASCII_32_82                       0x08006f48   Data           6  rh_font_arialroundedbold.o(.constdata)
    __FONT_ASCII_32_83                       0x08006f4e   Data           6  rh_font_arialroundedbold.o(.constdata)
    __FONT_ASCII_32_84                       0x08006f54   Data           6  rh_font_arialroundedbold.o(.constdata)
    __FONT_ASCII_32_85                       0x08006f5a   Data           6  rh_font_arialroundedbold.o(.constdata)
    __FONT_ASCII_32_86                       0x08006f60   Data           6  rh_font_arialroundedbold.o(.constdata)
    __FONT_ASCII_32_87                       0x08006f66   Data           6  rh_font_arialroundedbold.o(.constdata)
    __FONT_ASCII_32_88                       0x08006f6c   Data           6  rh_font_arialroundedbold.o(.constdata)
    __FONT_ASCII_32_89                       0x08006f72   Data           6  rh_font_arialroundedbold.o(.constdata)
    __FONT_ASCII_32_90                       0x08006f78   Data           6  rh_font_arialroundedbold.o(.constdata)
    __FONT_ASCII_32_91                       0x08006f7e   Data           6  rh_font_arialroundedbold.o(.constdata)
    __FONT_ASCII_32_92                       0x08006f84   Data           6  rh_font_arialroundedbold.o(.constdata)
    __FONT_ASCII_32_93                       0x08006f8a   Data           6  rh_font_arialroundedbold.o(.constdata)
    __FONT_ASCII_32_94                       0x08006f90   Data           6  rh_font_arialroundedbold.o(.constdata)
    __FONT_ASCII_32_95                       0x08006f96   Data           6  rh_font_arialroundedbold.o(.constdata)
    .constdata                               0x0800729c   Section       36  rh_graphic.o(.constdata)
    applyPixelMethod                         0x0800729c   Data          36  rh_graphic.o(.constdata)
    locale$$data                             0x080072e0   Section      272  lc_ctype_c.o(locale$$data)
    __lcctype_c_name                         0x080072e4   Data           2  lc_ctype_c.o(locale$$data)
    __lcctype_c_start                        0x080072ec   Data           0  lc_ctype_c.o(locale$$data)
    __lcctype_c_end                          0x080073f0   Data           0  lc_ctype_c.o(locale$$data)
    .data                                    0x20000000   Section        4  delay.o(.data)
    fac_us                                   0x20000000   Data           1  delay.o(.data)
    fac_ms                                   0x20000002   Data           2  delay.o(.data)
    .data                                    0x20000004   Section       20  stm32f10x_rcc.o(.data)
    APBAHBPrescTable                         0x20000004   Data          16  stm32f10x_rcc.o(.data)
    ADCPrescTable                            0x20000014   Data           4  stm32f10x_rcc.o(.data)
    .data                                    0x20000018   Section       20  system_stm32f10x.o(.data)
    .data                                    0x2000002c   Section        4  joystick.o(.data)
    .data                                    0x20000030   Section       28  rh_gui.o(.data)
    info_MainScreen                          0x20000040   Data          12  rh_gui.o(.data)
    .data                                    0x2000004c   Section       29  rh_font.o(.data)
    rhtt                                     0x2000004c   Data          24  rh_font.o(.data)
    font_bit_array                           0x20000064   Data           4  rh_font.o(.data)
    backFCFG                                 0x20000068   Data           1  rh_font.o(.data)
    .data                                    0x2000006c   Section       45  rh_graphic.o(.data)
    GCFG                                     0x2000006c   Data          44  rh_graphic.o(.data)
    backupGCFG                               0x20000098   Data           1  rh_graphic.o(.data)
    .data                                    0x2000009c   Section       64  tasks.o(.data)
    pxDelayedTaskList                        0x200000a0   Data           4  tasks.o(.data)
    pxOverflowDelayedTaskList                0x200000a4   Data           4  tasks.o(.data)
    uxDeletedTasksWaitingCleanUp             0x200000a8   Data           4  tasks.o(.data)
    uxCurrentNumberOfTasks                   0x200000ac   Data           4  tasks.o(.data)
    xTickCount                               0x200000b0   Data           4  tasks.o(.data)
    uxTopReadyPriority                       0x200000b4   Data           4  tasks.o(.data)
    xSchedulerRunning                        0x200000b8   Data           4  tasks.o(.data)
    xPendedTicks                             0x200000bc   Data           4  tasks.o(.data)
    xYieldPending                            0x200000c0   Data           4  tasks.o(.data)
    xNumOfOverflows                          0x200000c4   Data           4  tasks.o(.data)
    uxTaskNumber                             0x200000c8   Data           4  tasks.o(.data)
    xNextTaskUnblockTime                     0x200000cc   Data           4  tasks.o(.data)
    xIdleTaskHandle                          0x200000d0   Data           4  tasks.o(.data)
    uxSchedulerSuspended                     0x200000d8   Data           4  tasks.o(.data)
    .data                                    0x200000dc   Section       12  port.o(.data)
    uxCriticalNesting                        0x200000dc   Data           4  port.o(.data)
    ucMaxSysCallPriority                     0x200000e0   Data           1  port.o(.data)
    ulMaxPRIGROUPValue                       0x200000e4   Data           4  port.o(.data)
    .data                                    0x200000e8   Section       32  heap_4.o(.data)
    xStart                                   0x200000e8   Data           8  heap_4.o(.data)
    pxEnd                                    0x200000f0   Data           4  heap_4.o(.data)
    xFreeBytesRemaining                      0x200000f4   Data           4  heap_4.o(.data)
    xMinimumEverFreeBytesRemaining           0x200000f8   Data           4  heap_4.o(.data)
    xNumberOfSuccessfulAllocations           0x200000fc   Data           4  heap_4.o(.data)
    xNumberOfSuccessfulFrees                 0x20000100   Data           4  heap_4.o(.data)
    xBlockAllocatedBit                       0x20000104   Data           4  heap_4.o(.data)
    .bss                                     0x20000108   Section     1688  main.o(.bss)
    Idle_Task_TCB                            0x20000108   Data          76  main.o(.bss)
    Idle_Task_Stack                          0x20000154   Data         512  main.o(.bss)
    Timer_Task_TCB                           0x20000354   Data          76  main.o(.bss)
    Timer_Task_Stack                         0x200003a0   Data        1024  main.o(.bss)
    .bss                                     0x200007a0   Section     1049  rh_gui.o(.bss)
    GRAM                                     0x200007a0   Data        1024  rh_gui.o(.bss)
    Screen                                   0x20000ba0   Data          25  rh_gui.o(.bss)
    .bss                                     0x20000bbc   Section      352  rh_font.o(.bss)
    FCFG_copy                                0x20000bbc   Data         176  rh_font.o(.bss)
    FCFG                                     0x20000c6c   Data         176  rh_font.o(.bss)
    .bss                                     0x20000d1c   Section       44  rh_graphic.o(.bss)
    GCFG_copy                                0x20000d1c   Data          44  rh_graphic.o(.bss)
    .bss                                     0x20000d48   Section      740  tasks.o(.bss)
    pxReadyTasksLists                        0x20000d48   Data         640  tasks.o(.bss)
    xDelayedTaskList1                        0x20000fc8   Data          20  tasks.o(.bss)
    xDelayedTaskList2                        0x20000fdc   Data          20  tasks.o(.bss)
    xPendingReadyList                        0x20000ff0   Data          20  tasks.o(.bss)
    xTasksWaitingTermination                 0x20001004   Data          20  tasks.o(.bss)
    xSuspendedTaskList                       0x20001018   Data          20  tasks.o(.bss)
    .bss                                     0x2000102c   Section     8192  heap_4.o(.bss)
    ucHeap                                   0x2000102c   Data        8192  heap_4.o(.bss)
    .bss                                     0x2000302c   Section     2092  rh_task.o(.bss)
    Task_TCB_main                            0x20003074   Data          76  rh_task.o(.bss)
    Task_Stack_main                          0x200030c0   Data        1024  rh_task.o(.bss)
    Task_TCB_radiock                         0x200034c0   Data          76  rh_task.o(.bss)
    Task_Stack_radiock                       0x2000350c   Data         256  rh_task.o(.bss)
    Task_TCB_led_heart                       0x2000360c   Data          76  rh_task.o(.bss)
    Task_Stack_led_heart                     0x20003658   Data         512  rh_task.o(.bss)
    .bss                                     0x20003858   Section       96  libspace.o(.bss)
    HEAP                                     0x200038b8   Section     4096  startup_stm32f10x_hd.o(HEAP)
    Heap_Mem                                 0x200038b8   Data        4096  startup_stm32f10x_hd.o(HEAP)
    STACK                                    0x200048b8   Section     1024  startup_stm32f10x_hd.o(STACK)
    Stack_Mem                                0x200048b8   Data        1024  startup_stm32f10x_hd.o(STACK)
    __initial_sp                             0x20004cb8   Data           0  startup_stm32f10x_hd.o(STACK)

    Global Symbols

    Symbol Name                              Value     Ov Type        Size  Object(Section)

    BuildAttributes$$THM_ISAv4$P$D$K$B$S$PE$A:L22UL41UL21$X:L11$S22US41US21$IEEE1$IW$USESV6$~STKCKD$USESV7$~SHL$OTIME$ROPI$IEEEX$EBA8$UX$STANDARDLIB$REQ8$PRES8$EABIv2 0x00000000   Number         0  anon$$obj.o ABSOLUTE
    __ARM_use_no_argv                        0x00000000   Number         0  main.o ABSOLUTE
    _printf_flags                            0x00000000   Number         0  printf_stubs.o ABSOLUTE
    _printf_return_value                     0x00000000   Number         0  printf_stubs.o ABSOLUTE
    _printf_sizespec                         0x00000000   Number         0  printf_stubs.o ABSOLUTE
    _printf_widthprec                        0x00000000   Number         0  printf_stubs.o ABSOLUTE
    __ARM_exceptions_init                     - Undefined Weak Reference
    __alloca_initialize                       - Undefined Weak Reference
    __arm_preinit_                            - Undefined Weak Reference
    __cpp_initialize__aeabi_                  - Undefined Weak Reference
    __cxa_finalize                            - Undefined Weak Reference
    __sigvec_lookup                           - Undefined Weak Reference
    __user_heap_extent                        - Undefined Weak Reference
    _atexit_init                              - Undefined Weak Reference
    _call_atexit_fns                          - Undefined Weak Reference
    _clock_init                               - Undefined Weak Reference
    _fp_trap_init                             - Undefined Weak Reference
    _fp_trap_shutdown                         - Undefined Weak Reference
    _get_lc_collate                           - Undefined Weak Reference
    _get_lc_monetary                          - Undefined Weak Reference
    _get_lc_time                              - Undefined Weak Reference
    _getenv_init                              - Undefined Weak Reference
    _handle_redirection                       - Undefined Weak Reference
    _mutex_acquire                            - Undefined Weak Reference
    _mutex_free                               - Undefined Weak Reference
    _mutex_release                            - Undefined Weak Reference
    _printf_mbtowc                            - Undefined Weak Reference
    _printf_wc                                - Undefined Weak Reference
    _rand_init                                - Undefined Weak Reference
    _signal_finish                            - Undefined Weak Reference
    _signal_init                              - Undefined Weak Reference
    __Vectors_Size                           0x00000130   Number         0  startup_stm32f10x_hd.o ABSOLUTE
    __Vectors                                0x08000000   Data           4  startup_stm32f10x_hd.o(RESET)
    __Vectors_End                            0x08000130   Data           0  startup_stm32f10x_hd.o(RESET)
    __main                                   0x08000131   Thumb Code     8  __main.o(!!!main)
    __scatterload                            0x08000139   Thumb Code     0  __scatter.o(!!!scatter)
    __scatterload_rt2                        0x08000139   Thumb Code    44  __scatter.o(!!!scatter)
    __scatterload_rt2_thumb_only             0x08000139   Thumb Code     0  __scatter.o(!!!scatter)
    __scatterload_null                       0x08000147   Thumb Code     0  __scatter.o(!!!scatter)
    __scatterload_copy                       0x0800016d   Thumb Code    26  __scatter_copy.o(!!handler_copy)
    __scatterload_zeroinit                   0x08000189   Thumb Code    28  __scatter_zi.o(!!handler_zi)
    __rt_lib_init                            0x080001a5   Thumb Code     0  libinit.o(.ARM.Collect$$libinit$$00000000)
    __rt_lib_init_fp_1                       0x080001a7   Thumb Code     0  libinit2.o(.ARM.Collect$$libinit$$00000002)
    __rt_lib_init_heap_1                     0x080001a7   Thumb Code     0  libinit2.o(.ARM.Collect$$libinit$$0000000A)
    __rt_lib_init_lc_common                  0x080001a7   Thumb Code     0  libinit2.o(.ARM.Collect$$libinit$$0000000F)
    __rt_lib_init_preinit_1                  0x080001a7   Thumb Code     0  libinit2.o(.ARM.Collect$$libinit$$00000004)
    __rt_lib_init_rand_1                     0x080001a7   Thumb Code     0  libinit2.o(.ARM.Collect$$libinit$$0000000E)
    __rt_lib_init_user_alloc_1               0x080001a7   Thumb Code     0  libinit2.o(.ARM.Collect$$libinit$$0000000C)
    __rt_lib_init_lc_collate_1               0x080001ad   Thumb Code     0  libinit2.o(.ARM.Collect$$libinit$$00000011)
    __rt_lib_init_lc_ctype_2                 0x080001ad   Thumb Code     0  libinit2.o(.ARM.Collect$$libinit$$00000012)
    __rt_lib_init_alloca_1                   0x080001b9   Thumb Code     0  libinit2.o(.ARM.Collect$$libinit$$0000002E)
    __rt_lib_init_argv_1                     0x080001b9   Thumb Code     0  libinit2.o(.ARM.Collect$$libinit$$0000002C)
    __rt_lib_init_atexit_1                   0x080001b9   Thumb Code     0  libinit2.o(.ARM.Collect$$libinit$$0000001B)
    __rt_lib_init_clock_1                    0x080001b9   Thumb Code     0  libinit2.o(.ARM.Collect$$libinit$$00000021)
    __rt_lib_init_cpp_1                      0x080001b9   Thumb Code     0  libinit2.o(.ARM.Collect$$libinit$$00000032)
    __rt_lib_init_exceptions_1               0x080001b9   Thumb Code     0  libinit2.o(.ARM.Collect$$libinit$$00000030)
    __rt_lib_init_fp_trap_1                  0x080001b9   Thumb Code     0  libinit2.o(.ARM.Collect$$libinit$$0000001F)
    __rt_lib_init_getenv_1                   0x080001b9   Thumb Code     0  libinit2.o(.ARM.Collect$$libinit$$00000023)
    __rt_lib_init_lc_ctype_1                 0x080001b9   Thumb Code     0  libinit2.o(.ARM.Collect$$libinit$$00000013)
    __rt_lib_init_lc_monetary_1              0x080001b9   Thumb Code     0  libinit2.o(.ARM.Collect$$libinit$$00000015)
    __rt_lib_init_lc_numeric_1               0x080001b9   Thumb Code     0  libinit2.o(.ARM.Collect$$libinit$$00000017)
    __rt_lib_init_lc_time_1                  0x080001b9   Thumb Code     0  libinit2.o(.ARM.Collect$$libinit$$00000019)
    __rt_lib_init_return                     0x080001b9   Thumb Code     0  libinit2.o(.ARM.Collect$$libinit$$00000033)
    __rt_lib_init_signal_1                   0x080001b9   Thumb Code     0  libinit2.o(.ARM.Collect$$libinit$$0000001D)
    __rt_lib_init_stdio_1                    0x080001b9   Thumb Code     0  libinit2.o(.ARM.Collect$$libinit$$00000025)
    __rt_lib_shutdown                        0x080001bb   Thumb Code     0  libshutdown.o(.ARM.Collect$$libshutdown$$00000000)
    __rt_lib_shutdown_cpp_1                  0x080001bd   Thumb Code     0  libshutdown2.o(.ARM.Collect$$libshutdown$$00000002)
    __rt_lib_shutdown_fp_trap_1              0x080001bd   Thumb Code     0  libshutdown2.o(.ARM.Collect$$libshutdown$$00000007)
    __rt_lib_shutdown_heap_1                 0x080001bd   Thumb Code     0  libshutdown2.o(.ARM.Collect$$libshutdown$$0000000F)
    __rt_lib_shutdown_return                 0x080001bd   Thumb Code     0  libshutdown2.o(.ARM.Collect$$libshutdown$$00000010)
    __rt_lib_shutdown_signal_1               0x080001bd   Thumb Code     0  libshutdown2.o(.ARM.Collect$$libshutdown$$0000000A)
    __rt_lib_shutdown_stdio_1                0x080001bd   Thumb Code     0  libshutdown2.o(.ARM.Collect$$libshutdown$$00000004)
    __rt_lib_shutdown_user_alloc_1           0x080001bd   Thumb Code     0  libshutdown2.o(.ARM.Collect$$libshutdown$$0000000C)
    __rt_entry                               0x080001bf   Thumb Code     0  __rtentry.o(.ARM.Collect$$rtentry$$00000000)
    __rt_entry_presh_1                       0x080001bf   Thumb Code     0  __rtentry2.o(.ARM.Collect$$rtentry$$00000002)
    __rt_entry_sh                            0x080001bf   Thumb Code     0  __rtentry4.o(.ARM.Collect$$rtentry$$00000004)
    __rt_entry_li                            0x080001c5   Thumb Code     0  __rtentry2.o(.ARM.Collect$$rtentry$$0000000A)
    __rt_entry_postsh_1                      0x080001c5   Thumb Code     0  __rtentry2.o(.ARM.Collect$$rtentry$$00000009)
    __rt_entry_main                          0x080001c9   Thumb Code     0  __rtentry2.o(.ARM.Collect$$rtentry$$0000000D)
    __rt_entry_postli_1                      0x080001c9   Thumb Code     0  __rtentry2.o(.ARM.Collect$$rtentry$$0000000C)
    __rt_exit                                0x080001d1   Thumb Code     0  rtexit.o(.ARM.Collect$$rtexit$$00000000)
    __rt_exit_ls                             0x080001d3   Thumb Code     0  rtexit2.o(.ARM.Collect$$rtexit$$00000003)
    __rt_exit_prels_1                        0x080001d3   Thumb Code     0  rtexit2.o(.ARM.Collect$$rtexit$$00000002)
    __rt_exit_exit                           0x080001d7   Thumb Code     0  rtexit2.o(.ARM.Collect$$rtexit$$00000004)
    SVC_Handler                              0x080001dd   Thumb Code    32  port.o(.emb_text)
    __asm___6_port_c_39a90d8d__prvStartFirstTask 0x08000201   Thumb Code    28  port.o(.emb_text)
    PendSV_Handler                           0x08000221   Thumb Code    72  port.o(.emb_text)
    vPortGetIPSR                             0x0800026d   Thumb Code     6  port.o(.emb_text)
    Reset_Handler                            0x08000275   Thumb Code     8  startup_stm32f10x_hd.o(.text)
    ADC1_2_IRQHandler                        0x0800028f   Thumb Code     0  startup_stm32f10x_hd.o(.text)
    ADC3_IRQHandler                          0x0800028f   Thumb Code     0  startup_stm32f10x_hd.o(.text)
    CAN1_RX1_IRQHandler                      0x0800028f   Thumb Code     0  startup_stm32f10x_hd.o(.text)
    CAN1_SCE_IRQHandler                      0x0800028f   Thumb Code     0  startup_stm32f10x_hd.o(.text)
    DMA1_Channel1_IRQHandler                 0x0800028f   Thumb Code     0  startup_stm32f10x_hd.o(.text)
    DMA1_Channel2_IRQHandler                 0x0800028f   Thumb Code     0  startup_stm32f10x_hd.o(.text)
    DMA1_Channel3_IRQHandler                 0x0800028f   Thumb Code     0  startup_stm32f10x_hd.o(.text)
    DMA1_Channel4_IRQHandler                 0x0800028f   Thumb Code     0  startup_stm32f10x_hd.o(.text)
    DMA1_Channel5_IRQHandler                 0x0800028f   Thumb Code     0  startup_stm32f10x_hd.o(.text)
    DMA1_Channel6_IRQHandler                 0x0800028f   Thumb Code     0  startup_stm32f10x_hd.o(.text)
    DMA1_Channel7_IRQHandler                 0x0800028f   Thumb Code     0  startup_stm32f10x_hd.o(.text)
    DMA2_Channel1_IRQHandler                 0x0800028f   Thumb Code     0  startup_stm32f10x_hd.o(.text)
    DMA2_Channel2_IRQHandler                 0x0800028f   Thumb Code     0  startup_stm32f10x_hd.o(.text)
    DMA2_Channel3_IRQHandler                 0x0800028f   Thumb Code     0  startup_stm32f10x_hd.o(.text)
    DMA2_Channel4_5_IRQHandler               0x0800028f   Thumb Code     0  startup_stm32f10x_hd.o(.text)
    EXTI0_IRQHandler                         0x0800028f   Thumb Code     0  startup_stm32f10x_hd.o(.text)
    EXTI15_10_IRQHandler                     0x0800028f   Thumb Code     0  startup_stm32f10x_hd.o(.text)
    EXTI1_IRQHandler                         0x0800028f   Thumb Code     0  startup_stm32f10x_hd.o(.text)
    EXTI2_IRQHandler                         0x0800028f   Thumb Code     0  startup_stm32f10x_hd.o(.text)
    EXTI3_IRQHandler                         0x0800028f   Thumb Code     0  startup_stm32f10x_hd.o(.text)
    EXTI4_IRQHandler                         0x0800028f   Thumb Code     0  startup_stm32f10x_hd.o(.text)
    FLASH_IRQHandler                         0x0800028f   Thumb Code     0  startup_stm32f10x_hd.o(.text)
    FSMC_IRQHandler                          0x0800028f   Thumb Code     0  startup_stm32f10x_hd.o(.text)
    I2C1_ER_IRQHandler                       0x0800028f   Thumb Code     0  startup_stm32f10x_hd.o(.text)
    I2C1_EV_IRQHandler                       0x0800028f   Thumb Code     0  startup_stm32f10x_hd.o(.text)
    I2C2_ER_IRQHandler                       0x0800028f   Thumb Code     0  startup_stm32f10x_hd.o(.text)
    I2C2_EV_IRQHandler                       0x0800028f   Thumb Code     0  startup_stm32f10x_hd.o(.text)
    PVD_IRQHandler                           0x0800028f   Thumb Code     0  startup_stm32f10x_hd.o(.text)
    RCC_IRQHandler                           0x0800028f   Thumb Code     0  startup_stm32f10x_hd.o(.text)
    RTCAlarm_IRQHandler                      0x0800028f   Thumb Code     0  startup_stm32f10x_hd.o(.text)
    RTC_IRQHandler                           0x0800028f   Thumb Code     0  startup_stm32f10x_hd.o(.text)
    SDIO_IRQHandler                          0x0800028f   Thumb Code     0  startup_stm32f10x_hd.o(.text)
    SPI1_IRQHandler                          0x0800028f   Thumb Code     0  startup_stm32f10x_hd.o(.text)
    SPI2_IRQHandler                          0x0800028f   Thumb Code     0  startup_stm32f10x_hd.o(.text)
    SPI3_IRQHandler                          0x0800028f   Thumb Code     0  startup_stm32f10x_hd.o(.text)
    TAMPER_IRQHandler                        0x0800028f   Thumb Code     0  startup_stm32f10x_hd.o(.text)
    TIM1_BRK_IRQHandler                      0x0800028f   Thumb Code     0  startup_stm32f10x_hd.o(.text)
    TIM1_CC_IRQHandler                       0x0800028f   Thumb Code     0  startup_stm32f10x_hd.o(.text)
    TIM1_TRG_COM_IRQHandler                  0x0800028f   Thumb Code     0  startup_stm32f10x_hd.o(.text)
    TIM1_UP_IRQHandler                       0x0800028f   Thumb Code     0  startup_stm32f10x_hd.o(.text)
    TIM2_IRQHandler                          0x0800028f   Thumb Code     0  startup_stm32f10x_hd.o(.text)
    TIM3_IRQHandler                          0x0800028f   Thumb Code     0  startup_stm32f10x_hd.o(.text)
    TIM4_IRQHandler                          0x0800028f   Thumb Code     0  startup_stm32f10x_hd.o(.text)
    TIM5_IRQHandler                          0x0800028f   Thumb Code     0  startup_stm32f10x_hd.o(.text)
    TIM6_IRQHandler                          0x0800028f   Thumb Code     0  startup_stm32f10x_hd.o(.text)
    TIM7_IRQHandler                          0x0800028f   Thumb Code     0  startup_stm32f10x_hd.o(.text)
    TIM8_BRK_IRQHandler                      0x0800028f   Thumb Code     0  startup_stm32f10x_hd.o(.text)
    TIM8_CC_IRQHandler                       0x0800028f   Thumb Code     0  startup_stm32f10x_hd.o(.text)
    TIM8_TRG_COM_IRQHandler                  0x0800028f   Thumb Code     0  startup_stm32f10x_hd.o(.text)
    TIM8_UP_IRQHandler                       0x0800028f   Thumb Code     0  startup_stm32f10x_hd.o(.text)
    UART4_IRQHandler                         0x0800028f   Thumb Code     0  startup_stm32f10x_hd.o(.text)
    UART5_IRQHandler                         0x0800028f   Thumb Code     0  startup_stm32f10x_hd.o(.text)
    USART1_IRQHandler                        0x0800028f   Thumb Code     0  startup_stm32f10x_hd.o(.text)
    USART2_IRQHandler                        0x0800028f   Thumb Code     0  startup_stm32f10x_hd.o(.text)
    USART3_IRQHandler                        0x0800028f   Thumb Code     0  startup_stm32f10x_hd.o(.text)
    USBWakeUp_IRQHandler                     0x0800028f   Thumb Code     0  startup_stm32f10x_hd.o(.text)
    USB_HP_CAN1_TX_IRQHandler                0x0800028f   Thumb Code     0  startup_stm32f10x_hd.o(.text)
    USB_LP_CAN1_RX0_IRQHandler               0x0800028f   Thumb Code     0  startup_stm32f10x_hd.o(.text)
    WWDG_IRQHandler                          0x0800028f   Thumb Code     0  startup_stm32f10x_hd.o(.text)
    __user_initial_stackheap                 0x08000291   Thumb Code     0  startup_stm32f10x_hd.o(.text)
    __rt_ctype_table                         0x080002b5   Thumb Code    16  rt_ctype_table.o(.text)
    strlen                                   0x080002c5   Thumb Code    62  strlen.o(.text)
    __aeabi_memcpy                           0x08000303   Thumb Code     0  rt_memcpy_v6.o(.text)
    __rt_memcpy                              0x08000303   Thumb Code   138  rt_memcpy_v6.o(.text)
    _memcpy_lastbytes                        0x08000369   Thumb Code     0  rt_memcpy_v6.o(.text)
    __aeabi_memmove                          0x0800038d   Thumb Code     0  rt_memmove_v6.o(.text)
    __rt_memmove                             0x0800038d   Thumb Code   132  rt_memmove_v6.o(.text)
    __memmove_lastfew                        0x080003ed   Thumb Code     0  rt_memmove_v6.o(.text)
    __aeabi_memcpy4                          0x08000411   Thumb Code     0  rt_memcpy_w.o(.text)
    __aeabi_memcpy8                          0x08000411   Thumb Code     0  rt_memcpy_w.o(.text)
    __rt_memcpy_w                            0x08000411   Thumb Code   100  rt_memcpy_w.o(.text)
    _memcpy_lastbytes_aligned                0x08000459   Thumb Code     0  rt_memcpy_w.o(.text)
    __aeabi_memmove4                         0x08000475   Thumb Code     0  rt_memmove_w.o(.text)
    __aeabi_memmove8                         0x08000475   Thumb Code     0  rt_memmove_w.o(.text)
    __rt_memmove_w                           0x08000475   Thumb Code   122  rt_memmove_w.o(.text)
    __memmove_aligned                        0x0800049b   Thumb Code     0  rt_memmove_w.o(.text)
    __memmove_lastfew_aligned                0x080004d3   Thumb Code     0  rt_memmove_w.o(.text)
    memset                                   0x080004ef   Thumb Code    22  memset.o(.text)
    __aeabi_memset                           0x08000505   Thumb Code    16  aeabi_memset.o(.text)
    __aeabi_memclr                           0x08000515   Thumb Code     0  rt_memclr.o(.text)
    __rt_memclr                              0x08000515   Thumb Code    68  rt_memclr.o(.text)
    _memset                                  0x08000519   Thumb Code     0  rt_memclr.o(.text)
    __aeabi_memclr4                          0x08000559   Thumb Code     0  rt_memclr_w.o(.text)
    __aeabi_memclr8                          0x08000559   Thumb Code     0  rt_memclr_w.o(.text)
    __rt_memclr_w                            0x08000559   Thumb Code    78  rt_memclr_w.o(.text)
    _memset_w                                0x0800055d   Thumb Code     0  rt_memclr_w.o(.text)
    strncpy                                  0x080005a7   Thumb Code    86  strncpy.o(.text)
    __use_two_region_memory                  0x080005fd   Thumb Code     2  heapauxi.o(.text)
    __rt_heap_escrow                         0x080005ff   Thumb Code     2  heapauxi.o(.text)
    __rt_heap_expand                         0x08000601   Thumb Code     2  heapauxi.o(.text)
    __rt_locale                              0x08000605   Thumb Code     8  rt_locale_intlibspace.o(.text)
    __user_libspace                          0x0800060d   Thumb Code     8  libspace.o(.text)
    __user_perproc_libspace                  0x0800060d   Thumb Code     0  libspace.o(.text)
    __user_perthread_libspace                0x0800060d   Thumb Code     0  libspace.o(.text)
    __I$use$semihosting                      0x08000615   Thumb Code     0  use_no_semi.o(.text)
    __use_no_semihosting_swi                 0x08000615   Thumb Code     2  use_no_semi.o(.text)
    __semihosting_library_function           0x08000617   Thumb Code     0  indicate_semi.o(.text)
    strcmp                                   0x08000619   Thumb Code   128  strcmpv7m.o(.text)
    __user_setup_stackheap                   0x08000699   Thumb Code    74  sys_stackheap_outer.o(.text)
    exit                                     0x080006e3   Thumb Code    18  exit.o(.text)
    _sys_exit                                0x080006f5   Thumb Code     8  sys_exit.o(.text)
    ADC_Cmd                                  0x08000701   Thumb Code    76  stm32f10x_adc.o(i.ADC_Cmd)
    ADC_DMACmd                               0x08000795   Thumb Code    70  stm32f10x_adc.o(i.ADC_DMACmd)
    ADC_GetCalibrationStatus                 0x08000821   Thumb Code    54  stm32f10x_adc.o(i.ADC_GetCalibrationStatus)
    ADC_GetResetCalibrationStatus            0x080008a1   Thumb Code    54  stm32f10x_adc.o(i.ADC_GetResetCalibrationStatus)
    ADC_Init                                 0x08000921   Thumb Code   388  stm32f10x_adc.o(i.ADC_Init)
    ADC_RegularChannelConfig                 0x08000af5   Thumb Code   404  stm32f10x_adc.o(i.ADC_RegularChannelConfig)
    ADC_ResetCalibration                     0x08000cd1   Thumb Code    44  stm32f10x_adc.o(i.ADC_ResetCalibration)
    ADC_SoftwareStartConvCmd                 0x08000d45   Thumb Code    76  stm32f10x_adc.o(i.ADC_SoftwareStartConvCmd)
    ADC_StartCalibration                     0x08000dd9   Thumb Code    44  stm32f10x_adc.o(i.ADC_StartCalibration)
    BEEP_Init                                0x08000e4d   Thumb Code     8  beeper.o(i.BEEP_Init)
    BusFault_Handler                         0x08000e55   Thumb Code     4  stm32f10x_it.o(i.BusFault_Handler)
    DMA_Cmd                                  0x08000e59   Thumb Code   152  stm32f10x_dma.o(i.DMA_Cmd)
    DMA_DeInit                               0x08000f35   Thumb Code   430  stm32f10x_dma.o(i.DMA_DeInit)
    DMA_Init                                 0x08001129   Thumb Code   388  stm32f10x_dma.o(i.DMA_Init)
    DebugMon_Handler                         0x080012f1   Thumb Code     2  stm32f10x_it.o(i.DebugMon_Handler)
    EXTI9_5_IRQHandler                       0x080012f3   Thumb Code    16  stm32f10x_it.o(i.EXTI9_5_IRQHandler)
    EXTI_ClearITPendingBit                   0x08001305   Thumb Code    28  stm32f10x_exti.o(i.EXTI_ClearITPendingBit)
    EXTI_GetITStatus                         0x08001365   Thumb Code   152  stm32f10x_exti.o(i.EXTI_GetITStatus)
    EXTI_Init                                0x08001441   Thumb Code   236  stm32f10x_exti.o(i.EXTI_Init)
    GPIO_EXTILineConfig                      0x08001571   Thumb Code   176  stm32f10x_gpio.o(i.GPIO_EXTILineConfig)
    GPIO_Init                                0x08001665   Thumb Code   378  stm32f10x_gpio.o(i.GPIO_Init)
    GPIO_ResetBits                           0x0800183d   Thumb Code    82  stm32f10x_gpio.o(i.GPIO_ResetBits)
    GPIO_SetBits                             0x080018ed   Thumb Code    82  stm32f10x_gpio.o(i.GPIO_SetBits)
    GUI_API_Init                             0x0800199d   Thumb Code     8  rh_gui_api.o(i.GUI_API_Init)
    GUI_AddScreenArea                        0x080019ad   Thumb Code   108  rh_gui.o(i.GUI_AddScreenArea)
    GUI_AsserParam                           0x08001a1d   Thumb Code     2  rh_gui.o(i.GUI_AsserParam)
    GUI_Delay                                0x08001a1f   Thumb Code    18  rh_gui.o(i.GUI_Delay)
    GUI_DrawArea                             0x08001a31   Thumb Code     6  rh_gui.o(i.GUI_DrawArea)
    GUI_DummyDrawPixel                       0x08001a37   Thumb Code     2  rh_gui.o(i.GUI_DummyDrawPixel)
    GUI_Init                                 0x08001a39   Thumb Code    70  rh_gui.o(i.GUI_Init)
    GUI_RefreashEntireScreen                 0x08001a8d   Thumb Code    52  rh_gui.o(i.GUI_RefreashEntireScreen)
    GUI_RefreashScreen                       0x08001ac5   Thumb Code   144  rh_gui.o(i.GUI_RefreashScreen)
    GUI_RefreashScreenArea                   0x08001b59   Thumb Code   152  rh_gui.o(i.GUI_RefreashScreenArea)
    GUI_menu_create                          0x08001bfd   Thumb Code    58  rh_gui.o(i.GUI_menu_create)
    GUI_menu_frame                           0x08001c4d   Thumb Code    84  rh_gui.o(i.GUI_menu_frame)
    GUI_menu_insert                          0x08001cb9   Thumb Code   194  rh_gui.o(i.GUI_menu_insert)
    GUI_menu_scroll                          0x08001d95   Thumb Code   140  rh_gui.o(i.GUI_menu_scroll)
    HardFault_Handler                        0x08001e25   Thumb Code     4  stm32f10x_it.o(i.HardFault_Handler)
    I2C_CheckEvent                           0x08001e29   Thumb Code   222  stm32f10x_i2c.o(i.I2C_CheckEvent)
    I2C_Cmd                                  0x08001f6d   Thumb Code    72  stm32f10x_i2c.o(i.I2C_Cmd)
    I2C_DeInit                               0x08001ff9   Thumb Code    72  stm32f10x_i2c.o(i.I2C_DeInit)
    I2C_GenerateSTART                        0x08002085   Thumb Code    72  stm32f10x_i2c.o(i.I2C_GenerateSTART)
    I2C_GenerateSTOP                         0x08002111   Thumb Code    72  stm32f10x_i2c.o(i.I2C_GenerateSTOP)
    I2C_GetFlagStatus                        0x0800219d   Thumb Code   232  stm32f10x_i2c.o(i.I2C_GetFlagStatus)
    I2C_Init                                 0x080022e1   Thumb Code   386  stm32f10x_i2c.o(i.I2C_Init)
    I2C_Send7bitAddress                      0x080024b9   Thumb Code    68  stm32f10x_i2c.o(i.I2C_Send7bitAddress)
    I2C_SendData                             0x08002541   Thumb Code    34  stm32f10x_i2c.o(i.I2C_SendData)
    JoyStick_Init                            0x080025a9   Thumb Code    24  joystick.o(i.JoyStick_Init)
    LED_Init                                 0x080025c1   Thumb Code     8  led.o(i.LED_Init)
    LED_Set                                  0x080025c9   Thumb Code    30  led.o(i.LED_Set)
    MemManage_Handler                        0x080025ed   Thumb Code     4  stm32f10x_it.o(i.MemManage_Handler)
    NMI_Handler                              0x080025f1   Thumb Code     2  stm32f10x_it.o(i.NMI_Handler)
    NVIC_Init                                0x080025f5   Thumb Code   158  misc.o(i.NVIC_Init)
    NVIC_PriorityGroupConfig                 0x080026d5   Thumb Code    54  misc.o(i.NVIC_PriorityGroupConfig)
    RCC_AHBPeriphClockCmd                    0x08002749   Thumb Code    74  stm32f10x_rcc.o(i.RCC_AHBPeriphClockCmd)
    RCC_APB1PeriphClockCmd                   0x080027d5   Thumb Code    70  stm32f10x_rcc.o(i.RCC_APB1PeriphClockCmd)
    RCC_APB1PeriphResetCmd                   0x08002861   Thumb Code    70  stm32f10x_rcc.o(i.RCC_APB1PeriphResetCmd)
    RCC_APB2PeriphClockCmd                   0x080028ed   Thumb Code    70  stm32f10x_rcc.o(i.RCC_APB2PeriphClockCmd)
    RCC_GetClocksFreq                        0x08002979   Thumb Code   192  stm32f10x_rcc.o(i.RCC_GetClocksFreq)
    SSD1306_API_DrawArea                     0x08002a4d   Thumb Code   216  ssd1306.o(i.SSD1306_API_DrawArea)
    SSD1306_Clean                            0x08002b39   Thumb Code    52  ssd1306.o(i.SSD1306_Clean)
    SSD1306_Init                             0x08002b6d   Thumb Code   186  ssd1306.o(i.SSD1306_Init)
    SysTick_CLKSourceConfig                  0x08002d11   Thumb Code    62  misc.o(i.SysTick_CLKSourceConfig)
    SysTick_Handler                          0x08002d85   Thumb Code     8  stm32f10x_it.o(i.SysTick_Handler)
    SystemInit                               0x08002d8d   Thumb Code    78  system_stm32f10x.o(i.SystemInit)
    UsageFault_Handler                       0x08002ded   Thumb Code     4  stm32f10x_it.o(i.UsageFault_Handler)
    __Font_backup_config                     0x080032ed   Thumb Code    20  rh_font.o(i.__Font_backup_config)
    __Font_exportStr                         0x0800330d   Thumb Code   576  rh_font.o(i.__Font_exportStr)
    __Font_getWordNum                        0x08003551   Thumb Code    96  rh_font.o(i.__Font_getWordNum)
    __Font_init                              0x080035b5   Thumb Code   186  rh_font.o(i.__Font_init)
    __Font_restore_config                    0x08003681   Thumb Code    62  rh_font.o(i.__Font_restore_config)
    __Font_setSize                           0x080036cd   Thumb Code   150  rh_font.o(i.__Font_setSize)
    __Font_setStyle                          0x0800376d   Thumb Code   184  rh_font.o(i.__Font_setStyle)
    __Graph_backup_config                    0x08003831   Thumb Code    20  rh_graphic.o(i.__Graph_backup_config)
    __Graph_init                             0x08003851   Thumb Code    36  rh_graphic.o(i.__Graph_init)
    __Graph_rect_fill                        0x08003879   Thumb Code   628  rh_graphic.o(i.__Graph_rect_fill)
    __Graph_rect_raw                         0x08003b15   Thumb Code   132  rh_graphic.o(i.__Graph_rect_raw)
    __Graph_restore_config                   0x08003ba1   Thumb Code    26  rh_graphic.o(i.__Graph_restore_config)
    __Graph_set_penColor                     0x08003bc9   Thumb Code    18  rh_graphic.o(i.__Graph_set_penColor)
    __Stack_createBase                       0x08003be1   Thumb Code    36  rh_data.o(i.__Stack_createBase)
    __Stack_empty                            0x08003c25   Thumb Code    40  rh_data.o(i.__Stack_empty)
    __Stack_pop                              0x08003c6d   Thumb Code    64  rh_data.o(i.__Stack_pop)
    __Stack_push                             0x08003ccd   Thumb Code    60  rh_data.o(i.__Stack_push)
    __TaskStatic_led_heart                   0x08003d29   Thumb Code    30  rh_task.o(i.__TaskStatic_led_heart)
    __TaskStatic_main                        0x08003d49   Thumb Code   180  rh_task.o(i.__TaskStatic_main)
    __TaskStatic_radio_check                 0x08003e25   Thumb Code    10  rh_task.o(i.__TaskStatic_radio_check)
    __Task_init                              0x08003e31   Thumb Code    84  rh_task.o(i.__Task_init)
    __memgrab_Area                           0x08005213   Thumb Code   104  rh_lib.o(i.__memgrab_Area)
    assert_failed                            0x08005425   Thumb Code     4  stm32f10x_it.o(i.assert_failed)
    delay_init                               0x08005429   Thumb Code    52  delay.o(i.delay_init)
    delay_ms                                 0x08005465   Thumb Code    72  delay.o(i.delay_ms)
    main                                     0x080054b1   Thumb Code    44  main.o(i.main)
    pvPortCalloc                             0x080059b9   Thumb Code    30  heap_4.o(i.pvPortCalloc)
    pvPortMalloc                             0x080059d9   Thumb Code   296  heap_4.o(i.pvPortMalloc)
    pxPortInitialiseStack                    0x08005b49   Thumb Code    30  port.o(i.pxPortInitialiseStack)
    rhtt_GetCodepointBitmapBox               0x08005b6d   Thumb Code    56  rh_font.o(i.rhtt_GetCodepointBitmapBox)
    rhtt_GetCodepointHMetrics                0x08005bc1   Thumb Code    66  rh_font.o(i.rhtt_GetCodepointHMetrics)
    rhtt_GetFontVMetrics                     0x08005c21   Thumb Code    52  rh_font.o(i.rhtt_GetFontVMetrics)
    rhtt_InitFont                            0x08005c71   Thumb Code    36  rh_font.o(i.rhtt_InitFont)
    rhtt_MakeCodepointBitmap                 0x08005cb1   Thumb Code   180  rh_font.o(i.rhtt_MakeCodepointBitmap)
    rhtt_ScaleForPixelHeight                 0x08005d81   Thumb Code    42  rh_font.o(i.rhtt_ScaleForPixelHeight)
    roundf                                   0x08005dc9   Thumb Code   114  roundf.o(i.roundf)
    uxListRemove                             0x08005e3b   Thumb Code    40  list.o(i.uxListRemove)
    vApplicationGetIdleTaskMemory            0x08005e65   Thumb Code    14  main.o(i.vApplicationGetIdleTaskMemory)
    vListInitialise                          0x08005e7d   Thumb Code    26  list.o(i.vListInitialise)
    vListInitialiseItem                      0x08005e97   Thumb Code     6  list.o(i.vListInitialiseItem)
    vListInsert                              0x08005e9d   Thumb Code    52  list.o(i.vListInsert)
    vListInsertEnd                           0x08005ed1   Thumb Code    24  list.o(i.vListInsertEnd)
    vPortEnterCritical                       0x08005ee9   Thumb Code    66  port.o(i.vPortEnterCritical)
    vPortExitCritical                        0x08005f69   Thumb Code    46  port.o(i.vPortExitCritical)
    vPortFree                                0x08005fd1   Thumb Code   126  heap_4.o(i.vPortFree)
    vPortSetupTimerInterrupt                 0x0800608d   Thumb Code    36  port.o(i.vPortSetupTimerInterrupt)
    vTaskDelay                               0x080060b5   Thumb Code    70  tasks.o(i.vTaskDelay)
    vTaskDelete                              0x08006125   Thumb Code   190  tasks.o(i.vTaskDelete)
    vTaskStartScheduler                      0x0800622d   Thumb Code   138  tasks.o(i.vTaskStartScheduler)
    vTaskSuspendAll                          0x080062f9   Thumb Code    12  tasks.o(i.vTaskSuspendAll)
    vTaskSwitchContext                       0x08006309   Thumb Code   108  tasks.o(i.vTaskSwitchContext)
    xPortStartScheduler                      0x080063a9   Thumb Code   234  port.o(i.xPortStartScheduler)
    xPortSysTickHandler                      0x080064dd   Thumb Code    46  port.o(i.xPortSysTickHandler)
    xTaskCreate                              0x08006511   Thumb Code   100  tasks.o(i.xTaskCreate)
    xTaskCreateStatic                        0x08006575   Thumb Code   148  tasks.o(i.xTaskCreateStatic)
    xTaskIncrementTick                       0x08006629   Thumb Code   270  tasks.o(i.xTaskIncrementTick)
    xTaskResumeAll                           0x08006785   Thumb Code   212  tasks.o(i.xTaskResumeAll)
    _get_lc_ctype                            0x0800689d   Thumb Code    44  lc_ctype_c.o(locale$$code)
    __aeabi_fadd                             0x080068c9   Thumb Code     0  faddsub_clz.o(x$fpl$fadd)
    _fadd                                    0x080068c9   Thumb Code   196  faddsub_clz.o(x$fpl$fadd)
    __aeabi_f2iz                             0x0800698d   Thumb Code     0  ffix.o(x$fpl$ffix)
    _ffix                                    0x0800698d   Thumb Code    54  ffix.o(x$fpl$ffix)
    __aeabi_i2f                              0x080069c5   Thumb Code     0  fflt_clz.o(x$fpl$fflt)
    _fflt                                    0x080069c5   Thumb Code    48  fflt_clz.o(x$fpl$fflt)
    __aeabi_ui2f                             0x080069f5   Thumb Code     0  fflt_clz.o(x$fpl$ffltu)
    _ffltu                                   0x080069f5   Thumb Code    38  fflt_clz.o(x$fpl$ffltu)
    __aeabi_fmul                             0x08006a1d   Thumb Code     0  fmul.o(x$fpl$fmul)
    _fmul                                    0x08006a1d   Thumb Code   258  fmul.o(x$fpl$fmul)
    __fpl_fnaninf                            0x08006b1f   Thumb Code   140  fnaninf.o(x$fpl$fnaninf)
    __fpl_fretinf                            0x08006bab   Thumb Code    10  fretinf.o(x$fpl$fretinf)
    _frnd                                    0x08006bb5   Thumb Code    96  frnd.o(x$fpl$frnd)
    __aeabi_fsub                             0x08006c15   Thumb Code     0  faddsub_clz.o(x$fpl$fsub)
    _fsub                                    0x08006c15   Thumb Code   234  faddsub_clz.o(x$fpl$fsub)
    __I$use$fp                               0x08006cfe   Number         0  usenofp.o(x$fpl$usenofp)
    Font_BIT_ArialRoundedBold_size_8         0x08006f9c   Data         768  rh_font_arialroundedbold.o(.constdata)
    Region$$Table$$Base                      0x080072c0   Number         0  anon$$obj.o(Region$$Table)
    Region$$Table$$Limit                     0x080072e0   Number         0  anon$$obj.o(Region$$Table)
    __ctype                                  0x080072ed   Data           0  lc_ctype_c.o(locale$$data)
    SystemCoreClock                          0x20000018   Data           4  system_stm32f10x.o(.data)
    AHBPrescTable                            0x2000001c   Data          16  system_stm32f10x.o(.data)
    joystick_data                            0x2000002c   Data           4  joystick.o(.data)
    GUI_API_DrawArea                         0x20000030   Data           4  rh_gui.o(.data)
    GUI_API_DrawPixel                        0x20000034   Data           4  rh_gui.o(.data)
    GUI_API_AssertParam                      0x20000038   Data           4  rh_gui.o(.data)
    GUI_API_DelayMs                          0x2000003c   Data           4  rh_gui.o(.data)
    pxCurrentTCB                             0x2000009c   Data           4  tasks.o(.data)
    uxTopUsedPriority                        0x200000d4   Data           4  tasks.o(.data)
    EG_Hardware                              0x2000302c   Data          28  rh_task.o(.bss)
    EG_Software                              0x20003048   Data          28  rh_task.o(.bss)
    SmartPi                                  0x20003064   Data          16  rh_task.o(.bss)
    __libspace_start                         0x20003858   Data          96  libspace.o(.bss)
    __temporary_stack_top$libspace           0x200038b8   Data           0  libspace.o(.bss)



==============================================================================

Memory Map of the image

  Image Entry point : 0x08000131

  Load Region LR_IROM1 (Base: 0x08000000, Size: 0x000074f8, Max: 0x00010000, ABSOLUTE)

    Execution Region ER_IROM1 (Exec base: 0x08000000, Load base: 0x08000000, Size: 0x000073f0, Max: 0x00010000, ABSOLUTE)

    Exec Addr    Load Addr    Size         Type   Attr      Idx    E Section Name        Object

    0x08000000   0x08000000   0x00000130   Data   RO         2878    RESET               startup_stm32f10x_hd.o
    0x08000130   0x08000130   0x00000008   Code   RO         6583  * !!!main             c_w.l(__main.o)
    0x08000138   0x08000138   0x00000034   Code   RO         7262    !!!scatter          c_w.l(__scatter.o)
    0x0800016c   0x0800016c   0x0000001a   Code   RO         7264    !!handler_copy      c_w.l(__scatter_copy.o)
    0x08000186   0x08000186   0x00000002   PAD
    0x08000188   0x08000188   0x0000001c   Code   RO         7266    !!handler_zi        c_w.l(__scatter_zi.o)
    0x080001a4   0x080001a4   0x00000002   Code   RO         7187    .ARM.Collect$$libinit$$00000000  c_w.l(libinit.o)
    0x080001a6   0x080001a6   0x00000000   Code   RO         6897    .ARM.Collect$$libinit$$00000002  c_w.l(libinit2.o)
    0x080001a6   0x080001a6   0x00000000   Code   RO         6899    .ARM.Collect$$libinit$$00000004  c_w.l(libinit2.o)
    0x080001a6   0x080001a6   0x00000000   Code   RO         6902    .ARM.Collect$$libinit$$0000000A  c_w.l(libinit2.o)
    0x080001a6   0x080001a6   0x00000000   Code   RO         6904    .ARM.Collect$$libinit$$0000000C  c_w.l(libinit2.o)
    0x080001a6   0x080001a6   0x00000000   Code   RO         6906    .ARM.Collect$$libinit$$0000000E  c_w.l(libinit2.o)
    0x080001a6   0x080001a6   0x00000006   Code   RO         6907    .ARM.Collect$$libinit$$0000000F  c_w.l(libinit2.o)
    0x080001ac   0x080001ac   0x00000000   Code   RO         6909    .ARM.Collect$$libinit$$00000011  c_w.l(libinit2.o)
    0x080001ac   0x080001ac   0x0000000c   Code   RO         6910    .ARM.Collect$$libinit$$00000012  c_w.l(libinit2.o)
    0x080001b8   0x080001b8   0x00000000   Code   RO         6911    .ARM.Collect$$libinit$$00000013  c_w.l(libinit2.o)
    0x080001b8   0x080001b8   0x00000000   Code   RO         6913    .ARM.Collect$$libinit$$00000015  c_w.l(libinit2.o)
    0x080001b8   0x080001b8   0x00000000   Code   RO         6915    .ARM.Collect$$libinit$$00000017  c_w.l(libinit2.o)
    0x080001b8   0x080001b8   0x00000000   Code   RO         6917    .ARM.Collect$$libinit$$00000019  c_w.l(libinit2.o)
    0x080001b8   0x080001b8   0x00000000   Code   RO         6919    .ARM.Collect$$libinit$$0000001B  c_w.l(libinit2.o)
    0x080001b8   0x080001b8   0x00000000   Code   RO         6921    .ARM.Collect$$libinit$$0000001D  c_w.l(libinit2.o)
    0x080001b8   0x080001b8   0x00000000   Code   RO         6923    .ARM.Collect$$libinit$$0000001F  c_w.l(libinit2.o)
    0x080001b8   0x080001b8   0x00000000   Code   RO         6925    .ARM.Collect$$libinit$$00000021  c_w.l(libinit2.o)
    0x080001b8   0x080001b8   0x00000000   Code   RO         6927    .ARM.Collect$$libinit$$00000023  c_w.l(libinit2.o)
    0x080001b8   0x080001b8   0x00000000   Code   RO         6929    .ARM.Collect$$libinit$$00000025  c_w.l(libinit2.o)
    0x080001b8   0x080001b8   0x00000000   Code   RO         6933    .ARM.Collect$$libinit$$0000002C  c_w.l(libinit2.o)
    0x080001b8   0x080001b8   0x00000000   Code   RO         6935    .ARM.Collect$$libinit$$0000002E  c_w.l(libinit2.o)
    0x080001b8   0x080001b8   0x00000000   Code   RO         6937    .ARM.Collect$$libinit$$00000030  c_w.l(libinit2.o)
    0x080001b8   0x080001b8   0x00000000   Code   RO         6939    .ARM.Collect$$libinit$$00000032  c_w.l(libinit2.o)
    0x080001b8   0x080001b8   0x00000002   Code   RO         6940    .ARM.Collect$$libinit$$00000033  c_w.l(libinit2.o)
    0x080001ba   0x080001ba   0x00000002   Code   RO         7259    .ARM.Collect$$libshutdown$$00000000  c_w.l(libshutdown.o)
    0x080001bc   0x080001bc   0x00000000   Code   RO         7189    .ARM.Collect$$libshutdown$$00000002  c_w.l(libshutdown2.o)
    0x080001bc   0x080001bc   0x00000000   Code   RO         7191    .ARM.Collect$$libshutdown$$00000004  c_w.l(libshutdown2.o)
    0x080001bc   0x080001bc   0x00000000   Code   RO         7194    .ARM.Collect$$libshutdown$$00000007  c_w.l(libshutdown2.o)
    0x080001bc   0x080001bc   0x00000000   Code   RO         7197    .ARM.Collect$$libshutdown$$0000000A  c_w.l(libshutdown2.o)
    0x080001bc   0x080001bc   0x00000000   Code   RO         7199    .ARM.Collect$$libshutdown$$0000000C  c_w.l(libshutdown2.o)
    0x080001bc   0x080001bc   0x00000000   Code   RO         7202    .ARM.Collect$$libshutdown$$0000000F  c_w.l(libshutdown2.o)
    0x080001bc   0x080001bc   0x00000002   Code   RO         7203    .ARM.Collect$$libshutdown$$00000010  c_w.l(libshutdown2.o)
    0x080001be   0x080001be   0x00000000   Code   RO         6762    .ARM.Collect$$rtentry$$00000000  c_w.l(__rtentry.o)
    0x080001be   0x080001be   0x00000000   Code   RO         7033    .ARM.Collect$$rtentry$$00000002  c_w.l(__rtentry2.o)
    0x080001be   0x080001be   0x00000006   Code   RO         7045    .ARM.Collect$$rtentry$$00000004  c_w.l(__rtentry4.o)
    0x080001c4   0x080001c4   0x00000000   Code   RO         7035    .ARM.Collect$$rtentry$$00000009  c_w.l(__rtentry2.o)
    0x080001c4   0x080001c4   0x00000004   Code   RO         7036    .ARM.Collect$$rtentry$$0000000A  c_w.l(__rtentry2.o)
    0x080001c8   0x080001c8   0x00000000   Code   RO         7038    .ARM.Collect$$rtentry$$0000000C  c_w.l(__rtentry2.o)
    0x080001c8   0x080001c8   0x00000008   Code   RO         7039    .ARM.Collect$$rtentry$$0000000D  c_w.l(__rtentry2.o)
    0x080001d0   0x080001d0   0x00000002   Code   RO         7210    .ARM.Collect$$rtexit$$00000000  c_w.l(rtexit.o)
    0x080001d2   0x080001d2   0x00000000   Code   RO         7235    .ARM.Collect$$rtexit$$00000002  c_w.l(rtexit2.o)
    0x080001d2   0x080001d2   0x00000004   Code   RO         7236    .ARM.Collect$$rtexit$$00000003  c_w.l(rtexit2.o)
    0x080001d6   0x080001d6   0x00000006   Code   RO         7237    .ARM.Collect$$rtexit$$00000004  c_w.l(rtexit2.o)
    0x080001dc   0x080001dc   0x00000096   Code   RO         6233    .emb_text           port.o
    0x08000272   0x08000272   0x00000002   PAD
    0x08000274   0x08000274   0x00000040   Code   RO         2879    .text               startup_stm32f10x_hd.o
    0x080002b4   0x080002b4   0x00000010   Code   RO         6433    .text               c_w.l(rt_ctype_table.o)
    0x080002c4   0x080002c4   0x0000003e   Code   RO         6561    .text               c_w.l(strlen.o)
    0x08000302   0x08000302   0x0000008a   Code   RO         6563    .text               c_w.l(rt_memcpy_v6.o)
    0x0800038c   0x0800038c   0x00000084   Code   RO         6565    .text               c_w.l(rt_memmove_v6.o)
    0x08000410   0x08000410   0x00000064   Code   RO         6567    .text               c_w.l(rt_memcpy_w.o)
    0x08000474   0x08000474   0x0000007a   Code   RO         6569    .text               c_w.l(rt_memmove_w.o)
    0x080004ee   0x080004ee   0x00000016   Code   RO         6571    .text               c_w.l(memset.o)
    0x08000504   0x08000504   0x00000010   Code   RO         6573    .text               c_w.l(aeabi_memset.o)
    0x08000514   0x08000514   0x00000044   Code   RO         6575    .text               c_w.l(rt_memclr.o)
    0x08000558   0x08000558   0x0000004e   Code   RO         6577    .text               c_w.l(rt_memclr_w.o)
    0x080005a6   0x080005a6   0x00000056   Code   RO         6579    .text               c_w.l(strncpy.o)
    0x080005fc   0x080005fc   0x00000006   Code   RO         6581    .text               c_w.l(heapauxi.o)
    0x08000602   0x08000602   0x00000002   PAD
    0x08000604   0x08000604   0x00000008   Code   RO         6771    .text               c_w.l(rt_locale_intlibspace.o)
    0x0800060c   0x0800060c   0x00000008   Code   RO         7026    .text               c_w.l(libspace.o)
    0x08000614   0x08000614   0x00000002   Code   RO         7029    .text               c_w.l(use_no_semi.o)
    0x08000616   0x08000616   0x00000000   Code   RO         7031    .text               c_w.l(indicate_semi.o)
    0x08000616   0x08000616   0x00000002   PAD
    0x08000618   0x08000618   0x00000080   Code   RO         7121    .text               c_w.l(strcmpv7m.o)
    0x08000698   0x08000698   0x0000004a   Code   RO         7138    .text               c_w.l(sys_stackheap_outer.o)
    0x080006e2   0x080006e2   0x00000012   Code   RO         7166    .text               c_w.l(exit.o)
    0x080006f4   0x080006f4   0x0000000c   Code   RO         7208    .text               c_w.l(sys_exit.o)
    0x08000700   0x08000700   0x00000094   Code   RO          903    i.ADC_Cmd           stm32f10x_adc.o
    0x08000794   0x08000794   0x0000008c   Code   RO          904    i.ADC_DMACmd        stm32f10x_adc.o
    0x08000820   0x08000820   0x00000080   Code   RO          911    i.ADC_GetCalibrationStatus  stm32f10x_adc.o
    0x080008a0   0x080008a0   0x00000080   Code   RO          917    i.ADC_GetResetCalibrationStatus  stm32f10x_adc.o
    0x08000920   0x08000920   0x000001d4   Code   RO          921    i.ADC_Init          stm32f10x_adc.o
    0x08000af4   0x08000af4   0x000001dc   Code   RO          925    i.ADC_RegularChannelConfig  stm32f10x_adc.o
    0x08000cd0   0x08000cd0   0x00000074   Code   RO          926    i.ADC_ResetCalibration  stm32f10x_adc.o
    0x08000d44   0x08000d44   0x00000094   Code   RO          928    i.ADC_SoftwareStartConvCmd  stm32f10x_adc.o
    0x08000dd8   0x08000dd8   0x00000074   Code   RO          930    i.ADC_StartCalibration  stm32f10x_adc.o
    0x08000e4c   0x08000e4c   0x00000008   Code   RO         3012    i.BEEP_Init         beeper.o
    0x08000e54   0x08000e54   0x00000004   Code   RO            1    i.BusFault_Handler  stm32f10x_it.o
    0x08000e58   0x08000e58   0x000000dc   Code   RO         1202    i.DMA_Cmd           stm32f10x_dma.o
    0x08000f34   0x08000f34   0x000001f4   Code   RO         1203    i.DMA_DeInit        stm32f10x_dma.o
    0x08001128   0x08001128   0x000001c8   Code   RO         1208    i.DMA_Init          stm32f10x_dma.o
    0x080012f0   0x080012f0   0x00000002   Code   RO            2    i.DebugMon_Handler  stm32f10x_it.o
    0x080012f2   0x080012f2   0x00000010   Code   RO            3    i.EXTI9_5_IRQHandler  stm32f10x_it.o
    0x08001302   0x08001302   0x00000002   PAD
    0x08001304   0x08001304   0x00000060   Code   RO         1276    i.EXTI_ClearITPendingBit  stm32f10x_exti.o
    0x08001364   0x08001364   0x000000dc   Code   RO         1280    i.EXTI_GetITStatus  stm32f10x_exti.o
    0x08001440   0x08001440   0x00000130   Code   RO         1281    i.EXTI_Init         stm32f10x_exti.o
    0x08001570   0x08001570   0x000000f4   Code   RO          586    i.GPIO_EXTILineConfig  stm32f10x_gpio.o
    0x08001664   0x08001664   0x000001d8   Code   RO          589    i.GPIO_Init         stm32f10x_gpio.o
    0x0800183c   0x0800183c   0x000000b0   Code   RO          596    i.GPIO_ResetBits    stm32f10x_gpio.o
    0x080018ec   0x080018ec   0x000000b0   Code   RO          597    i.GPIO_SetBits      stm32f10x_gpio.o
    0x0800199c   0x0800199c   0x00000010   Code   RO          311    i.GUI_API_Init      rh_gui_api.o
    0x080019ac   0x080019ac   0x00000070   Code   RO         3035    i.GUI_AddScreenArea  rh_gui.o
    0x08001a1c   0x08001a1c   0x00000002   Code   RO         3036    i.GUI_AsserParam    rh_gui.o
    0x08001a1e   0x08001a1e   0x00000012   Code   RO         3037    i.GUI_Delay         rh_gui.o
    0x08001a30   0x08001a30   0x00000006   Code   RO         3038    i.GUI_DrawArea      rh_gui.o
    0x08001a36   0x08001a36   0x00000002   Code   RO         3039    i.GUI_DummyDrawPixel  rh_gui.o
    0x08001a38   0x08001a38   0x00000054   Code   RO         3040    i.GUI_Init          rh_gui.o
    0x08001a8c   0x08001a8c   0x00000038   Code   RO         3041    i.GUI_RefreashEntireScreen  rh_gui.o
    0x08001ac4   0x08001ac4   0x00000094   Code   RO         3042    i.GUI_RefreashScreen  rh_gui.o
    0x08001b58   0x08001b58   0x000000a4   Code   RO         3043    i.GUI_RefreashScreenArea  rh_gui.o
    0x08001bfc   0x08001bfc   0x00000050   Code   RO         3056    i.GUI_menu_create   rh_gui.o
    0x08001c4c   0x08001c4c   0x0000006c   Code   RO         3057    i.GUI_menu_frame    rh_gui.o
    0x08001cb8   0x08001cb8   0x000000dc   Code   RO         3058    i.GUI_menu_insert   rh_gui.o
    0x08001d94   0x08001d94   0x00000090   Code   RO         3059    i.GUI_menu_scroll   rh_gui.o
    0x08001e24   0x08001e24   0x00000004   Code   RO            4    i.HardFault_Handler  stm32f10x_it.o
    0x08001e28   0x08001e28   0x00000144   Code   RO         1455    i.I2C_CheckEvent    stm32f10x_i2c.o
    0x08001f6c   0x08001f6c   0x0000008c   Code   RO         1458    i.I2C_Cmd           stm32f10x_i2c.o
    0x08001ff8   0x08001ff8   0x0000008c   Code   RO         1461    i.I2C_DeInit        stm32f10x_i2c.o
    0x08002084   0x08002084   0x0000008c   Code   RO         1465    i.I2C_GenerateSTART  stm32f10x_i2c.o
    0x08002110   0x08002110   0x0000008c   Code   RO         1466    i.I2C_GenerateSTOP  stm32f10x_i2c.o
    0x0800219c   0x0800219c   0x00000144   Code   RO         1467    i.I2C_GetFlagStatus  stm32f10x_i2c.o
    0x080022e0   0x080022e0   0x000001d8   Code   RO         1472    i.I2C_Init          stm32f10x_i2c.o
    0x080024b8   0x080024b8   0x00000088   Code   RO         1478    i.I2C_Send7bitAddress  stm32f10x_i2c.o
    0x08002540   0x08002540   0x00000068   Code   RO         1479    i.I2C_SendData      stm32f10x_i2c.o
    0x080025a8   0x080025a8   0x00000018   Code   RO         2946    i.JoyStick_Init     joystick.o
    0x080025c0   0x080025c0   0x00000008   Code   RO         2989    i.LED_Init          led.o
    0x080025c8   0x080025c8   0x00000024   Code   RO         2990    i.LED_Set           led.o
    0x080025ec   0x080025ec   0x00000004   Code   RO            5    i.MemManage_Handler  stm32f10x_it.o
    0x080025f0   0x080025f0   0x00000002   Code   RO            6    i.NMI_Handler       stm32f10x_it.o
    0x080025f2   0x080025f2   0x00000002   PAD
    0x080025f4   0x080025f4   0x000000e0   Code   RO          370    i.NVIC_Init         misc.o
    0x080026d4   0x080026d4   0x00000074   Code   RO          371    i.NVIC_PriorityGroupConfig  misc.o
    0x08002748   0x08002748   0x0000008c   Code   RO          698    i.RCC_AHBPeriphClockCmd  stm32f10x_rcc.o
    0x080027d4   0x080027d4   0x0000008c   Code   RO          699    i.RCC_APB1PeriphClockCmd  stm32f10x_rcc.o
    0x08002860   0x08002860   0x0000008c   Code   RO          700    i.RCC_APB1PeriphResetCmd  stm32f10x_rcc.o
    0x080028ec   0x080028ec   0x0000008c   Code   RO          701    i.RCC_APB2PeriphClockCmd  stm32f10x_rcc.o
    0x08002978   0x08002978   0x000000d4   Code   RO          709    i.RCC_GetClocksFreq  stm32f10x_rcc.o
    0x08002a4c   0x08002a4c   0x000000ec   Code   RO         2883    i.SSD1306_API_DrawArea  ssd1306.o
    0x08002b38   0x08002b38   0x00000034   Code   RO         2885    i.SSD1306_Clean     ssd1306.o
    0x08002b6c   0x08002b6c   0x000000ba   Code   RO         2887    i.SSD1306_Init      ssd1306.o
    0x08002c26   0x08002c26   0x00000008   Code   RO         2842    i.SetSysClock       system_stm32f10x.o
    0x08002c2e   0x08002c2e   0x00000002   PAD
    0x08002c30   0x08002c30   0x000000e0   Code   RO         2843    i.SetSysClockTo72   system_stm32f10x.o
    0x08002d10   0x08002d10   0x00000074   Code   RO          374    i.SysTick_CLKSourceConfig  misc.o
    0x08002d84   0x08002d84   0x00000008   Code   RO            7    i.SysTick_Handler   stm32f10x_it.o
    0x08002d8c   0x08002d8c   0x00000060   Code   RO         2845    i.SystemInit        system_stm32f10x.o
    0x08002dec   0x08002dec   0x00000004   Code   RO            8    i.UsageFault_Handler  stm32f10x_it.o
    0x08002df0   0x08002df0   0x00000058   Code   RO         4624    i.__ApplyPixel_cpblur  rh_graphic.o
    0x08002e48   0x08002e48   0x000000e0   Code   RO         4625    i.__ApplyPixel_eor  rh_graphic.o
    0x08002f28   0x08002f28   0x000000b8   Code   RO         4626    i.__ApplyPixel_fill  rh_graphic.o
    0x08002fe0   0x08002fe0   0x00000080   Code   RO         4627    i.__ApplyPixel_lightness  rh_graphic.o
    0x08003060   0x08003060   0x00000094   Code   RO         4628    i.__ApplyPixel_mark  rh_graphic.o
    0x080030f4   0x080030f4   0x000000e4   Code   RO         4629    i.__ApplyPixel_reverse  rh_graphic.o
    0x080031d8   0x080031d8   0x00000094   Code   RO         4630    i.__ApplyPixel_unmark  rh_graphic.o
    0x0800326c   0x0800326c   0x00000080   Code   RO         4631    i.__ApplyPixel_unzero  rh_graphic.o
    0x080032ec   0x080032ec   0x00000020   Code   RO         3474    i.__Font_backup_config  rh_font.o
    0x0800330c   0x0800330c   0x00000244   Code   RO         3476    i.__Font_exportStr  rh_font.o
    0x08003550   0x08003550   0x00000064   Code   RO         3482    i.__Font_getWordNum  rh_font.o
    0x080035b4   0x080035b4   0x000000cc   Code   RO         3483    i.__Font_init       rh_font.o
    0x08003680   0x08003680   0x0000004c   Code   RO         3484    i.__Font_restore_config  rh_font.o
    0x080036cc   0x080036cc   0x000000a0   Code   RO         3485    i.__Font_setSize    rh_font.o
    0x0800376c   0x0800376c   0x000000c4   Code   RO         3486    i.__Font_setStyle   rh_font.o
    0x08003830   0x08003830   0x00000020   Code   RO         4632    i.__Graph_backup_config  rh_graphic.o
    0x08003850   0x08003850   0x00000028   Code   RO         4648    i.__Graph_init      rh_graphic.o
    0x08003878   0x08003878   0x0000029c   Code   RO         4656    i.__Graph_rect_fill  rh_graphic.o
    0x08003b14   0x08003b14   0x0000008c   Code   RO         4657    i.__Graph_rect_raw  rh_graphic.o
    0x08003ba0   0x08003ba0   0x00000028   Code   RO         4659    i.__Graph_restore_config  rh_graphic.o
    0x08003bc8   0x08003bc8   0x00000018   Code   RO         4664    i.__Graph_set_penColor  rh_graphic.o
    0x08003be0   0x08003be0   0x00000044   Code   RO         4396    i.__Stack_createBase  rh_data.o
    0x08003c24   0x08003c24   0x00000048   Code   RO         4398    i.__Stack_empty     rh_data.o
    0x08003c6c   0x08003c6c   0x00000060   Code   RO         4399    i.__Stack_pop       rh_data.o
    0x08003ccc   0x08003ccc   0x0000005c   Code   RO         4400    i.__Stack_push      rh_data.o
    0x08003d28   0x08003d28   0x0000001e   Code   RO         6372    i.__TaskStatic_led_heart  rh_task.o
    0x08003d46   0x08003d46   0x00000002   PAD
    0x08003d48   0x08003d48   0x000000dc   Code   RO         6373    i.__TaskStatic_main  rh_task.o
    0x08003e24   0x08003e24   0x0000000a   Code   RO         6374    i.__TaskStatic_radio_check  rh_task.o
    0x08003e2e   0x08003e2e   0x00000002   PAD
    0x08003e30   0x08003e30   0x000000c0   Code   RO         6375    i.__Task_init       rh_task.o
    0x08003ef0   0x08003ef0   0x00000090   Code   RO         2947    i.__configADC       joystick.o
    0x08003f80   0x08003f80   0x00000060   Code   RO         2948    i.__configDMA       joystick.o
    0x08003fe0   0x08003fe0   0x00000020   Code   RO         2949    i.__configEXTI      joystick.o
    0x08004000   0x08004000   0x00000060   Code   RO         2950    i.__configGPIO      joystick.o
    0x08004060   0x08004060   0x00000038   Code   RO         2991    i.__configGPIO      led.o
    0x08004098   0x08004098   0x00000034   Code   RO         3014    i.__configGPIO      beeper.o
    0x080040cc   0x080040cc   0x00000058   Code   RO         2889    i.__configI2C       ssd1306.o
    0x08004124   0x08004124   0x00000026   Code   RO         2951    i.__configNVIC      joystick.o
    0x0800414a   0x0800414a   0x00000002   PAD
    0x0800414c   0x0800414c   0x000002cc   Code   RO         3083    i.__gui_insert_menu_bar  rh_gui.o
    0x08004418   0x08004418   0x000001b8   Code   RO         3084    i.__gui_insert_menu_title  rh_gui.o
    0x080045d0   0x080045d0   0x00000654   Code   RO         3101    i.__gui_scroll_menu_down  rh_gui.o
    0x08004c24   0x08004c24   0x000005ee   Code   RO         3102    i.__gui_scroll_menu_up  rh_gui.o
    0x08005212   0x08005212   0x00000068   Code   RO         5061    i.__memgrab_Area    rh_lib.o
    0x0800527a   0x0800527a   0x00000002   PAD
    0x0800527c   0x0800527c   0x00000100   Code   RO         6378    i.__subtask_0x00000000_UI  rh_task.o
    0x0800537c   0x0800537c   0x0000008c   Code   RO         2890    i.__writeByte       ssd1306.o
    0x08005408   0x08005408   0x0000000e   Code   RO         2891    i.__writeCmd        ssd1306.o
    0x08005416   0x08005416   0x0000000e   Code   RO         2892    i.__writeDat        ssd1306.o
    0x08005424   0x08005424   0x00000004   Code   RO            9    i.assert_failed     stm32f10x_it.o
    0x08005428   0x08005428   0x0000003c   Code   RO          105    i.delay_init        delay.o
    0x08005464   0x08005464   0x0000004c   Code   RO          106    i.delay_ms          delay.o
    0x080054b0   0x080054b0   0x0000002c   Code   RO          135    i.main              main.o
    0x080054dc   0x080054dc   0x00000098   Code   RO         5906    i.prvAddCurrentTaskToDelayedList  tasks.o
    0x08005574   0x08005574   0x000000b4   Code   RO         5907    i.prvAddNewTaskToReadyList  tasks.o
    0x08005628   0x08005628   0x00000048   Code   RO         5908    i.prvCheckTasksWaitingTermination  tasks.o
    0x08005670   0x08005670   0x00000064   Code   RO         5909    i.prvDeleteTCB      tasks.o
    0x080056d4   0x080056d4   0x0000007c   Code   RO         6310    i.prvHeapInit       heap_4.o
    0x08005750   0x08005750   0x00000028   Code   RO         5910    i.prvIdleTask       tasks.o
    0x08005778   0x08005778   0x000000d8   Code   RO         5911    i.prvInitialiseNewTask  tasks.o
    0x08005850   0x08005850   0x00000068   Code   RO         5912    i.prvInitialiseTaskLists  tasks.o
    0x080058b8   0x080058b8   0x00000068   Code   RO         6311    i.prvInsertBlockIntoFreeList  heap_4.o
    0x08005920   0x08005920   0x00000030   Code   RO         5913    i.prvResetNextTaskUnblockTime  tasks.o
    0x08005950   0x08005950   0x00000068   Code   RO         6234    i.prvTaskExitError  port.o
    0x080059b8   0x080059b8   0x0000001e   Code   RO         6312    i.pvPortCalloc      heap_4.o
    0x080059d6   0x080059d6   0x00000002   PAD
    0x080059d8   0x080059d8   0x00000170   Code   RO         6313    i.pvPortMalloc      heap_4.o
    0x08005b48   0x08005b48   0x00000024   Code   RO         6235    i.pxPortInitialiseStack  port.o
    0x08005b6c   0x08005b6c   0x00000054   Code   RO         3488    i.rhtt_GetCodepointBitmapBox  rh_font.o
    0x08005bc0   0x08005bc0   0x00000060   Code   RO         3489    i.rhtt_GetCodepointHMetrics  rh_font.o
    0x08005c20   0x08005c20   0x00000050   Code   RO         3490    i.rhtt_GetFontVMetrics  rh_font.o
    0x08005c70   0x08005c70   0x00000040   Code   RO         3491    i.rhtt_InitFont     rh_font.o
    0x08005cb0   0x08005cb0   0x000000d0   Code   RO         3492    i.rhtt_MakeCodepointBitmap  rh_font.o
    0x08005d80   0x08005d80   0x00000048   Code   RO         3493    i.rhtt_ScaleForPixelHeight  rh_font.o
    0x08005dc8   0x08005dc8   0x00000072   Code   RO         6749    i.roundf            m_ws.l(roundf.o)
    0x08005e3a   0x08005e3a   0x00000028   Code   RO         5559    i.uxListRemove      list.o
    0x08005e62   0x08005e62   0x00000002   PAD
    0x08005e64   0x08005e64   0x00000018   Code   RO          136    i.vApplicationGetIdleTaskMemory  main.o
    0x08005e7c   0x08005e7c   0x0000001a   Code   RO         5560    i.vListInitialise   list.o
    0x08005e96   0x08005e96   0x00000006   Code   RO         5561    i.vListInitialiseItem  list.o
    0x08005e9c   0x08005e9c   0x00000034   Code   RO         5562    i.vListInsert       list.o
    0x08005ed0   0x08005ed0   0x00000018   Code   RO         5563    i.vListInsertEnd    list.o
    0x08005ee8   0x08005ee8   0x00000080   Code   RO         6237    i.vPortEnterCritical  port.o
    0x08005f68   0x08005f68   0x00000068   Code   RO         6238    i.vPortExitCritical  port.o
    0x08005fd0   0x08005fd0   0x000000bc   Code   RO         6314    i.vPortFree         heap_4.o
    0x0800608c   0x0800608c   0x00000028   Code   RO         6239    i.vPortSetupTimerInterrupt  port.o
    0x080060b4   0x080060b4   0x00000070   Code   RO         5921    i.vTaskDelay        tasks.o
    0x08006124   0x08006124   0x00000108   Code   RO         5922    i.vTaskDelete       tasks.o
    0x0800622c   0x0800622c   0x000000cc   Code   RO         5933    i.vTaskStartScheduler  tasks.o
    0x080062f8   0x080062f8   0x00000010   Code   RO         5935    i.vTaskSuspendAll   tasks.o
    0x08006308   0x08006308   0x000000a0   Code   RO         5936    i.vTaskSwitchContext  tasks.o
    0x080063a8   0x080063a8   0x00000134   Code   RO         6241    i.xPortStartScheduler  port.o
    0x080064dc   0x080064dc   0x00000034   Code   RO         6242    i.xPortSysTickHandler  port.o
    0x08006510   0x08006510   0x00000064   Code   RO         5939    i.xTaskCreate       tasks.o
    0x08006574   0x08006574   0x000000b4   Code   RO         5940    i.xTaskCreateStatic  tasks.o
    0x08006628   0x08006628   0x0000015c   Code   RO         5950    i.xTaskIncrementTick  tasks.o
    0x08006784   0x08006784   0x00000118   Code   RO         5952    i.xTaskResumeAll    tasks.o
    0x0800689c   0x0800689c   0x0000002c   Code   RO         6890    locale$$code        c_w.l(lc_ctype_c.o)
    0x080068c8   0x080068c8   0x000000c4   Code   RO         6617    x$fpl$fadd          fz_ws.l(faddsub_clz.o)
    0x0800698c   0x0800698c   0x00000036   Code   RO         6629    x$fpl$ffix          fz_ws.l(ffix.o)
    0x080069c2   0x080069c2   0x00000002   PAD
    0x080069c4   0x080069c4   0x00000030   Code   RO         6638    x$fpl$fflt          fz_ws.l(fflt_clz.o)
    0x080069f4   0x080069f4   0x00000026   Code   RO         6637    x$fpl$ffltu         fz_ws.l(fflt_clz.o)
    0x08006a1a   0x08006a1a   0x00000002   PAD
    0x08006a1c   0x08006a1c   0x00000102   Code   RO         6645    x$fpl$fmul          fz_ws.l(fmul.o)
    0x08006b1e   0x08006b1e   0x0000008c   Code   RO         6955    x$fpl$fnaninf       fz_ws.l(fnaninf.o)
    0x08006baa   0x08006baa   0x0000000a   Code   RO         6957    x$fpl$fretinf       fz_ws.l(fretinf.o)
    0x08006bb4   0x08006bb4   0x00000060   Code   RO         6959    x$fpl$frnd          fz_ws.l(frnd.o)
    0x08006c14   0x08006c14   0x000000ea   Code   RO         6619    x$fpl$fsub          fz_ws.l(faddsub_clz.o)
    0x08006cfe   0x08006cfe   0x00000000   Code   RO         6971    x$fpl$usenofp       fz_ws.l(usenofp.o)
    0x08006cfe   0x08006cfe   0x00000002   PAD
    0x08006d00   0x08006d00   0x00000014   Data   RO         2893    .constdata          ssd1306.o
    0x08006d14   0x08006d14   0x00000048   Data   RO         3104    .constdata          rh_gui.o
    0x08006d5c   0x08006d5c   0x00000540   Data   RO         4347    .constdata          rh_font_arialroundedbold.o
    0x0800729c   0x0800729c   0x00000024   Data   RO         4667    .constdata          rh_graphic.o
    0x080072c0   0x080072c0   0x00000020   Data   RO         7260    Region$$Table       anon$$obj.o
    0x080072e0   0x080072e0   0x00000110   Data   RO         6889    locale$$data        c_w.l(lc_ctype_c.o)


    Execution Region RW_IRAM1 (Exec base: 0x20000000, Load base: 0x080073f0, Size: 0x00004cb8, Max: 0x00005000, ABSOLUTE)

    Exec Addr    Load Addr    Size         Type   Attr      Idx    E Section Name        Object

    0x20000000   0x080073f0   0x00000004   Data   RW          108    .data               delay.o
    0x20000004   0x080073f4   0x00000014   Data   RW          729    .data               stm32f10x_rcc.o
    0x20000018   0x08007408   0x00000014   Data   RW         2846    .data               system_stm32f10x.o
    0x2000002c   0x0800741c   0x00000004   Data   RW         2952    .data               joystick.o
    0x20000030   0x08007420   0x0000001c   Data   RW         3105    .data               rh_gui.o
    0x2000004c   0x0800743c   0x0000001d   Data   RW         3629    .data               rh_font.o
    0x20000069   0x08007459   0x00000003   PAD
    0x2000006c   0x0800745c   0x0000002d   Data   RW         4668    .data               rh_graphic.o
    0x20000099   0x08007489   0x00000003   PAD
    0x2000009c   0x0800748c   0x00000040   Data   RW         5955    .data               tasks.o
    0x200000dc   0x080074cc   0x0000000c   Data   RW         6243    .data               port.o
    0x200000e8   0x080074d8   0x00000020   Data   RW         6320    .data               heap_4.o
    0x20000108        -       0x00000698   Zero   RW          138    .bss                main.o
    0x200007a0        -       0x00000419   Zero   RW         3103    .bss                rh_gui.o
    0x20000bb9   0x080074f8   0x00000003   PAD
    0x20000bbc        -       0x00000160   Zero   RW         3627    .bss                rh_font.o
    0x20000d1c        -       0x0000002c   Zero   RW         4666    .bss                rh_graphic.o
    0x20000d48        -       0x000002e4   Zero   RW         5954    .bss                tasks.o
    0x2000102c        -       0x00002000   Zero   RW         6319    .bss                heap_4.o
    0x2000302c        -       0x0000082c   Zero   RW         6379    .bss                rh_task.o
    0x20003858        -       0x00000060   Zero   RW         7027    .bss                c_w.l(libspace.o)
    0x200038b8        -       0x00001000   Zero   RW         2877    HEAP                startup_stm32f10x_hd.o
    0x200048b8        -       0x00000400   Zero   RW         2876    STACK               startup_stm32f10x_hd.o


==============================================================================

Image component sizes


      Code (inc. data)   RO Data    RW Data    ZI Data      Debug   Object Name

        60          6          0          0          0        848   beeper.o
         0          0          0          0          0         32   core_cm3.o
       136         12          0          4          0       1180   delay.o
         0          0          0          0          0       2480   event_groups.o
       814        168          0         32       8192       4762   heap_4.o
       430         28          0          4          0       4140   joystick.o
       100         12          0          0          0       1309   led.o
       148          0          0          0          0       3290   list.o
        68         10          0          0       1688      44113   main.o
       456        182          0          0          0       2469   misc.o
       922        280          0         12          0       9676   port.o
       328        128          0          0          0       2994   rh_data.o
      1952        246          0         29        352      17860   rh_font.o
         0          0       1344          0          0       4635   rh_font_arialroundedbold.o
      2220        348         36         45         44      12022   rh_graphic.o
      5438        172         72         28       1049      28125   rh_gui.o
        16          8          0          0          0       2403   rh_gui_api.o
       104          0          0          0          0       2233   rh_lib.o
       708        214          0          0       2092       5044   rh_task.o
       730         48         20          0          0       4814   ssd1306.o
        64         26        304          0       5120        872   startup_stm32f10x_hd.o
      1868        658          0          0          0       8605   stm32f10x_adc.o
      1176        206          0          0          0      13974   stm32f10x_dma.o
       620        204          0          0          0       2616   stm32f10x_exti.o
      1068        350          0          0          0       4370   stm32f10x_gpio.o
      1920        690          0          0          0       8263   stm32f10x_i2c.o
        48          0          0          0          0     241028   stm32f10x_it.o
       772        296          0         20          0       6159   stm32f10x_rcc.o
       328         28          0         20          0       2281   system_stm32f10x.o
      2576        600          0         64        740      35765   tasks.o

    ----------------------------------------------------------------------
     25090       4920       1808        264      19280     478362   Object Totals
         0          0         32          0          0          0   (incl. Generated)
        20          0          0          6          3          0   (incl. Padding)

    ----------------------------------------------------------------------

      Code (inc. data)   RO Data    RW Data    ZI Data      Debug   Library Member Name

         8          0          0          0          0         68   __main.o
         0          0          0          0          0          0   __rtentry.o
        12          0          0          0          0          0   __rtentry2.o
         6          0          0          0          0          0   __rtentry4.o
        52          8          0          0          0          0   __scatter.o
        26          0          0          0          0          0   __scatter_copy.o
        28          0          0          0          0          0   __scatter_zi.o
        16          0          0          0          0         68   aeabi_memset.o
        18          0          0          0          0         80   exit.o
         6          0          0          0          0        152   heapauxi.o
         0          0          0          0          0          0   indicate_semi.o
        44         10        272          0          0         76   lc_ctype_c.o
         2          0          0          0          0          0   libinit.o
        20          0          0          0          0          0   libinit2.o
         2          0          0          0          0          0   libshutdown.o
         2          0          0          0          0          0   libshutdown2.o
         8          4          0          0         96         68   libspace.o
        22          0          0          0          0         76   memset.o
        16          4          0          0          0         76   rt_ctype_table.o
         8          4          0          0          0         68   rt_locale_intlibspace.o
        68          0          0          0          0         68   rt_memclr.o
        78          0          0          0          0         80   rt_memclr_w.o
       138          0          0          0          0         68   rt_memcpy_v6.o
       100          0          0          0          0         80   rt_memcpy_w.o
       132          0          0          0          0         68   rt_memmove_v6.o
       122          0          0          0          0         80   rt_memmove_w.o
         2          0          0          0          0          0   rtexit.o
        10          0          0          0          0          0   rtexit2.o
       128          0          0          0          0         68   strcmpv7m.o
        62          0          0          0          0         76   strlen.o
        86          0          0          0          0         76   strncpy.o
        12          4          0          0          0         68   sys_exit.o
        74          0          0          0          0         80   sys_stackheap_outer.o
         2          0          0          0          0         68   use_no_semi.o
       430          8          0          0          0        168   faddsub_clz.o
        54          4          0          0          0         84   ffix.o
        86          0          0          0          0        136   fflt_clz.o
       258          4          0          0          0         84   fmul.o
       140          4          0          0          0         84   fnaninf.o
        10          0          0          0          0         68   fretinf.o
        96          4          0          0          0         76   frnd.o
         0          0          0          0          0          0   usenofp.o
       114          0          0          0          0         80   roundf.o

    ----------------------------------------------------------------------
      2510         58        272          0         96       2392   Library Totals
        12          0          0          0          0          0   (incl. Padding)

    ----------------------------------------------------------------------

      Code (inc. data)   RO Data    RW Data    ZI Data      Debug   Library Name

      1310         34        272          0         96       1612   c_w.l
      1074         24          0          0          0        700   fz_ws.l
       114          0          0          0          0         80   m_ws.l

    ----------------------------------------------------------------------
      2510         58        272          0         96       2392   Library Totals

    ----------------------------------------------------------------------

==============================================================================


      Code (inc. data)   RO Data    RW Data    ZI Data      Debug   

     27600       4978       2080        264      19376     471234   Grand Totals
     27600       4978       2080        264      19376     471234   ELF Image Totals
     27600       4978       2080        264          0          0   ROM Totals

==============================================================================

    Total RO  Size (Code + RO Data)                29680 (  28.98kB)
    Total RW  Size (RW Data + ZI Data)             19640 (  19.18kB)
    Total ROM Size (Code + RO Data + RW Data)      29944 (  29.24kB)

==============================================================================

